{"source_root": "V:\\___VAC\\__K\\__CODE\\_AI_STUFF_AGENTIC\\_SAIPEN", "materialized_root": "V:\\_TEMP_\\saipen-t1439-verified-fro6kgh0", "command": ["C:\\Users\\vac34\\AppData\\Local\\Programs\\Python\\Python311\\python.exe", "-B", "-m", "unittest", "-v", "tools.test_conformance_repair_boundary", "tools.test_t1412_conformance_truth", "tools.test_src085_conformance_disposition", "tools.test_validator_findings", "tools.test_remediation_self_consistency", "tools.test_continue_chain", "tools.test_source_quarantine_route", "tools.test_source_multiwork", "tools.test_debt_gate", "tools.test_protocol_registry"], "materialization": "current runtime manifest plus repository test resources; git fixture; no source substitutions", "removed_environment_names": []}
test_classifier_failure_is_unavailable_not_an_empty_complete_set (tools.test_conformance_repair_boundary.RealValidatorBoundaryTests.test_classifier_failure_is_unavailable_not_an_empty_complete_set) ... ok
test_real_source_and_flat_cli_preserve_findings_and_stop_the_loop (tools.test_conformance_repair_boundary.RealValidatorBoundaryTests.test_real_source_and_flat_cli_preserve_findings_and_stop_the_loop) ... ok
test_classified_credentials_are_redacted_in_receipt (tools.test_conformance_repair_boundary.RepairBoundaryTests.test_classified_credentials_are_redacted_in_receipt) ... ok
test_current_fail_without_registered_repair_has_terminal_diagnosis (tools.test_conformance_repair_boundary.RepairBoundaryTests.test_current_fail_without_registered_repair_has_terminal_diagnosis) ... ok
test_every_blocking_record_survives_duplicate_family_keys (tools.test_conformance_repair_boundary.RepairBoundaryTests.test_every_blocking_record_survives_duplicate_family_keys) ... ok
test_failure_after_completed_chain_keeps_its_refusal_and_diagnostic (tools.test_conformance_repair_boundary.RepairBoundaryTests.test_failure_after_completed_chain_keeps_its_refusal_and_diagnostic) ... ok
test_registered_repair_remains_executable_but_validate_is_not_a_repair (tools.test_conformance_repair_boundary.RepairBoundaryTests.test_registered_repair_remains_executable_but_validate_is_not_a_repair) ... ok
test_stale_fail_refreshes_instead_of_executing_its_old_repair (tools.test_conformance_repair_boundary.RepairBoundaryTests.test_stale_fail_refreshes_instead_of_executing_its_old_repair) ... ok
test_tampered_blocking_findings_cannot_be_current_evidence (tools.test_conformance_repair_boundary.RepairBoundaryTests.test_tampered_blocking_findings_cannot_be_current_evidence) ... ok
test_continue_crew_route_is_refused_and_the_named_remediation_clears_it (tools.test_t1412_conformance_truth.RouterConformanceGateTests.test_continue_crew_route_is_refused_and_the_named_remediation_clears_it)
The PRODUCTION continuation path, not just the Result wrapper. ... ok
test_named_remediation_is_executable_and_clears_the_refusal (tools.test_t1412_conformance_truth.RouterConformanceGateTests.test_named_remediation_is_executable_and_clears_the_refusal) ... ok
test_router_admits_only_current_pass (tools.test_t1412_conformance_truth.RouterConformanceGateTests.test_router_admits_only_current_pass) ... ok
test_human_status_prints_receipt_truth_not_the_legacy_pass (tools.test_t1412_conformance_truth.StatusSurfaceTests.test_human_status_prints_receipt_truth_not_the_legacy_pass) ... ok
test_status_matrix_json_and_human_agree_with_authority (tools.test_t1412_conformance_truth.StatusSurfaceTests.test_status_matrix_json_and_human_agree_with_authority) ... ok
test_moved_source_pass_never_certifies_the_new_source (tools.test_t1412_conformance_truth.ValidateSurfaceTests.test_moved_source_pass_never_certifies_the_new_source) ... ok
test_receipt_write_failure_cannot_return_valid (tools.test_t1412_conformance_truth.ValidateSurfaceTests.test_receipt_write_failure_cannot_return_valid) ... ok
test_structural_failure_refuses_before_the_validator_runs (tools.test_t1412_conformance_truth.ValidateSurfaceTests.test_structural_failure_refuses_before_the_validator_runs) ... ok
test_validate_current_fail_is_non_green (tools.test_t1412_conformance_truth.ValidateSurfaceTests.test_validate_current_fail_is_non_green) ... ok
test_validate_refreshes_stale_fail_to_current_pass (tools.test_t1412_conformance_truth.ValidateSurfaceTests.test_validate_refreshes_stale_fail_to_current_pass) ... ok
test_the_closed_mapping (tools.test_src085_conformance_disposition.DispositionMappingTests.test_the_closed_mapping) ... ok
test_active_work_route_is_not_owned_by_the_idle_gate (tools.test_src085_conformance_disposition.IdleGateTests.test_active_work_route_is_not_owned_by_the_idle_gate) ... ok
test_clean_conformance_keeps_ordinary_continuation (tools.test_src085_conformance_disposition.IdleGateTests.test_clean_conformance_keeps_ordinary_continuation) ... ok
test_crew_route_still_uses_the_crew_gate (tools.test_src085_conformance_disposition.IdleGateTests.test_crew_route_still_uses_the_crew_gate) ... ok
test_current_fail_owns_the_idle_continuation (tools.test_src085_conformance_disposition.IdleGateTests.test_current_fail_owns_the_idle_continuation) ... ok
test_current_failure_does_not_recommend_another_idle_validation (tools.test_src085_conformance_disposition.IdleGateTests.test_current_failure_does_not_recommend_another_idle_validation) ... ok
test_unproven_is_not_a_stop (tools.test_src085_conformance_disposition.IdleGateTests.test_unproven_is_not_a_stop) ... ok
test_clean_conformance_keeps_continue_in_the_automation_block (tools.test_src085_conformance_disposition.StatusSurfaceTests.test_clean_conformance_keeps_continue_in_the_automation_block) ... ok
test_explain_next_agrees_with_status_and_next_on_a_red_gate (tools.test_src085_conformance_disposition.StatusSurfaceTests.test_explain_next_agrees_with_status_and_next_on_a_red_gate) ... ok
test_explain_next_keeps_a_healthy_route_executable (tools.test_src085_conformance_disposition.StatusSurfaceTests.test_explain_next_keeps_a_healthy_route_executable) ... ok
test_status_exposes_the_disposition_and_stops_advertising_continue (tools.test_src085_conformance_disposition.StatusSurfaceTests.test_status_exposes_the_disposition_and_stops_advertising_continue) ... ok
test_classifier_failure_never_publishes_partial_findings (tools.test_validator_findings.ValidatorFindingsTests.test_classifier_failure_never_publishes_partial_findings) ... ok
test_findings_json_side_artifact_matches_standard_counts (tools.test_validator_findings.ValidatorFindingsTests.test_findings_json_side_artifact_matches_standard_counts) ... ok
test_every_table_pattern_is_exercised (tools.test_remediation_self_consistency.EmittedLiteralScanTests.test_every_table_pattern_is_exercised) ... ok
test_validate_py_delegates_to_the_closed_table (tools.test_remediation_self_consistency.EmittedLiteralScanTests.test_validate_py_delegates_to_the_closed_table) ... ok
test_01_table_is_closed_and_typed (tools.test_remediation_self_consistency.RemediationTableTests.test_01_table_is_closed_and_typed) ... ok
test_02_command_specs_resolve_in_registry_and_effects (tools.test_remediation_self_consistency.RemediationTableTests.test_02_command_specs_resolve_in_registry_and_effects) ... ok
test_03_no_internal_python_or_pseudocommands (tools.test_remediation_self_consistency.RemediationTableTests.test_03_no_internal_python_or_pseudocommands) ... ok
test_04_no_generic_validate_when_a_specific_repair_exists (tools.test_remediation_self_consistency.RemediationTableTests.test_04_no_generic_validate_when_a_specific_repair_exists) ... ok
test_05_external_records_are_not_commands (tools.test_remediation_self_consistency.RemediationTableTests.test_05_external_records_are_not_commands) ... ok
test_06_extraction_admits_only_table_shapes (tools.test_remediation_self_consistency.RemediationTableTests.test_06_extraction_admits_only_table_shapes) ... ok
test_07_unregistered_commands_are_refused (tools.test_remediation_self_consistency.RemediationTableTests.test_07_unregistered_commands_are_refused) ... ok
test_08_cli_dispatches_every_registered_command (tools.test_remediation_self_consistency.RemediationTableTests.test_08_cli_dispatches_every_registered_command)
Parser + registry + dispatch owner are mechanically proven. ... ok
test_09_closure_evidence_remediation_round_trip (tools.test_remediation_self_consistency.RemediationTableTests.test_09_closure_evidence_remediation_round_trip)
Emit -> parse -> registry -> effects -> dispatch -> execute -> green. ... ok
test_10_help_and_docs_name_every_remediation_command (tools.test_remediation_self_consistency.RemediationTableTests.test_10_help_and_docs_name_every_remediation_command)
M5 audit surface: help syntax and documentation agree. ... ok
test_budget_exhaustion_is_classified_not_silent (tools.test_continue_chain.ContinueChainTests.test_budget_exhaustion_is_classified_not_silent) ... ok
test_dry_run_projects_the_chain_and_writes_nothing (tools.test_continue_chain.ContinueChainTests.test_dry_run_projects_the_chain_and_writes_nothing) ... ok
test_fixed_point_stops_bounded (tools.test_continue_chain.ContinueChainTests.test_fixed_point_stops_bounded) ... ok
test_next_stays_a_pure_projection (tools.test_continue_chain.ContinueChainTests.test_next_stays_a_pure_projection) ... ok
test_one_cc_drives_the_deterministic_chain_to_the_boundary (tools.test_continue_chain.ContinueChainTests.test_one_cc_drives_the_deterministic_chain_to_the_boundary) ... 
