{"source_root": "V:\\___VAC\\__K\\__CODE\\_AI_STUFF_AGENTIC\\_SAIPEN", "materialized_root": "V:\\_TEMP_\\saipen-t1439-verified-axdnr9mp", "command": ["C:\\Users\\vac34\\AppData\\Local\\Programs\\Python\\Python311\\python.exe", "-B", "-m", "unittest", "-v", "tools.test_t1412_conformance_truth", "tools.test_remediation_self_consistency", "tools.test_continue_chain", "tools.test_source_quarantine_route", "tools.test_source_multiwork", "tools.test_debt_gate"], "materialization": "current runtime manifest; git fixture; no source substitutions", "removed_environment_names": []}
test_continue_crew_route_is_refused_and_the_named_remediation_clears_it (tools.test_t1412_conformance_truth.RouterConformanceGateTests.test_continue_crew_route_is_refused_and_the_named_remediation_clears_it)
The PRODUCTION continuation path, not just the Result wrapper. ... ok
test_named_remediation_is_executable_and_clears_the_refusal (tools.test_t1412_conformance_truth.RouterConformanceGateTests.test_named_remediation_is_executable_and_clears_the_refusal) ... ok
test_router_admits_only_current_pass (tools.test_t1412_conformance_truth.RouterConformanceGateTests.test_router_admits_only_current_pass) ... ok
test_human_status_prints_receipt_truth_not_the_legacy_pass (tools.test_t1412_conformance_truth.StatusSurfaceTests.test_human_status_prints_receipt_truth_not_the_legacy_pass) ... ok
test_status_matrix_json_and_human_agree_with_authority (tools.test_t1412_conformance_truth.StatusSurfaceTests.test_status_matrix_json_and_human_agree_with_authority) ... ok
test_moved_source_pass_never_certifies_the_new_source (tools.test_t1412_conformance_truth.ValidateSurfaceTests.test_moved_source_pass_never_certifies_the_new_source) ... ok
test_receipt_write_failure_cannot_return_valid (tools.test_t1412_conformance_truth.ValidateSurfaceTests.test_receipt_write_failure_cannot_return_valid) ... ok
test_structural_failure_refuses_before_the_validator_runs (tools.test_t1412_conformance_truth.ValidateSurfaceTests.test_structural_failure_refuses_before_the_validator_runs) ... ok
test_validate_current_fail_is_non_green (tools.test_t1412_conformance_truth.ValidateSurfaceTests.test_validate_current_fail_is_non_green) ... ok
test_validate_refreshes_stale_fail_to_current_pass (tools.test_t1412_conformance_truth.ValidateSurfaceTests.test_validate_refreshes_stale_fail_to_current_pass) ... ok
test_every_table_pattern_is_exercised (tools.test_remediation_self_consistency.EmittedLiteralScanTests.test_every_table_pattern_is_exercised) ... ok
test_validate_py_delegates_to_the_closed_table (tools.test_remediation_self_consistency.EmittedLiteralScanTests.test_validate_py_delegates_to_the_closed_table) ... ok
test_01_table_is_closed_and_typed (tools.test_remediation_self_consistency.RemediationTableTests.test_01_table_is_closed_and_typed) ... ok
test_02_command_specs_resolve_in_registry_and_effects (tools.test_remediation_self_consistency.RemediationTableTests.test_02_command_specs_resolve_in_registry_and_effects) ... ok
test_03_no_internal_python_or_pseudocommands (tools.test_remediation_self_consistency.RemediationTableTests.test_03_no_internal_python_or_pseudocommands) ... ok
test_04_no_generic_validate_when_a_specific_repair_exists (tools.test_remediation_self_consistency.RemediationTableTests.test_04_no_generic_validate_when_a_specific_repair_exists) ... ok
test_05_external_records_are_not_commands (tools.test_remediation_self_consistency.RemediationTableTests.test_05_external_records_are_not_commands) ... ok
test_06_extraction_admits_only_table_shapes (tools.test_remediation_self_consistency.RemediationTableTests.test_06_extraction_admits_only_table_shapes) ... ok
test_07_unregistered_commands_are_refused (tools.test_remediation_self_consistency.RemediationTableTests.test_07_unregistered_commands_are_refused) ... ok
test_08_cli_dispatches_every_registered_command (tools.test_remediation_self_consistency.RemediationTableTests.test_08_cli_dispatches_every_registered_command)
Parser + registry + dispatch owner are mechanically proven. ... ERROR
test_09_closure_evidence_remediation_round_trip (tools.test_remediation_self_consistency.RemediationTableTests.test_09_closure_evidence_remediation_round_trip)
Emit -> parse -> registry -> effects -> dispatch -> execute -> green. ... ERROR
test_10_help_and_docs_name_every_remediation_command (tools.test_remediation_self_consistency.RemediationTableTests.test_10_help_and_docs_name_every_remediation_command)
M5 audit surface: help syntax and documentation agree. ... ok
test_budget_exhaustion_is_classified_not_silent (tools.test_continue_chain.ContinueChainTests.test_budget_exhaustion_is_classified_not_silent) ... ok
test_dry_run_projects_the_chain_and_writes_nothing (tools.test_continue_chain.ContinueChainTests.test_dry_run_projects_the_chain_and_writes_nothing) ... ok
test_fixed_point_stops_bounded (tools.test_continue_chain.ContinueChainTests.test_fixed_point_stops_bounded) ... ok
test_next_stays_a_pure_projection (tools.test_continue_chain.ContinueChainTests.test_next_stays_a_pure_projection) ... ok
test_one_cc_drives_the_deterministic_chain_to_the_boundary (tools.test_continue_chain.ContinueChainTests.test_one_cc_drives_the_deterministic_chain_to_the_boundary) ... ok
test_trace_is_machine_readable_and_bounded (tools.test_continue_chain.ContinueChainTests.test_trace_is_machine_readable_and_bounded) ... ok
test_active_and_archived_refusals_emit_executable_lossless_repair (tools.test_source_quarantine_route.QuarantineRouteTests.test_active_and_archived_refusals_emit_executable_lossless_repair) ... ok
test_missing_distribution_record_never_accepts_historical_reference (tools.test_source_quarantine_route.QuarantineRouteTests.test_missing_distribution_record_never_accepts_historical_reference) ... ok
test_other_source_refusals_are_preserved_without_guessing_quarantine (tools.test_source_quarantine_route.QuarantineRouteTests.test_other_source_refusals_are_preserved_without_guessing_quarantine) ... ok
test_quarantine_does_not_clear_unfinished_coverage (tools.test_source_quarantine_route.QuarantineRouteTests.test_quarantine_does_not_clear_unfinished_coverage) ... ok
test_quarantine_overlay_never_accepts_arbitrary_archive_reference (tools.test_source_quarantine_route.QuarantineRouteTests.test_quarantine_overlay_never_accepts_arbitrary_archive_reference) ... ok
test_real_validator_receipt_carries_repair_and_turns_green_after_execution (tools.test_source_quarantine_route.QuarantineRouteTests.test_real_validator_receipt_carries_repair_and_turns_green_after_execution) ... ok
test_release_preflight_preserves_source_refusal_route_and_identity (tools.test_source_quarantine_route.QuarantineRouteTests.test_release_preflight_preserves_source_refusal_route_and_identity) ... ok
test_tampered_body_is_not_offered_quarantine_as_integrity_repair (tools.test_source_quarantine_route.QuarantineRouteTests.test_tampered_body_is_not_offered_quarantine_as_integrity_repair) ... ok
test_close_requires_every_live_member_done (tools.test_source_multiwork.MultiWorkLinkageTests.test_close_requires_every_live_member_done) ... ok
test_declared_nonmember_still_drifts_structurally (tools.test_source_multiwork.MultiWorkLinkageTests.test_declared_nonmember_still_drifts_structurally) ... ok
test_multi_work_membership_preserves_primary_and_gate (tools.test_source_multiwork.MultiWorkLinkageTests.test_multi_work_membership_preserves_primary_and_gate) ... ok
test_repeated_link_is_idempotent (tools.test_source_multiwork.MultiWorkLinkageTests.test_repeated_link_is_idempotent) ... ok
test_single_work_receipt_is_unchanged (tools.test_source_multiwork.MultiWorkLinkageTests.test_single_work_receipt_is_unchanged) ... ok
test_corrupted_snapshot_fails_closed (tools.test_debt_gate.DebtGateFixtureTests.test_corrupted_snapshot_fails_closed) ... ERROR
test_deleted_snapshot_cannot_create_pass (tools.test_debt_gate.DebtGateFixtureTests.test_deleted_snapshot_cannot_create_pass) ... ERROR
test_delta_requires_verification_evidence (tools.test_debt_gate.DebtGateFixtureTests.test_delta_requires_verification_evidence) ... ERROR
test_delta_resolves_and_reports_release_blocked (tools.test_debt_gate.DebtGateFixtureTests.test_delta_resolves_and_reports_release_blocked) ... ERROR
test_delta_without_any_baseline_refuses (tools.test_debt_gate.DebtGateFixtureTests.test_delta_without_any_baseline_refuses) ... ERROR
test_ruleset_change_refuses_comparison (tools.test_debt_gate.DebtGateFixtureTests.test_ruleset_change_refuses_comparison) ... ERROR
test_snapshot_from_another_project_refuses (tools.test_debt_gate.DebtGateFixtureTests.test_snapshot_from_another_project_refuses) ... ERROR
test_snapshot_is_immutable_project_bound_and_reused (tools.test_debt_gate.DebtGateFixtureTests.test_snapshot_is_immutable_project_bound_and_reused) ... ERROR
test_credential_finding_never_carries_message_content (tools.test_debt_gate.FindingsIdentityTests.test_credential_finding_never_carries_message_content) ... ok
test_identity_is_deterministic_and_order_free (tools.test_debt_gate.FindingsIdentityTests.test_identity_is_deterministic_and_order_free) ... ok
test_ruleset_fingerprint_covers_the_rule_table (tools.test_debt_gate.FindingsIdentityTests.test_ruleset_fingerprint_covers_the_rule_table) ... ok
test_semantic_change_changes_detail_but_not_key_shape (tools.test_debt_gate.FindingsIdentityTests.test_semantic_change_changes_detail_but_not_key_shape) ... ok
test_subject_extraction_prefers_semantic_ids_over_line_numbers (tools.test_debt_gate.FindingsIdentityTests.test_subject_extraction_prefers_semantic_ids_over_line_numbers) ... ok
test_unknown_message_is_global_and_never_carried (tools.test_debt_gate.FindingsIdentityTests.test_unknown_message_is_global_and_never_carried) ... ok
test_claim_boundary_must_exist (tools.test_debt_gate.LegacyBootstrapTests.test_claim_boundary_must_exist) ... ERROR
test_global_problem_refuses (tools.test_debt_gate.LegacyBootstrapTests.test_global_problem_refuses) ... ERROR
test_post_claim_subject_refuses (tools.test_debt_gate.LegacyBootstrapTests.test_post_claim_subject_refuses) ... ERROR
test_pre_claim_unrelated_subject_is_carried (tools.test_debt_gate.LegacyBootstrapTests.test_pre_claim_unrelated_subject_is_carried) ... ERROR
test_target_source_receipt_refuses (tools.test_debt_gate.LegacyBootstrapTests.test_target_source_receipt_refuses) ... ERROR
test_target_work_subject_refuses (tools.test_debt_gate.LegacyBootstrapTests.test_target_work_subject_refuses) ... ERROR
test_debt_feature_adds_no_ignore_path (tools.test_debt_gate.StrictGateInvariantTests.test_debt_feature_adds_no_ignore_path) ... ERROR
test_findings_json_side_artifact_matches_standard_counts (tools.test_debt_gate.StrictGateInvariantTests.test_findings_json_side_artifact_matches_standard_counts) ... ERROR
test_strict_core_stays_red_with_carried_debt (tools.test_debt_gate.StrictGateInvariantTests.test_strict_core_stays_red_with_carried_debt) ... ERROR
test_carried_unrelated_problem_passes_but_keeps_release_blocked (tools.test_debt_gate.WorkDeltaClassificationTests.test_carried_unrelated_problem_passes_but_keeps_release_blocked) ... ERROR
test_changed_unsafe_problem_blocks (tools.test_debt_gate.WorkDeltaClassificationTests.test_changed_unsafe_problem_blocks) ... ERROR
test_new_problem_blocks (tools.test_debt_gate.WorkDeltaClassificationTests.test_new_problem_blocks) ... ERROR
test_resolved_problem_is_reported (tools.test_debt_gate.WorkDeltaClassificationTests.test_resolved_problem_is_reported) ... ERROR
test_unattributed_global_problem_blocks_even_when_carried (tools.test_debt_gate.WorkDeltaClassificationTests.test_unattributed_global_problem_blocks_even_when_carried) ... ERROR
test_work_attribution_blocks (tools.test_debt_gate.WorkDeltaClassificationTests.test_work_attribution_blocks) ... ERROR
test_worsened_problem_blocks (tools.test_debt_gate.WorkDeltaClassificationTests.test_worsened_problem_blocks) ... ERROR

======================================================================
ERROR: test_08_cli_dispatches_every_registered_command (tools.test_remediation_self_consistency.RemediationTableTests.test_08_cli_dispatches_every_registered_command)
Parser + registry + dispatch owner are mechanically proven.
----------------------------------------------------------------------
Traceback (most recent call last):
  File "V:\_TEMP_\saipen-t1439-verified-axdnr9mp\tools\test_remediation_self_consistency.py", line 169, in test_08_cli_dispatches_every_registered_command
    root = _make_project(Path(tmp))
           ^^^^^^^^^^^^^^^^^^^^^^^^
  File "V:\_TEMP_\saipen-t1439-verified-axdnr9mp\tools\test_work_reverify_cli.py", line 44, in _make_project
    shutil.copytree(SCENARIO, root / ".saipen")
  File "C:\Users\vac34\AppData\Local\Programs\Python\Python311\Lib\shutil.py", line 571, in copytree
    with os.scandir(src) as itr:
         ^^^^^^^^^^^^^^^
FileNotFoundError: [WinError 3] The system cannot find the path specified: 'V:\\_TEMP_\\saipen-t1439-verified-axdnr9mp\\tests\\scenarios\\stale-state-reconciliation\\.saipen'

======================================================================
ERROR: test_09_closure_evidence_remediation_round_trip (tools.test_remediation_self_consistency.RemediationTableTests.test_09_closure_evidence_remediation_round_trip)
Emit -> parse -> registry -> effects -> dispatch -> execute -> green.
----------------------------------------------------------------------
Traceback (most recent call last):
  File "V:\_TEMP_\saipen-t1439-verified-axdnr9mp\tools\test_remediation_self_consistency.py", line 221, in test_09_closure_evidence_remediation_round_trip
    root = _make_project(Path(tmp))
           ^^^^^^^^^^^^^^^^^^^^^^^^
  File "V:\_TEMP_\saipen-t1439-verified-axdnr9mp\tools\test_work_reverify_cli.py", line 44, in _make_project
    shutil.copytree(SCENARIO, root / ".saipen")
  File "C:\Users\vac34\AppData\Local\Programs\Python\Python311\Lib\shutil.py", line 571, in copytree
    with os.scandir(src) as itr:
         ^^^^^^^^^^^^^^^
FileNotFoundError: [WinError 3] The system cannot find the path specified: 'V:\\_TEMP_\\saipen-t1439-verified-axdnr9mp\\tests\\scenarios\\stale-state-reconciliation\\.saipen'

======================================================================
ERROR: test_corrupted_snapshot_fails_closed (tools.test_debt_gate.DebtGateFixtureTests.test_corrupted_snapshot_fails_closed)
----------------------------------------------------------------------
Traceback (most recent call last):
  File "V:\_TEMP_\saipen-t1439-verified-axdnr9mp\tools\test_debt_gate.py", line 119, in setUp
    shutil.copytree(SCENARIO, self.root / ".saipen")
  File "C:\Users\vac34\AppData\Local\Programs\Python\Python311\Lib\shutil.py", line 571, in copytree
    with os.scandir(src) as itr:
         ^^^^^^^^^^^^^^^
FileNotFoundError: [WinError 3] The system cannot find the path specified: 'V:\\_TEMP_\\saipen-t1439-verified-axdnr9mp\\tests\\scenarios\\stale-state-reconciliation\\.saipen'

======================================================================
ERROR: test_deleted_snapshot_cannot_create_pass (tools.test_debt_gate.DebtGateFixtureTests.test_deleted_snapshot_cannot_create_pass)
----------------------------------------------------------------------
Traceback (most recent call last):
  File "V:\_TEMP_\saipen-t1439-verified-axdnr9mp\tools\test_debt_gate.py", line 119, in setUp
    shutil.copytree(SCENARIO, self.root / ".saipen")
  File "C:\Users\vac34\AppData\Local\Programs\Python\Python311\Lib\shutil.py", line 571, in copytree
    with os.scandir(src) as itr:
         ^^^^^^^^^^^^^^^
FileNotFoundError: [WinError 3] The system cannot find the path specified: 'V:\\_TEMP_\\saipen-t1439-verified-axdnr9mp\\tests\\scenarios\\stale-state-reconciliation\\.saipen'

======================================================================
ERROR: test_delta_requires_verification_evidence (tools.test_debt_gate.DebtGateFixtureTests.test_delta_requires_verification_evidence)
----------------------------------------------------------------------
Traceback (most recent call last):
  File "V:\_TEMP_\saipen-t1439-verified-axdnr9mp\tools\test_debt_gate.py", line 119, in setUp
    shutil.copytree(SCENARIO, self.root / ".saipen")
  File "C:\Users\vac34\AppData\Local\Programs\Python\Python311\Lib\shutil.py", line 571, in copytree
    with os.scandir(src) as itr:
         ^^^^^^^^^^^^^^^
FileNotFoundError: [WinError 3] The system cannot find the path specified: 'V:\\_TEMP_\\saipen-t1439-verified-axdnr9mp\\tests\\scenarios\\stale-state-reconciliation\\.saipen'

======================================================================
ERROR: test_delta_resolves_and_reports_release_blocked (tools.test_debt_gate.DebtGateFixtureTests.test_delta_resolves_and_reports_release_blocked)
----------------------------------------------------------------------
Traceback (most recent call last):
  File "V:\_TEMP_\saipen-t1439-verified-axdnr9mp\tools\test_debt_gate.py", line 119, in setUp
    shutil.copytree(SCENARIO, self.root / ".saipen")
  File "C:\Users\vac34\AppData\Local\Programs\Python\Python311\Lib\shutil.py", line 571, in copytree
    with os.scandir(src) as itr:
         ^^^^^^^^^^^^^^^
FileNotFoundError: [WinError 3] The system cannot find the path specified: 'V:\\_TEMP_\\saipen-t1439-verified-axdnr9mp\\tests\\scenarios\\stale-state-reconciliation\\.saipen'

======================================================================
ERROR: test_delta_without_any_baseline_refuses (tools.test_debt_gate.DebtGateFixtureTests.test_delta_without_any_baseline_refuses)
----------------------------------------------------------------------
Traceback (most recent call last):
  File "V:\_TEMP_\saipen-t1439-verified-axdnr9mp\tools\test_debt_gate.py", line 119, in setUp
    shutil.copytree(SCENARIO, self.root / ".saipen")
  File "C:\Users\vac34\AppData\Local\Programs\Python\Python311\Lib\shutil.py", line 571, in copytree
    with os.scandir(src) as itr:
         ^^^^^^^^^^^^^^^
FileNotFoundError: [WinError 3] The system cannot find the path specified: 'V:\\_TEMP_\\saipen-t1439-verified-axdnr9mp\\tests\\scenarios\\stale-state-reconciliation\\.saipen'

======================================================================
ERROR: test_ruleset_change_refuses_comparison (tools.test_debt_gate.DebtGateFixtureTests.test_ruleset_change_refuses_comparison)
----------------------------------------------------------------------
Traceback (most recent call last):
  File "V:\_TEMP_\saipen-t1439-verified-axdnr9mp\tools\test_debt_gate.py", line 119, in setUp
    shutil.copytree(SCENARIO, self.root / ".saipen")
  File "C:\Users\vac34\AppData\Local\Programs\Python\Python311\Lib\shutil.py", line 571, in copytree
    with os.scandir(src) as itr:
         ^^^^^^^^^^^^^^^
FileNotFoundError: [WinError 3] The system cannot find the path specified: 'V:\\_TEMP_\\saipen-t1439-verified-axdnr9mp\\tests\\scenarios\\stale-state-reconciliation\\.saipen'

======================================================================
ERROR: test_snapshot_from_another_project_refuses (tools.test_debt_gate.DebtGateFixtureTests.test_snapshot_from_another_project_refuses)
----------------------------------------------------------------------
Traceback (most recent call last):
  File "V:\_TEMP_\saipen-t1439-verified-axdnr9mp\tools\test_debt_gate.py", line 119, in setUp
    shutil.copytree(SCENARIO, self.root / ".saipen")
  File "C:\Users\vac34\AppData\Local\Programs\Python\Python311\Lib\shutil.py", line 571, in copytree
    with os.scandir(src) as itr:
         ^^^^^^^^^^^^^^^
FileNotFoundError: [WinError 3] The system cannot find the path specified: 'V:\\_TEMP_\\saipen-t1439-verified-axdnr9mp\\tests\\scenarios\\stale-state-reconciliation\\.saipen'

======================================================================
ERROR: test_snapshot_is_immutable_project_bound_and_reused (tools.test_debt_gate.DebtGateFixtureTests.test_snapshot_is_immutable_project_bound_and_reused)
----------------------------------------------------------------------
Traceback (most recent call last):
  File "V:\_TEMP_\saipen-t1439-verified-axdnr9mp\tools\test_debt_gate.py", line 119, in setUp
    shutil.copytree(SCENARIO, self.root / ".saipen")
  File "C:\Users\vac34\AppData\Local\Programs\Python\Python311\Lib\shutil.py", line 571, in copytree
    with os.scandir(src) as itr:
         ^^^^^^^^^^^^^^^
FileNotFoundError: [WinError 3] The system cannot find the path specified: 'V:\\_TEMP_\\saipen-t1439-verified-axdnr9mp\\tests\\scenarios\\stale-state-reconciliation\\.saipen'

======================================================================
ERROR: test_claim_boundary_must_exist (tools.test_debt_gate.LegacyBootstrapTests.test_claim_boundary_must_exist)
----------------------------------------------------------------------
Traceback (most recent call last):
  File "V:\_TEMP_\saipen-t1439-verified-axdnr9mp\tools\test_debt_gate.py", line 467, in setUp
    shutil.copytree(SCENARIO, self.root / ".saipen")
  File "C:\Users\vac34\AppData\Local\Programs\Python\Python311\Lib\shutil.py", line 571, in copytree
    with os.scandir(src) as itr:
         ^^^^^^^^^^^^^^^
FileNotFoundError: [WinError 3] The system cannot find the path specified: 'V:\\_TEMP_\\saipen-t1439-verified-axdnr9mp\\tests\\scenarios\\stale-state-reconciliation\\.saipen'

======================================================================
ERROR: test_global_problem_refuses (tools.test_debt_gate.LegacyBootstrapTests.test_global_problem_refuses)
----------------------------------------------------------------------
Traceback (most recent call last):
  File "V:\_TEMP_\saipen-t1439-verified-axdnr9mp\tools\test_debt_gate.py", line 467, in setUp
    shutil.copytree(SCENARIO, self.root / ".saipen")
  File "C:\Users\vac34\AppData\Local\Programs\Python\Python311\Lib\shutil.py", line 571, in copytree
    with os.scandir(src) as itr:
         ^^^^^^^^^^^^^^^
FileNotFoundError: [WinError 3] The system cannot find the path specified: 'V:\\_TEMP_\\saipen-t1439-verified-axdnr9mp\\tests\\scenarios\\stale-state-reconciliation\\.saipen'

======================================================================
ERROR: test_post_claim_subject_refuses (tools.test_debt_gate.LegacyBootstrapTests.test_post_claim_subject_refuses)
----------------------------------------------------------------------
Traceback (most recent call last):
  File "V:\_TEMP_\saipen-t1439-verified-axdnr9mp\tools\test_debt_gate.py", line 467, in setUp
    shutil.copytree(SCENARIO, self.root / ".saipen")
  File "C:\Users\vac34\AppData\Local\Programs\Python\Python311\Lib\shutil.py", line 571, in copytree
    with os.scandir(src) as itr:
         ^^^^^^^^^^^^^^^
FileNotFoundError: [WinError 3] The system cannot find the path specified: 'V:\\_TEMP_\\saipen-t1439-verified-axdnr9mp\\tests\\scenarios\\stale-state-reconciliation\\.saipen'

======================================================================
ERROR: test_pre_claim_unrelated_subject_is_carried (tools.test_debt_gate.LegacyBootstrapTests.test_pre_claim_unrelated_subject_is_carried)
----------------------------------------------------------------------
Traceback (most recent call last):
  File "V:\_TEMP_\saipen-t1439-verified-axdnr9mp\tools\test_debt_gate.py", line 467, in setUp
    shutil.copytree(SCENARIO, self.root / ".saipen")
  File "C:\Users\vac34\AppData\Local\Programs\Python\Python311\Lib\shutil.py", line 571, in copytree
    with os.scandir(src) as itr:
         ^^^^^^^^^^^^^^^
FileNotFoundError: [WinError 3] The system cannot find the path specified: 'V:\\_TEMP_\\saipen-t1439-verified-axdnr9mp\\tests\\scenarios\\stale-state-reconciliation\\.saipen'

======================================================================
ERROR: test_target_source_receipt_refuses (tools.test_debt_gate.LegacyBootstrapTests.test_target_source_receipt_refuses)
----------------------------------------------------------------------
Traceback (most recent call last):
  File "V:\_TEMP_\saipen-t1439-verified-axdnr9mp\tools\test_debt_gate.py", line 467, in setUp
    shutil.copytree(SCENARIO, self.root / ".saipen")
  File "C:\Users\vac34\AppData\Local\Programs\Python\Python311\Lib\shutil.py", line 571, in copytree
    with os.scandir(src) as itr:
         ^^^^^^^^^^^^^^^
FileNotFoundError: [WinError 3] The system cannot find the path specified: 'V:\\_TEMP_\\saipen-t1439-verified-axdnr9mp\\tests\\scenarios\\stale-state-reconciliation\\.saipen'

======================================================================
ERROR: test_target_work_subject_refuses (tools.test_debt_gate.LegacyBootstrapTests.test_target_work_subject_refuses)
----------------------------------------------------------------------
Traceback (most recent call last):
  File "V:\_TEMP_\saipen-t1439-verified-axdnr9mp\tools\test_debt_gate.py", line 467, in setUp
    shutil.copytree(SCENARIO, self.root / ".saipen")
  File "C:\Users\vac34\AppData\Local\Programs\Python\Python311\Lib\shutil.py", line 571, in copytree
    with os.scandir(src) as itr:
         ^^^^^^^^^^^^^^^
FileNotFoundError: [WinError 3] The system cannot find the path specified: 'V:\\_TEMP_\\saipen-t1439-verified-axdnr9mp\\tests\\scenarios\\stale-state-reconciliation\\.saipen'

======================================================================
ERROR: test_debt_feature_adds_no_ignore_path (tools.test_debt_gate.StrictGateInvariantTests.test_debt_feature_adds_no_ignore_path)
----------------------------------------------------------------------
Traceback (most recent call last):
  File "V:\_TEMP_\saipen-t1439-verified-axdnr9mp\tools\test_debt_gate.py", line 586, in setUp
    shutil.copytree(SCENARIO, self.root / ".saipen")
  File "C:\Users\vac34\AppData\Local\Programs\Python\Python311\Lib\shutil.py", line 571, in copytree
    with os.scandir(src) as itr:
         ^^^^^^^^^^^^^^^
FileNotFoundError: [WinError 3] The system cannot find the path specified: 'V:\\_TEMP_\\saipen-t1439-verified-axdnr9mp\\tests\\scenarios\\stale-state-reconciliation\\.saipen'

======================================================================
ERROR: test_findings_json_side_artifact_matches_standard_counts (tools.test_debt_gate.StrictGateInvariantTests.test_findings_json_side_artifact_matches_standard_counts)
----------------------------------------------------------------------
Traceback (most recent call last):
  File "V:\_TEMP_\saipen-t1439-verified-axdnr9mp\tools\test_debt_gate.py", line 586, in setUp
    shutil.copytree(SCENARIO, self.root / ".saipen")
  File "C:\Users\vac34\AppData\Local\Programs\Python\Python311\Lib\shutil.py", line 571, in copytree
    with os.scandir(src) as itr:
         ^^^^^^^^^^^^^^^
FileNotFoundError: [WinError 3] The system cannot find the path specified: 'V:\\_TEMP_\\saipen-t1439-verified-axdnr9mp\\tests\\scenarios\\stale-state-reconciliation\\.saipen'

======================================================================
ERROR: test_strict_core_stays_red_with_carried_debt (tools.test_debt_gate.StrictGateInvariantTests.test_strict_core_stays_red_with_carried_debt)
----------------------------------------------------------------------
Traceback (most recent call last):
  File "V:\_TEMP_\saipen-t1439-verified-axdnr9mp\tools\test_debt_gate.py", line 586, in setUp
    shutil.copytree(SCENARIO, self.root / ".saipen")
  File "C:\Users\vac34\AppData\Local\Programs\Python\Python311\Lib\shutil.py", line 571, in copytree
    with os.scandir(src) as itr:
         ^^^^^^^^^^^^^^^
FileNotFoundError: [WinError 3] The system cannot find the path specified: 'V:\\_TEMP_\\saipen-t1439-verified-axdnr9mp\\tests\\scenarios\\stale-state-reconciliation\\.saipen'

======================================================================
ERROR: test_carried_unrelated_problem_passes_but_keeps_release_blocked (tools.test_debt_gate.WorkDeltaClassificationTests.test_carried_unrelated_problem_passes_but_keeps_release_blocked)
----------------------------------------------------------------------
Traceback (most recent call last):
  File "V:\_TEMP_\saipen-t1439-verified-axdnr9mp\tools\test_debt_gate.py", line 306, in setUp
    shutil.copytree(SCENARIO, self.root / ".saipen")
  File "C:\Users\vac34\AppData\Local\Programs\Python\Python311\Lib\shutil.py", line 571, in copytree
    with os.scandir(src) as itr:
         ^^^^^^^^^^^^^^^
FileNotFoundError: [WinError 3] The system cannot find the path specified: 'V:\\_TEMP_\\saipen-t1439-verified-axdnr9mp\\tests\\scenarios\\stale-state-reconciliation\\.saipen'

======================================================================
ERROR: test_changed_unsafe_problem_blocks (tools.test_debt_gate.WorkDeltaClassificationTests.test_changed_unsafe_problem_blocks)
----------------------------------------------------------------------
Traceback (most recent call last):
  File "V:\_TEMP_\saipen-t1439-verified-axdnr9mp\tools\test_debt_gate.py", line 306, in setUp
    shutil.copytree(SCENARIO, self.root / ".saipen")
  File "C:\Users\vac34\AppData\Local\Programs\Python\Python311\Lib\shutil.py", line 571, in copytree
    with os.scandir(src) as itr:
         ^^^^^^^^^^^^^^^
FileNotFoundError: [WinError 3] The system cannot find the path specified: 'V:\\_TEMP_\\saipen-t1439-verified-axdnr9mp\\tests\\scenarios\\stale-state-reconciliation\\.saipen'

======================================================================
ERROR: test_new_problem_blocks (tools.test_debt_gate.WorkDeltaClassificationTests.test_new_problem_blocks)
----------------------------------------------------------------------
Traceback (most recent call last):
  File "V:\_TEMP_\saipen-t1439-verified-axdnr9mp\tools\test_debt_gate.py", line 306, in setUp
    shutil.copytree(SCENARIO, self.root / ".saipen")
  File "C:\Users\vac34\AppData\Local\Programs\Python\Python311\Lib\shutil.py", line 571, in copytree
    with os.scandir(src) as itr:
         ^^^^^^^^^^^^^^^
FileNotFoundError: [WinError 3] The system cannot find the path specified: 'V:\\_TEMP_\\saipen-t1439-verified-axdnr9mp\\tests\\scenarios\\stale-state-reconciliation\\.saipen'

======================================================================
ERROR: test_resolved_problem_is_reported (tools.test_debt_gate.WorkDeltaClassificationTests.test_resolved_problem_is_reported)
----------------------------------------------------------------------
Traceback (most recent call last):
  File "V:\_TEMP_\saipen-t1439-verified-axdnr9mp\tools\test_debt_gate.py", line 306, in setUp
    shutil.copytree(SCENARIO, self.root / ".saipen")
  File "C:\Users\vac34\AppData\Local\Programs\Python\Python311\Lib\shutil.py", line 571, in copytree
    with os.scandir(src) as itr:
         ^^^^^^^^^^^^^^^
FileNotFoundError: [WinError 3] The system cannot find the path specified: 'V:\\_TEMP_\\saipen-t1439-verified-axdnr9mp\\tests\\scenarios\\stale-state-reconciliation\\.saipen'

======================================================================
ERROR: test_unattributed_global_problem_blocks_even_when_carried (tools.test_debt_gate.WorkDeltaClassificationTests.test_unattributed_global_problem_blocks_even_when_carried)
----------------------------------------------------------------------
Traceback (most recent call last):
  File "V:\_TEMP_\saipen-t1439-verified-axdnr9mp\tools\test_debt_gate.py", line 306, in setUp
    shutil.copytree(SCENARIO, self.root / ".saipen")
  File "C:\Users\vac34\AppData\Local\Programs\Python\Python311\Lib\shutil.py", line 571, in copytree
    with os.scandir(src) as itr:
         ^^^^^^^^^^^^^^^
FileNotFoundError: [WinError 3] The system cannot find the path specified: 'V:\\_TEMP_\\saipen-t1439-verified-axdnr9mp\\tests\\scenarios\\stale-state-reconciliation\\.saipen'

======================================================================
ERROR: test_work_attribution_blocks (tools.test_debt_gate.WorkDeltaClassificationTests.test_work_attribution_blocks)
----------------------------------------------------------------------
Traceback (most recent call last):
  File "V:\_TEMP_\saipen-t1439-verified-axdnr9mp\tools\test_debt_gate.py", line 306, in setUp
    shutil.copytree(SCENARIO, self.root / ".saipen")
  File "C:\Users\vac34\AppData\Local\Programs\Python\Python311\Lib\shutil.py", line 571, in copytree
    with os.scandir(src) as itr:
         ^^^^^^^^^^^^^^^
FileNotFoundError: [WinError 3] The system cannot find the path specified: 'V:\\_TEMP_\\saipen-t1439-verified-axdnr9mp\\tests\\scenarios\\stale-state-reconciliation\\.saipen'

======================================================================
ERROR: test_worsened_problem_blocks (tools.test_debt_gate.WorkDeltaClassificationTests.test_worsened_problem_blocks)
----------------------------------------------------------------------
Traceback (most recent call last):
  File "V:\_TEMP_\saipen-t1439-verified-axdnr9mp\tools\test_debt_gate.py", line 306, in setUp
    shutil.copytree(SCENARIO, self.root / ".saipen")
  File "C:\Users\vac34\AppData\Local\Programs\Python\Python311\Lib\shutil.py", line 571, in copytree
    with os.scandir(src) as itr:
         ^^^^^^^^^^^^^^^
FileNotFoundError: [WinError 3] The system cannot find the path specified: 'V:\\_TEMP_\\saipen-t1439-verified-axdnr9mp\\tests\\scenarios\\stale-state-reconciliation\\.saipen'

----------------------------------------------------------------------
Ran 71 tests in 56.354s

FAILED (errors=26)
