worker 0: 10/116 floor cases
worker 1: 10/116 floor cases
worker 0: 20/116 floor cases
worker 1: 20/116 floor cases
worker 0: 30/116 floor cases
worker 1: 30/116 floor cases
worker 0: 40/116 floor cases
worker 1: 40/116 floor cases
worker 0: 50/116 floor cases
worker 1: 50/116 floor cases
worker 0: 60/116 floor cases
worker 1: 60/116 floor cases
worker 0: 70/116 floor cases
worker 1: 70/116 floor cases
worker 0: 80/116 floor cases
worker 1: 80/116 floor cases
worker 0: 90/116 floor cases
worker 1: 90/116 floor cases
worker 0: 100/116 floor cases
worker 1: 100/116 floor cases
worker 0: 110/116 floor cases
worker 1: 110/116 floor cases
[116/232] portable-floor cases complete
[232/232] portable-floor cases complete

cases applied: 232 of 232
  caught by both:                 13
  caught only by tools/validate:  219
  caught by neither (WARN-only):  0

PASS: the floor catches 13 of 232 (baseline 11). The other 219 need Python, which is why the floor no longer claims conformance in the canonical validator's words
