warning: in the working copy of '.saipen/BOARD.md', LF will be replaced by CRLF the next time Git touches it
warning: in the working copy of '.saipen/STATE.md', LF will be replaced by CRLF the next time Git touches it
warning: in the working copy of '.saipen/extensions/subs/PROTOCOL.md', LF will be replaced by CRLF the next time Git touches it
warning: in the working copy of '.saipen/extensions/subs/README.md', LF will be replaced by CRLF the next time Git touches it
warning: in the working copy of '.saipen/extensions/subs/crew.md', LF will be replaced by CRLF the next time Git touches it
warning: in the working copy of '.saipen/extensions/subs/saiwiki/BOARD.md', LF will be replaced by CRLF the next time Git touches it
warning: in the working copy of '.saipen/extensions/subs/saiwiki/LOG.md', LF will be replaced by CRLF the next time Git touches it
warning: in the working copy of '.saipen/saitranslate/kitchen/ar/README_AR.md', LF will be replaced by CRLF the next time Git touches it
warning: in the working copy of '.saipen/saitranslate/kitchen/bg/README_BG.md', LF will be replaced by CRLF the next time Git touches it
warning: in the working copy of '.saipen/saitranslate/kitchen/cs/README_CS.md', LF will be replaced by CRLF the next time Git touches it
warning: in the working copy of '.saipen/saitranslate/kitchen/da/README_DA.md', LF will be replaced by CRLF the next time Git touches it
warning: in the working copy of '.saipen/saitranslate/kitchen/de/README_DE.md', LF will be replaced by CRLF the next time Git touches it
warning: in the working copy of '.saipen/saitranslate/kitchen/ded/README_DED.md', LF will be replaced by CRLF the next time Git touches it
warning: in the working copy of '.saipen/saitranslate/kitchen/el/README_EL.md', LF will be replaced by CRLF the next time Git touches it
warning: in the working copy of '.saipen/saitranslate/kitchen/es/README_ES.md', LF will be replaced by CRLF the next time Git touches it
warning: in the working copy of '.saipen/saitranslate/kitchen/et/README_ET.md', LF will be replaced by CRLF the next time Git touches it
warning: in the working copy of '.saipen/saitranslate/kitchen/fi/README_FI.md', LF will be replaced by CRLF the next time Git touches it
warning: in the working copy of '.saipen/saitranslate/kitchen/fr/README_FR.md', LF will be replaced by CRLF the next time Git touches it
warning: in the working copy of '.saipen/saitranslate/kitchen/he/README_HE.md', LF will be replaced by CRLF the next time Git touches it
warning: in the working copy of '.saipen/saitranslate/kitchen/hi/README_HI.md', LF will be replaced by CRLF the next time Git touches it
warning: in the working copy of '.saipen/saitranslate/kitchen/hr/README_HR.md', LF will be replaced by CRLF the next time Git touches it
warning: in the working copy of '.saipen/saitranslate/kitchen/hu/README_HU.md', LF will be replaced by CRLF the next time Git touches it
warning: in the working copy of '.saipen/saitranslate/kitchen/id/README_ID.md', LF will be replaced by CRLF the next time Git touches it
warning: in the working copy of '.saipen/saitranslate/kitchen/it/README_IT.md', LF will be replaced by CRLF the next time Git touches it
warning: in the working copy of '.saipen/saitranslate/kitchen/ja/README_JA.md', LF will be replaced by CRLF the next time Git touches it
warning: in the working copy of '.saipen/saitranslate/kitchen/ko/README_KO.md', LF will be replaced by CRLF the next time Git touches it
warning: in the working copy of '.saipen/saitranslate/kitchen/nl/README_NL.md', LF will be replaced by CRLF the next time Git touches it
warning: in the working copy of '.saipen/saitranslate/kitchen/no/README_NO.md', LF will be replaced by CRLF the next time Git touches it
warning: in the working copy of '.saipen/saitranslate/kitchen/pl/README_PL.md', LF will be replaced by CRLF the next time Git touches it
warning: in the working copy of '.saipen/saitranslate/kitchen/pt/README_PT.md', LF will be replaced by CRLF the next time Git touches it
warning: in the working copy of '.saipen/saitranslate/kitchen/ro/README_RO.md', LF will be replaced by CRLF the next time Git touches it
warning: in the working copy of '.saipen/saitranslate/kitchen/ru/README_RU.md', LF will be replaced by CRLF the next time Git touches it
warning: in the working copy of '.saipen/saitranslate/kitchen/sk/README_SK.md', LF will be replaced by CRLF the next time Git touches it
warning: in the working copy of '.saipen/saitranslate/kitchen/sv/README_SV.md', LF will be replaced by CRLF the next time Git touches it
warning: in the working copy of '.saipen/saitranslate/kitchen/th/README_TH.md', LF will be replaced by CRLF the next time Git touches it
warning: in the working copy of '.saipen/saitranslate/kitchen/tr/README_TR.md', LF will be replaced by CRLF the next time Git touches it
warning: in the working copy of '.saipen/saitranslate/kitchen/uk/README_UK.md', LF will be replaced by CRLF the next time Git touches it
warning: in the working copy of '.saipen/saitranslate/kitchen/vi/README_VI.md', LF will be replaced by CRLF the next time Git touches it
warning: in the working copy of '.saipen/saitranslate/kitchen/zh/README_ZH.md', LF will be replaced by CRLF the next time Git touches it
warning: in the working copy of 'VERSION', LF will be replaced by CRLF the next time Git touches it
warning: in the working copy of 'tests/scenarios/stale-state-reconciliation/.saipen/recovery/conformance/index/core.json', LF will be replaced by CRLF the next time Git touches it
warning: in the working copy of 'tools/saipen.py', LF will be replaced by CRLF the next time Git touches it
warning: in the working copy of 'tools/saipen_engine/conformance.py', LF will be replaced by CRLF the next time Git touches it
warning: in the working copy of 'tools/saipen_engine/conformance_lineage.py', LF will be replaced by CRLF the next time Git touches it
warning: in the working copy of 'tools/saipen_engine/settled_projection.py', LF will be replaced by CRLF the next time Git touches it
warning: in the working copy of 'tools/test_settled_projection.py', LF will be replaced by CRLF the next time Git touches it
