python.exe : ........................................warning: in the working copy of '.saipen/IDENTITY.m
d', LF will be replaced by CRLF the next time Git touches it
At line:1 char:407
+ ... .disabled"; try { & python -m unittest discover -s tools 2>&1 | Out-F ...
+                       ~~~~~~~~~~~~~~~~~~~~~~~~~~~~~~~~~~~~~~~~~~~
    + CategoryInfo          : NotSpecified: (.................. Git touches it:String) [], RemoteExcept 
   ion
    + FullyQualifiedErrorId : NativeCommandError
 
warning: in the working copy of '.saipen/recovery/settled/.receipt-index.json', LF will be replaced by C
RLF the next time Git touches it
warning: in the working copy of '.saipen/recovery/settled/op-migrate-lineage/operation.json', LF will be
 replaced by CRLF the next time Git touches it
.warning: in the working copy of '.saipen/IDENTITY.md', LF will be replaced by CRLF the next time Git to
uches it
warning: in the working copy of '.saipen/recovery/settled/.receipt-index.json', LF will be replaced by C
RLF the next time Git touches it
warning: in the working copy of '.saipen/recovery/settled/op-migrate-lineage/operation.json', LF will be
 replaced by CRLF the next time Git touches it
...........................................warning: in the working copy of '.saipen/IDENTITY.md', LF wil
l be replaced by CRLF the next time Git touches it
warning: in the working copy of '.saipen/recovery/settled/.receipt-index.json', LF will be replaced by C
RLF the next time Git touches it
warning: in the working copy of '.saipen/recovery/settled/op-migrate-lineage/operation.json', LF will be
 replaced by CRLF the next time Git touches it
.warning: in the working copy of '.saipen/IDENTITY.md', LF will be replaced by CRLF the next time Git to
uches it
warning: in the working copy of '.saipen/recovery/settled/.receipt-index.json', LF will be replaced by C
RLF the next time Git touches it
warning: in the working copy of '.saipen/recovery/settled/op-migrate-lineage/operation.json', LF will be
 replaced by CRLF the next time Git touches it
........................................................................................................
........................................................................................................
........................................................................................................
........................................................................................................
............s...........................................................................warning: in the 
working copy of '.saipen/IDENTITY.md', LF will be replaced by CRLF the next time Git touches it
warning: in the working copy of '.saipen/recovery/settled/.receipt-index.json', LF will be replaced by C
RLF the next time Git touches it
warning: in the working copy of '.saipen/recovery/settled/op-migrate-lineage/operation.json', LF will be
 replaced by CRLF the next time Git touches it
....warning: in the working copy of '.saipen/IDENTITY.md', LF will be replaced by CRLF the next time Git
 touches it
warning: in the working copy of '.saipen/recovery/settled/.receipt-index.json', LF will be replaced by C
RLF the next time Git touches it
warning: in the working copy of '.saipen/recovery/settled/op-migrate-lineage/operation.json', LF will be
 replaced by CRLF the next time Git touches it
warning: in the working copy of '.saipen/IDENTITY.md', LF will be replaced by CRLF the next time Git tou
ches it
warning: in the working copy of '.saipen/recovery/settled/.receipt-index.json', LF will be replaced by C
RLF the next time Git touches it
warning: in the working copy of '.saipen/recovery/settled/op-migrate-lineage/operation.json', LF will be
 replaced by CRLF the next time Git touches it
warning: in the working copy of '.saipen/milestones/CP-001/manifest.json', LF will be replaced by CRLF t
he next time Git touches it
warning: in the working copy of '.saipen/milestones/current.json', LF will be replaced by CRLF the next 
time Git touches it
warning: in the working copy of '.saipen/recovery/settled/milestone-e69df52084102df6/operation.json', LF
 will be replaced by CRLF the next time Git touches it
...warning: in the working copy of '.saipen/IDENTITY.md', LF will be replaced by CRLF the next time Git 
touches it
warning: in the working copy of '.saipen/recovery/settled/.receipt-index.json', LF will be replaced by C
RLF the next time Git touches it
warning: in the working copy of '.saipen/recovery/settled/op-migrate-lineage/operation.json', LF will be
 replaced by CRLF the next time Git touches it
........................................................................................................
........................................................................................................
........................................................................................................
........................................................................................................
.s......................................................................................................
........................................................................................................
..............................................
----------------------------------------------------------------------
Ran 1266 tests in 616.126s

OK (skipped=2)
