E.............................................................................................................................................................................................................F..F..EFF.F
======================================================================
ERROR: test_core_audit_containment (unittest.loader._FailedTest.test_core_audit_containment)
----------------------------------------------------------------------
ImportError: Failed to import test module: test_core_audit_containment
Traceback (most recent call last):
  File "C:\Users\vac34\AppData\Local\Programs\Python\Python311\Lib\unittest\loader.py", line 162, in loadTestsFromName
    module = __import__(module_name)
             ^^^^^^^^^^^^^^^^^^^^^^^
  File "V:\___VAC\__K\__CODE\_AI_STUFF_AGENTIC\_SAIPEN\tools\test_core_audit_containment.py", line 21, in <module>
    from saipen_engine import liveness as L
ModuleNotFoundError: No module named 'saipen_engine'


======================================================================
ERROR: test_tampered_generation_manifest_refuses (tools.test_conformance_lineage.ConformanceLineageTests.test_tampered_generation_manifest_refuses)
----------------------------------------------------------------------
Traceback (most recent call last):
  File "V:\___VAC\__K\__CODE\_AI_STUFF_AGENTIC\_SAIPEN\tools\test_conformance_lineage.py", line 449, in test_tampered_generation_manifest_refuses
    document = json.loads(gen_path.read_text())
                          ^^^^^^^^^^^^^^^^^^^^
  File "C:\Users\vac34\AppData\Local\Programs\Python\Python311\Lib\pathlib.py", line 1058, in read_text
    with self.open(mode='r', encoding=encoding, errors=errors) as f:
         ^^^^^^^^^^^^^^^^^^^^^^^^^^^^^^^^^^^^^^^^^^^^^^^^^^^^^
  File "C:\Users\vac34\AppData\Local\Programs\Python\Python311\Lib\pathlib.py", line 1044, in open
    return io.open(self, mode, buffering, encoding, errors, newline)
           ^^^^^^^^^^^^^^^^^^^^^^^^^^^^^^^^^^^^^^^^^^^^^^^^^^^^^^^^^
FileNotFoundError: [Errno 2] No such file or directory: 'V:\\_TEMP_\\r011_wcn0mx8_\\.saipen\\recovery\\conformance\\index\\active-gen.json'

======================================================================
FAIL: test_direct_caller_without_token_refuses_bounded_advance (tools.test_conformance_lineage.ConformanceLineageTests.test_direct_caller_without_token_refuses_bounded_advance)
A direct caller lacking a trustworthy pre-append token never
----------------------------------------------------------------------
Traceback (most recent call last):
  File "V:\___VAC\__K\__CODE\_AI_STUFF_AGENTIC\_SAIPEN\tools\test_conformance_lineage.py", line 187, in test_direct_caller_without_token_refuses_bounded_advance
    self.assertFalse(advanced)
AssertionError: True is not false

======================================================================
FAIL: test_prior_token_mismatch_refuses_bounded_advance (tools.test_conformance_lineage.ConformanceLineageTests.test_prior_token_mismatch_refuses_bounded_advance)
A pre-append token that disagrees with the head (crash between
----------------------------------------------------------------------
Traceback (most recent call last):
  File "V:\___VAC\__K\__CODE\_AI_STUFF_AGENTIC\_SAIPEN\tools\test_conformance_lineage.py", line 166, in test_prior_token_mismatch_refuses_bounded_advance
    self.assertFalse(advanced)
AssertionError: True is not false

======================================================================
FAIL: test_tampered_locator_refuses (tools.test_conformance_lineage.ConformanceLineageTests.test_tampered_locator_refuses)
----------------------------------------------------------------------
Traceback (most recent call last):
  File "V:\___VAC\__K\__CODE\_AI_STUFF_AGENTIC\_SAIPEN\tools\test_conformance_lineage.py", line 443, in test_tampered_locator_refuses
    self.assertTrue(handled)
AssertionError: False is not true

======================================================================
FAIL: test_tampered_referenced_receipt_refuses_bounded_trust (tools.test_conformance_lineage.ConformanceLineageTests.test_tampered_referenced_receipt_refuses_bounded_trust)
----------------------------------------------------------------------
Traceback (most recent call last):
  File "V:\___VAC\__K\__CODE\_AI_STUFF_AGENTIC\_SAIPEN\tools\test_conformance_lineage.py", line 433, in test_tampered_referenced_receipt_refuses_bounded_trust
    self.assertTrue(handled)
AssertionError: False is not true

======================================================================
FAIL: test_update_receipt_index_creates_and_advances_v2 (tools.test_conformance_lineage.ConformanceLineageTests.test_update_receipt_index_creates_and_advances_v2)
----------------------------------------------------------------------
Traceback (most recent call last):
  File "V:\___VAC\__K\__CODE\_AI_STUFF_AGENTIC\_SAIPEN\tools\test_conformance_lineage.py", line 521, in test_update_receipt_index_creates_and_advances_v2
    self.assertTrue((self.root / CL.HEAD_REL.replace("/", "\\")).exists() or
AssertionError: False is not true

----------------------------------------------------------------------
Ran 217 tests in 433.565s

FAILED (failures=5, errors=2)
