test_adoption_does_not_hide_unrelated_invalid_state (test_sub_style_contract.WorkerStyleContractTests.test_adoption_does_not_hide_unrelated_invalid_state) ... 
  test_adoption_does_not_hide_unrelated_invalid_state (test_sub_style_contract.WorkerStyleContractTests.test_adoption_does_not_hide_unrelated_invalid_state) (dry_run=True) ... FAIL
  test_adoption_does_not_hide_unrelated_invalid_state (test_sub_style_contract.WorkerStyleContractTests.test_adoption_does_not_hide_unrelated_invalid_state) (dry_run=False) ... FAIL
test_adoption_repairs_stale_style_without_changing_work (test_sub_style_contract.WorkerStyleContractTests.test_adoption_repairs_stale_style_without_changing_work) ... FAIL
test_fresh_builtin_and_generic_workers_are_readable_and_current (test_sub_style_contract.WorkerStyleContractTests.test_fresh_builtin_and_generic_workers_are_readable_and_current) ... 
  test_fresh_builtin_and_generic_workers_are_readable_and_current (test_sub_style_contract.WorkerStyleContractTests.test_fresh_builtin_and_generic_workers_are_readable_and_current) (name='saihunt') ... FAIL
  test_fresh_builtin_and_generic_workers_are_readable_and_current (test_sub_style_contract.WorkerStyleContractTests.test_fresh_builtin_and_generic_workers_are_readable_and_current) (name='saitest') ... FAIL
  test_fresh_builtin_and_generic_workers_are_readable_and_current (test_sub_style_contract.WorkerStyleContractTests.test_fresh_builtin_and_generic_workers_are_readable_and_current) (name='saipython') ... FAIL
  test_fresh_builtin_and_generic_workers_are_readable_and_current (test_sub_style_contract.WorkerStyleContractTests.test_fresh_builtin_and_generic_workers_are_readable_and_current) (name='saiui') ... FAIL
  test_fresh_builtin_and_generic_workers_are_readable_and_current (test_sub_style_contract.WorkerStyleContractTests.test_fresh_builtin_and_generic_workers_are_readable_and_current) (name='saiwiki') ... FAIL
  test_fresh_builtin_and_generic_workers_are_readable_and_current (test_sub_style_contract.WorkerStyleContractTests.test_fresh_builtin_and_generic_workers_are_readable_and_current) (name='saicustom') ... FAIL
test_missing_style_authority_refuses_adoption_without_writes (test_sub_style_contract.WorkerStyleContractTests.test_missing_style_authority_refuses_adoption_without_writes) ... 
  test_missing_style_authority_refuses_adoption_without_writes (test_sub_style_contract.WorkerStyleContractTests.test_missing_style_authority_refuses_adoption_without_writes) (dry_run=True) ... FAIL
  test_missing_style_authority_refuses_adoption_without_writes (test_sub_style_contract.WorkerStyleContractTests.test_missing_style_authority_refuses_adoption_without_writes) (dry_run=False) ... FAIL
test_missing_style_authority_refuses_spawn_without_writes (test_sub_style_contract.WorkerStyleContractTests.test_missing_style_authority_refuses_spawn_without_writes) ... 
  test_missing_style_authority_refuses_spawn_without_writes (test_sub_style_contract.WorkerStyleContractTests.test_missing_style_authority_refuses_spawn_without_writes) (dry_run=True) ... FAIL
  test_missing_style_authority_refuses_spawn_without_writes (test_sub_style_contract.WorkerStyleContractTests.test_missing_style_authority_refuses_spawn_without_writes) (dry_run=False) ... FAIL
test_a_missing_applicable_instance_is_still_demanded (test_crew_applicability.RosterStageTests.test_a_missing_applicable_instance_is_still_demanded) ... ok
test_a_missing_non_applicable_instance_is_not_demanded (test_crew_applicability.RosterStageTests.test_a_missing_non_applicable_instance_is_not_demanded) ... ok
test_the_same_missing_instance_IS_demanded_once_a_ui_exists (test_crew_applicability.RosterStageTests.test_the_same_missing_instance_IS_demanded_once_a_ui_exists)
Positive control for SC-1: the roster skip is conditional, not gone. ... FAIL

======================================================================
FAIL: test_adoption_does_not_hide_unrelated_invalid_state (test_sub_style_contract.WorkerStyleContractTests.test_adoption_does_not_hide_unrelated_invalid_state) (dry_run=True)
----------------------------------------------------------------------
Traceback (most recent call last):
  File "V:\___VAC\__K\__CODE\_AI_STUFF_AGENTIC\_SAIPEN\tools\test_sub_style_contract.py", line 110, in test_adoption_does_not_hide_unrelated_invalid_state
AssertionError: True is not false : {
  "ok": true,
  "code": "SUB_ADOPT_PLAN",
  "op_id": null,
  "changed_files": [],
  "recovery_required": false,
  "name": "saihunt",
  "role_revision": "sha256:4edb04181cb07e0946afd06fbe711166fa9dcc403e56b52e9be3844f0a71b0a5",
  "dry_run": true,
  "would_result": "SUB_ADOPTED",
  "would_write": [
    ".saipen/extensions/subs/saihunt/STATE.md"
  ],
  "userperson_projection": {
    "role": "saihunt",
    "projection_policy": [
      "automation"
    ],
    "source_fingerprint": "ffaac79441f6e632",
    "preferences": [
      {
        "category": "Automation",
        "text": "Prefer automation that removes recurring manual repetition rather than automation created merely because automation is possible.",
        "id": "b9b80947ea47",
        "source": "global"
      },
      {
        "category": "Automation",
        "text": "Prefer unattended execution when the operation is sufficiently specified, bounded, recoverable, and safe.",
        "id": "b789a4487c35",
        "source": "global"
      },
      {
        "category": "Automation",
        "text": "Long-running automation should survive interruption, restart, transient failure, and temporary provider unavailability where practical.",
        "id": "4f59edf32a4a",
        "source": "global"
      },
      {
        "category": "Automation",
        "text": "Prefer resumable operations over restart-from-zero behavior.",
        "id": "bb3b64a3c1a2",
        "source": "global"
      },
      {
        "category": "Automation",
        "text": "Prefer persistent queue state over volatile in-memory-only queue state when losing work after restart would matter.",
        "id": "3771ed686ca6",
        "source": "global"
      },
      {
        "category": "Automation",
        "text": "Prefer idempotent operations so retries do not duplicate work or corrupt state.",
        "id": "8d474c157221",
        "source": "global"
      },
      {
        "category": "Automation",
        "text": "Explicitly distinguish queued, running, blocked, retrying, cancelled, failed, and completed states when those distinctions matter.",
        "id": "f34aa8086854",
        "source": "global"
      },
      {
        "category": "Automation",
        "text": "A retry mechanism should have bounded behavior, visible state, and a meaningful terminal failure rather than retrying forever.",
        "id": "5ab239eebb11",
        "source": "global"
      },
      {
        "category": "Automation",
        "text": "Prefer event-driven behavior over frequent polling when a reliable event mechanism exists.",
        "id": "9bc054ea3706",
        "source": "global"
      },
      {
        "category": "Automation",
        "text": "When polling is necessary, avoid unnecessarily aggressive intervals and redundant repeated work.",
        "id": "f064e3b74609",
        "source": "global"
      },
      {
        "category": "Automation",
        "text": "Do not silently swallow automation failures; preserve enough evidence to understand what failed and why.",
        "id": "01d9cdd8e114",
        "source": "global"
      },
      {
        "category": "Automation",
        "text": "Prefer automation whose actions can be inspected before or after execution.",
        "id": "de630400f35f",
        "source": "global"
      },
      {
        "category": "Automation",
        "text": "Preserve manually created user state and do not overwrite unrelated user changes.",
        "id": "c352751f1c4f",
        "source": "global"
      },
      {
        "category": "Automation",
        "text": "Avoid hidden background behavior that materially changes project state without an observable trace.",
        "id": "a2cff30110a9",
        "source": "global"
      },
      {
        "category": "Automation",
        "text": "Prefer machine-readable receipts or state markers for operations whose completion must later be proven.",
        "id": "d9f61d13716b",
        "source": "global"
      },
      {
        "category": "Automation",
        "text": "Queue processors should avoid duplicate execution after restart or retry.",
        "id": "4f25be1961fe",
        "source": "global"
      },
      {
        "category": "Automation",
        "text": "Cancellation should leave the system in a coherent recoverable state.",
        "id": "c62e4352c69b",
        "source": "global"
      },
      {
        "category": "Automation",
        "text": "A stuck worker should not permanently block unrelated queued work when safe isolation or recovery is possible.",
        "id": "71663d1e1f10",
        "source": "global"
      },
      {
        "category": "Automation",
        "text": "Prefer single-writer ownership for shared mutable state unless concurrent writers are explicitly coordinated.",
        "id": "24fd9caba668",
        "source": "global"
      },
      {
        "category": "Automation",
        "text": "Never infer successful completion merely because a process stopped producing visible errors.",
        "id": "1defb9ddfd4b",
        "source": "global"
      },
      {
        "category": "Automation",
        "text": "Detect false-ready and false-success states explicitly when they can cause unattended workflows to advance incorrectly.",
        "id": "6ed10c935cb5",
        "source": "global"
      }
    ],
    "active": true
  }
}

======================================================================
FAIL: test_adoption_does_not_hide_unrelated_invalid_state (test_sub_style_contract.WorkerStyleContractTests.test_adoption_does_not_hide_unrelated_invalid_state) (dry_run=False)
----------------------------------------------------------------------
Traceback (most recent call last):
  File "V:\___VAC\__K\__CODE\_AI_STUFF_AGENTIC\_SAIPEN\tools\test_sub_style_contract.py", line 110, in test_adoption_does_not_hide_unrelated_invalid_state
AssertionError: True is not false : {
  "ok": true,
  "code": "SUB_ADOPTED",
  "op_id": "sub-adopt-1ed5a5ed",
  "changed_files": [
    ".saipen/extensions/subs/saihunt/STATE.md"
  ],
  "recovery_required": false,
  "name": "saihunt",
  "role_revision": "sha256:4edb04181cb07e0946afd06fbe711166fa9dcc403e56b52e9be3844f0a71b0a5",
  "userperson_projection": {
    "role": "saihunt",
    "projection_policy": [
      "automation"
    ],
    "source_fingerprint": "ffaac79441f6e632",
    "preferences": [
      {
        "category": "Automation",
        "text": "Prefer automation that removes recurring manual repetition rather than automation created merely because automation is possible.",
        "id": "b9b80947ea47",
        "source": "global"
      },
      {
        "category": "Automation",
        "text": "Prefer unattended execution when the operation is sufficiently specified, bounded, recoverable, and safe.",
        "id": "b789a4487c35",
        "source": "global"
      },
      {
        "category": "Automation",
        "text": "Long-running automation should survive interruption, restart, transient failure, and temporary provider unavailability where practical.",
        "id": "4f59edf32a4a",
        "source": "global"
      },
      {
        "category": "Automation",
        "text": "Prefer resumable operations over restart-from-zero behavior.",
        "id": "bb3b64a3c1a2",
        "source": "global"
      },
      {
        "category": "Automation",
        "text": "Prefer persistent queue state over volatile in-memory-only queue state when losing work after restart would matter.",
        "id": "3771ed686ca6",
        "source": "global"
      },
      {
        "category": "Automation",
        "text": "Prefer idempotent operations so retries do not duplicate work or corrupt state.",
        "id": "8d474c157221",
        "source": "global"
      },
      {
        "category": "Automation",
        "text": "Explicitly distinguish queued, running, blocked, retrying, cancelled, failed, and completed states when those distinctions matter.",
        "id": "f34aa8086854",
        "source": "global"
      },
      {
        "category": "Automation",
        "text": "A retry mechanism should have bounded behavior, visible state, and a meaningful terminal failure rather than retrying forever.",
        "id": "5ab239eebb11",
        "source": "global"
      },
      {
        "category": "Automation",
        "text": "Prefer event-driven behavior over frequent polling when a reliable event mechanism exists.",
        "id": "9bc054ea3706",
        "source": "global"
      },
      {
        "category": "Automation",
        "text": "When polling is necessary, avoid unnecessarily aggressive intervals and redundant repeated work.",
        "id": "f064e3b74609",
        "source": "global"
      },
      {
        "category": "Automation",
        "text": "Do not silently swallow automation failures; preserve enough evidence to understand what failed and why.",
        "id": "01d9cdd8e114",
        "source": "global"
      },
      {
        "category": "Automation",
        "text": "Prefer automation whose actions can be inspected before or after execution.",
        "id": "de630400f35f",
        "source": "global"
      },
      {
        "category": "Automation",
        "text": "Preserve manually created user state and do not overwrite unrelated user changes.",
        "id": "c352751f1c4f",
        "source": "global"
      },
      {
        "category": "Automation",
        "text": "Avoid hidden background behavior that materially changes project state without an observable trace.",
        "id": "a2cff30110a9",
        "source": "global"
      },
      {
        "category": "Automation",
        "text": "Prefer machine-readable receipts or state markers for operations whose completion must later be proven.",
        "id": "d9f61d13716b",
        "source": "global"
      },
      {
        "category": "Automation",
        "text": "Queue processors should avoid duplicate execution after restart or retry.",
        "id": "4f25be1961fe",
        "source": "global"
      },
      {
        "category": "Automation",
        "text": "Cancellation should leave the system in a coherent recoverable state.",
        "id": "c62e4352c69b",
        "source": "global"
      },
      {
        "category": "Automation",
        "text": "A stuck worker should not permanently block unrelated queued work when safe isolation or recovery is possible.",
        "id": "71663d1e1f10",
        "source": "global"
      },
      {
        "category": "Automation",
        "text": "Prefer single-writer ownership for shared mutable state unless concurrent writers are explicitly coordinated.",
        "id": "24fd9caba668",
        "source": "global"
      },
      {
        "category": "Automation",
        "text": "Never infer successful completion merely because a process stopped producing visible errors.",
        "id": "1defb9ddfd4b",
        "source": "global"
      },
      {
        "category": "Automation",
        "text": "Detect false-ready and false-success states explicitly when they can cause unattended workflows to advance incorrectly.",
        "id": "6ed10c935cb5",
        "source": "global"
      }
    ],
    "active": true
  }
}

======================================================================
FAIL: test_adoption_repairs_stale_style_without_changing_work (test_sub_style_contract.WorkerStyleContractTests.test_adoption_repairs_stale_style_without_changing_work)
----------------------------------------------------------------------
Traceback (most recent call last):
  File "V:\___VAC\__K\__CODE\_AI_STUFF_AGENTIC\_SAIPEN\tools\test_sub_style_contract.py", line 73, in test_adoption_repairs_stale_style_without_changing_work
  File "V:\___VAC\__K\__CODE\_AI_STUFF_AGENTIC\_SAIPEN\tools\test_sub_style_contract.py", line 45, in _assert_current
AssertionError: "style_contract 'ded-deadbeef' does not match the installed STYLE.md marker 'ded-6b950e75' -- the agent that wrote this checkpoint did not read the current voice contract (RFC § 1.2)" is not None : style_contract 'ded-deadbeef' does not match the installed STYLE.md marker 'ded-6b950e75' -- the agent that wrote this checkpoint did not read the current voice contract (RFC § 1.2)

======================================================================
FAIL: test_fresh_builtin_and_generic_workers_are_readable_and_current (test_sub_style_contract.WorkerStyleContractTests.test_fresh_builtin_and_generic_workers_are_readable_and_current) (name='saihunt')
----------------------------------------------------------------------
Traceback (most recent call last):
  File "V:\___VAC\__K\__CODE\_AI_STUFF_AGENTIC\_SAIPEN\tools\test_sub_style_contract.py", line 58, in test_fresh_builtin_and_generic_workers_are_readable_and_current
  File "V:\___VAC\__K\__CODE\_AI_STUFF_AGENTIC\_SAIPEN\tools\test_sub_style_contract.py", line 45, in _assert_current
AssertionError: "style_contract 'ded-4ae736e4' does not match the installed STYLE.md marker 'ded-6b950e75' -- the agent that wrote this checkpoint did not read the current voice contract (RFC § 1.2)" is not None : style_contract 'ded-4ae736e4' does not match the installed STYLE.md marker 'ded-6b950e75' -- the agent that wrote this checkpoint did not read the current voice contract (RFC § 1.2)

======================================================================
FAIL: test_fresh_builtin_and_generic_workers_are_readable_and_current (test_sub_style_contract.WorkerStyleContractTests.test_fresh_builtin_and_generic_workers_are_readable_and_current) (name='saitest')
----------------------------------------------------------------------
Traceback (most recent call last):
  File "V:\___VAC\__K\__CODE\_AI_STUFF_AGENTIC\_SAIPEN\tools\test_sub_style_contract.py", line 58, in test_fresh_builtin_and_generic_workers_are_readable_and_current
  File "V:\___VAC\__K\__CODE\_AI_STUFF_AGENTIC\_SAIPEN\tools\test_sub_style_contract.py", line 45, in _assert_current
AssertionError: "style_contract 'ded-4ae736e4' does not match the installed STYLE.md marker 'ded-6b950e75' -- the agent that wrote this checkpoint did not read the current voice contract (RFC § 1.2)" is not None : style_contract 'ded-4ae736e4' does not match the installed STYLE.md marker 'ded-6b950e75' -- the agent that wrote this checkpoint did not read the current voice contract (RFC § 1.2)

======================================================================
FAIL: test_fresh_builtin_and_generic_workers_are_readable_and_current (test_sub_style_contract.WorkerStyleContractTests.test_fresh_builtin_and_generic_workers_are_readable_and_current) (name='saipython')
----------------------------------------------------------------------
Traceback (most recent call last):
  File "V:\___VAC\__K\__CODE\_AI_STUFF_AGENTIC\_SAIPEN\tools\test_sub_style_contract.py", line 58, in test_fresh_builtin_and_generic_workers_are_readable_and_current
  File "V:\___VAC\__K\__CODE\_AI_STUFF_AGENTIC\_SAIPEN\tools\test_sub_style_contract.py", line 45, in _assert_current
AssertionError: "style_contract 'ded-4ae736e4' does not match the installed STYLE.md marker 'ded-6b950e75' -- the agent that wrote this checkpoint did not read the current voice contract (RFC § 1.2)" is not None : style_contract 'ded-4ae736e4' does not match the installed STYLE.md marker 'ded-6b950e75' -- the agent that wrote this checkpoint did not read the current voice contract (RFC § 1.2)

======================================================================
FAIL: test_fresh_builtin_and_generic_workers_are_readable_and_current (test_sub_style_contract.WorkerStyleContractTests.test_fresh_builtin_and_generic_workers_are_readable_and_current) (name='saiui')
----------------------------------------------------------------------
Traceback (most recent call last):
  File "V:\___VAC\__K\__CODE\_AI_STUFF_AGENTIC\_SAIPEN\tools\test_sub_style_contract.py", line 58, in test_fresh_builtin_and_generic_workers_are_readable_and_current
  File "V:\___VAC\__K\__CODE\_AI_STUFF_AGENTIC\_SAIPEN\tools\test_sub_style_contract.py", line 45, in _assert_current
AssertionError: "style_contract 'ded-4ae736e4' does not match the installed STYLE.md marker 'ded-6b950e75' -- the agent that wrote this checkpoint did not read the current voice contract (RFC § 1.2)" is not None : style_contract 'ded-4ae736e4' does not match the installed STYLE.md marker 'ded-6b950e75' -- the agent that wrote this checkpoint did not read the current voice contract (RFC § 1.2)

======================================================================
FAIL: test_fresh_builtin_and_generic_workers_are_readable_and_current (test_sub_style_contract.WorkerStyleContractTests.test_fresh_builtin_and_generic_workers_are_readable_and_current) (name='saiwiki')
----------------------------------------------------------------------
Traceback (most recent call last):
  File "V:\___VAC\__K\__CODE\_AI_STUFF_AGENTIC\_SAIPEN\tools\test_sub_style_contract.py", line 58, in test_fresh_builtin_and_generic_workers_are_readable_and_current
  File "V:\___VAC\__K\__CODE\_AI_STUFF_AGENTIC\_SAIPEN\tools\test_sub_style_contract.py", line 45, in _assert_current
AssertionError: "style_contract 'ded-4ae736e4' does not match the installed STYLE.md marker 'ded-6b950e75' -- the agent that wrote this checkpoint did not read the current voice contract (RFC § 1.2)" is not None : style_contract 'ded-4ae736e4' does not match the installed STYLE.md marker 'ded-6b950e75' -- the agent that wrote this checkpoint did not read the current voice contract (RFC § 1.2)

======================================================================
FAIL: test_fresh_builtin_and_generic_workers_are_readable_and_current (test_sub_style_contract.WorkerStyleContractTests.test_fresh_builtin_and_generic_workers_are_readable_and_current) (name='saicustom')
----------------------------------------------------------------------
Traceback (most recent call last):
  File "V:\___VAC\__K\__CODE\_AI_STUFF_AGENTIC\_SAIPEN\tools\test_sub_style_contract.py", line 58, in test_fresh_builtin_and_generic_workers_are_readable_and_current
  File "V:\___VAC\__K\__CODE\_AI_STUFF_AGENTIC\_SAIPEN\tools\test_sub_style_contract.py", line 45, in _assert_current
AssertionError: "style_contract 'ded-4ae736e4' does not match the installed STYLE.md marker 'ded-6b950e75' -- the agent that wrote this checkpoint did not read the current voice contract (RFC § 1.2)" is not None : style_contract 'ded-4ae736e4' does not match the installed STYLE.md marker 'ded-6b950e75' -- the agent that wrote this checkpoint did not read the current voice contract (RFC § 1.2)

======================================================================
FAIL: test_missing_style_authority_refuses_adoption_without_writes (test_sub_style_contract.WorkerStyleContractTests.test_missing_style_authority_refuses_adoption_without_writes) (dry_run=True)
----------------------------------------------------------------------
Traceback (most recent call last):
  File "V:\___VAC\__K\__CODE\_AI_STUFF_AGENTIC\_SAIPEN\tools\test_sub_style_contract.py", line 95, in test_missing_style_authority_refuses_adoption_without_writes
AssertionError: True is not false : {
  "ok": true,
  "code": "SUB_ADOPT_PLAN",
  "op_id": null,
  "changed_files": [],
  "recovery_required": false,
  "name": "saihunt",
  "role_revision": "sha256:4edb04181cb07e0946afd06fbe711166fa9dcc403e56b52e9be3844f0a71b0a5",
  "dry_run": true,
  "would_result": "SUB_ADOPTED",
  "would_write": [
    ".saipen/extensions/subs/saihunt/STATE.md"
  ],
  "userperson_projection": {
    "role": "saihunt",
    "projection_policy": [
      "automation"
    ],
    "source_fingerprint": "ffaac79441f6e632",
    "preferences": [
      {
        "category": "Automation",
        "text": "Prefer automation that removes recurring manual repetition rather than automation created merely because automation is possible.",
        "id": "b9b80947ea47",
        "source": "global"
      },
      {
        "category": "Automation",
        "text": "Prefer unattended execution when the operation is sufficiently specified, bounded, recoverable, and safe.",
        "id": "b789a4487c35",
        "source": "global"
      },
      {
        "category": "Automation",
        "text": "Long-running automation should survive interruption, restart, transient failure, and temporary provider unavailability where practical.",
        "id": "4f59edf32a4a",
        "source": "global"
      },
      {
        "category": "Automation",
        "text": "Prefer resumable operations over restart-from-zero behavior.",
        "id": "bb3b64a3c1a2",
        "source": "global"
      },
      {
        "category": "Automation",
        "text": "Prefer persistent queue state over volatile in-memory-only queue state when losing work after restart would matter.",
        "id": "3771ed686ca6",
        "source": "global"
      },
      {
        "category": "Automation",
        "text": "Prefer idempotent operations so retries do not duplicate work or corrupt state.",
        "id": "8d474c157221",
        "source": "global"
      },
      {
        "category": "Automation",
        "text": "Explicitly distinguish queued, running, blocked, retrying, cancelled, failed, and completed states when those distinctions matter.",
        "id": "f34aa8086854",
        "source": "global"
      },
      {
        "category": "Automation",
        "text": "A retry mechanism should have bounded behavior, visible state, and a meaningful terminal failure rather than retrying forever.",
        "id": "5ab239eebb11",
        "source": "global"
      },
      {
        "category": "Automation",
        "text": "Prefer event-driven behavior over frequent polling when a reliable event mechanism exists.",
        "id": "9bc054ea3706",
        "source": "global"
      },
      {
        "category": "Automation",
        "text": "When polling is necessary, avoid unnecessarily aggressive intervals and redundant repeated work.",
        "id": "f064e3b74609",
        "source": "global"
      },
      {
        "category": "Automation",
        "text": "Do not silently swallow automation failures; preserve enough evidence to understand what failed and why.",
        "id": "01d9cdd8e114",
        "source": "global"
      },
      {
        "category": "Automation",
        "text": "Prefer automation whose actions can be inspected before or after execution.",
        "id": "de630400f35f",
        "source": "global"
      },
      {
        "category": "Automation",
        "text": "Preserve manually created user state and do not overwrite unrelated user changes.",
        "id": "c352751f1c4f",
        "source": "global"
      },
      {
        "category": "Automation",
        "text": "Avoid hidden background behavior that materially changes project state without an observable trace.",
        "id": "a2cff30110a9",
        "source": "global"
      },
      {
        "category": "Automation",
        "text": "Prefer machine-readable receipts or state markers for operations whose completion must later be proven.",
        "id": "d9f61d13716b",
        "source": "global"
      },
      {
        "category": "Automation",
        "text": "Queue processors should avoid duplicate execution after restart or retry.",
        "id": "4f25be1961fe",
        "source": "global"
      },
      {
        "category": "Automation",
        "text": "Cancellation should leave the system in a coherent recoverable state.",
        "id": "c62e4352c69b",
        "source": "global"
      },
      {
        "category": "Automation",
        "text": "A stuck worker should not permanently block unrelated queued work when safe isolation or recovery is possible.",
        "id": "71663d1e1f10",
        "source": "global"
      },
      {
        "category": "Automation",
        "text": "Prefer single-writer ownership for shared mutable state unless concurrent writers are explicitly coordinated.",
        "id": "24fd9caba668",
        "source": "global"
      },
      {
        "category": "Automation",
        "text": "Never infer successful completion merely because a process stopped producing visible errors.",
        "id": "1defb9ddfd4b",
        "source": "global"
      },
      {
        "category": "Automation",
        "text": "Detect false-ready and false-success states explicitly when they can cause unattended workflows to advance incorrectly.",
        "id": "6ed10c935cb5",
        "source": "global"
      }
    ],
    "active": true
  }
}

======================================================================
FAIL: test_missing_style_authority_refuses_adoption_without_writes (test_sub_style_contract.WorkerStyleContractTests.test_missing_style_authority_refuses_adoption_without_writes) (dry_run=False)
----------------------------------------------------------------------
Traceback (most recent call last):
  File "V:\___VAC\__K\__CODE\_AI_STUFF_AGENTIC\_SAIPEN\tools\test_sub_style_contract.py", line 95, in test_missing_style_authority_refuses_adoption_without_writes
AssertionError: True is not false : {
  "ok": true,
  "code": "SUB_ADOPTED",
  "op_id": "sub-adopt-0e8d180e",
  "changed_files": [
    ".saipen/extensions/subs/saihunt/STATE.md"
  ],
  "recovery_required": false,
  "name": "saihunt",
  "role_revision": "sha256:4edb04181cb07e0946afd06fbe711166fa9dcc403e56b52e9be3844f0a71b0a5",
  "userperson_projection": {
    "role": "saihunt",
    "projection_policy": [
      "automation"
    ],
    "source_fingerprint": "ffaac79441f6e632",
    "preferences": [
      {
        "category": "Automation",
        "text": "Prefer automation that removes recurring manual repetition rather than automation created merely because automation is possible.",
        "id": "b9b80947ea47",
        "source": "global"
      },
      {
        "category": "Automation",
        "text": "Prefer unattended execution when the operation is sufficiently specified, bounded, recoverable, and safe.",
        "id": "b789a4487c35",
        "source": "global"
      },
      {
        "category": "Automation",
        "text": "Long-running automation should survive interruption, restart, transient failure, and temporary provider unavailability where practical.",
        "id": "4f59edf32a4a",
        "source": "global"
      },
      {
        "category": "Automation",
        "text": "Prefer resumable operations over restart-from-zero behavior.",
        "id": "bb3b64a3c1a2",
        "source": "global"
      },
      {
        "category": "Automation",
        "text": "Prefer persistent queue state over volatile in-memory-only queue state when losing work after restart would matter.",
        "id": "3771ed686ca6",
        "source": "global"
      },
      {
        "category": "Automation",
        "text": "Prefer idempotent operations so retries do not duplicate work or corrupt state.",
        "id": "8d474c157221",
        "source": "global"
      },
      {
        "category": "Automation",
        "text": "Explicitly distinguish queued, running, blocked, retrying, cancelled, failed, and completed states when those distinctions matter.",
        "id": "f34aa8086854",
        "source": "global"
      },
      {
        "category": "Automation",
        "text": "A retry mechanism should have bounded behavior, visible state, and a meaningful terminal failure rather than retrying forever.",
        "id": "5ab239eebb11",
        "source": "global"
      },
      {
        "category": "Automation",
        "text": "Prefer event-driven behavior over frequent polling when a reliable event mechanism exists.",
        "id": "9bc054ea3706",
        "source": "global"
      },
      {
        "category": "Automation",
        "text": "When polling is necessary, avoid unnecessarily aggressive intervals and redundant repeated work.",
        "id": "f064e3b74609",
        "source": "global"
      },
      {
        "category": "Automation",
        "text": "Do not silently swallow automation failures; preserve enough evidence to understand what failed and why.",
        "id": "01d9cdd8e114",
        "source": "global"
      },
      {
        "category": "Automation",
        "text": "Prefer automation whose actions can be inspected before or after execution.",
        "id": "de630400f35f",
        "source": "global"
      },
      {
        "category": "Automation",
        "text": "Preserve manually created user state and do not overwrite unrelated user changes.",
        "id": "c352751f1c4f",
        "source": "global"
      },
      {
        "category": "Automation",
        "text": "Avoid hidden background behavior that materially changes project state without an observable trace.",
        "id": "a2cff30110a9",
        "source": "global"
      },
      {
        "category": "Automation",
        "text": "Prefer machine-readable receipts or state markers for operations whose completion must later be proven.",
        "id": "d9f61d13716b",
        "source": "global"
      },
      {
        "category": "Automation",
        "text": "Queue processors should avoid duplicate execution after restart or retry.",
        "id": "4f25be1961fe",
        "source": "global"
      },
      {
        "category": "Automation",
        "text": "Cancellation should leave the system in a coherent recoverable state.",
        "id": "c62e4352c69b",
        "source": "global"
      },
      {
        "category": "Automation",
        "text": "A stuck worker should not permanently block unrelated queued work when safe isolation or recovery is possible.",
        "id": "71663d1e1f10",
        "source": "global"
      },
      {
        "category": "Automation",
        "text": "Prefer single-writer ownership for shared mutable state unless concurrent writers are explicitly coordinated.",
        "id": "24fd9caba668",
        "source": "global"
      },
      {
        "category": "Automation",
        "text": "Never infer successful completion merely because a process stopped producing visible errors.",
        "id": "1defb9ddfd4b",
        "source": "global"
      },
      {
        "category": "Automation",
        "text": "Detect false-ready and false-success states explicitly when they can cause unattended workflows to advance incorrectly.",
        "id": "6ed10c935cb5",
        "source": "global"
      }
    ],
    "active": true
  }
}

======================================================================
FAIL: test_missing_style_authority_refuses_spawn_without_writes (test_sub_style_contract.WorkerStyleContractTests.test_missing_style_authority_refuses_spawn_without_writes) (dry_run=True)
----------------------------------------------------------------------
Traceback (most recent call last):
  File "V:\___VAC\__K\__CODE\_AI_STUFF_AGENTIC\_SAIPEN\tools\test_sub_style_contract.py", line 84, in test_missing_style_authority_refuses_spawn_without_writes
AssertionError: True is not false : {
  "ok": true,
  "code": "SUB_SPAWN_PLAN",
  "op_id": null,
  "changed_files": [],
  "recovery_required": false,
  "name": "saihunt",
  "path": ".saipen/extensions/subs/saihunt/",
  "bootstrap": true,
  "would_sync": true,
  "role_revision": "sha256:4edb04181cb07e0946afd06fbe711166fa9dcc403e56b52e9be3844f0a71b0a5",
  "dry_run": true,
  "would_result": "SPAWNED",
  "would_write": [
    ".saipen/extensions/subs/PROTOCOL.md",
    ".saipen/extensions/subs/README.md",
    ".saipen/extensions/subs/TEMPLATE/BOARD.md",
    ".saipen/extensions/subs/TEMPLATE/LOG.md",
    ".saipen/extensions/subs/TEMPLATE/STATE.md",
    ".saipen/extensions/subs/TEMPLATE/kitchen/OUTBOX.md",
    ".saipen/extensions/subs/crew.md",
    ".saipen/extensions/subs/saihunt.md",
    ".saipen/extensions/subs/saipython.md",
    ".saipen/extensions/subs/saitest.md",
    ".saipen/extensions/subs/saitranslate.md",
    ".saipen/extensions/subs/saiui.md",
    ".saipen/extensions/subs/saiwiki.md",
    ".saipen/extensions/subs/_shared/inbox.md",
    ".saipen/extensions/subs/saihunt/STATE.md",
    ".saipen/extensions/subs/saihunt/BOARD.md",
    ".saipen/extensions/subs/saihunt/LOG.md",
    ".saipen/extensions/subs/saihunt/kitchen/OUTBOX.md",
    ".saipen/extensions/subs/MANIFEST.md"
  ],
  "userperson_projection": {
    "role": "saihunt",
    "projection_policy": [
      "automation"
    ],
    "source_fingerprint": "ffaac79441f6e632",
    "preferences": [
      {
        "category": "Automation",
        "text": "Prefer automation that removes recurring manual repetition rather than automation created merely because automation is possible.",
        "id": "b9b80947ea47",
        "source": "global"
      },
      {
        "category": "Automation",
        "text": "Prefer unattended execution when the operation is sufficiently specified, bounded, recoverable, and safe.",
        "id": "b789a4487c35",
        "source": "global"
      },
      {
        "category": "Automation",
        "text": "Long-running automation should survive interruption, restart, transient failure, and temporary provider unavailability where practical.",
        "id": "4f59edf32a4a",
        "source": "global"
      },
      {
        "category": "Automation",
        "text": "Prefer resumable operations over restart-from-zero behavior.",
        "id": "bb3b64a3c1a2",
        "source": "global"
      },
      {
        "category": "Automation",
        "text": "Prefer persistent queue state over volatile in-memory-only queue state when losing work after restart would matter.",
        "id": "3771ed686ca6",
        "source": "global"
      },
      {
        "category": "Automation",
        "text": "Prefer idempotent operations so retries do not duplicate work or corrupt state.",
        "id": "8d474c157221",
        "source": "global"
      },
      {
        "category": "Automation",
        "text": "Explicitly distinguish queued, running, blocked, retrying, cancelled, failed, and completed states when those distinctions matter.",
        "id": "f34aa8086854",
        "source": "global"
      },
      {
        "category": "Automation",
        "text": "A retry mechanism should have bounded behavior, visible state, and a meaningful terminal failure rather than retrying forever.",
        "id": "5ab239eebb11",
        "source": "global"
      },
      {
        "category": "Automation",
        "text": "Prefer event-driven behavior over frequent polling when a reliable event mechanism exists.",
        "id": "9bc054ea3706",
        "source": "global"
      },
      {
        "category": "Automation",
        "text": "When polling is necessary, avoid unnecessarily aggressive intervals and redundant repeated work.",
        "id": "f064e3b74609",
        "source": "global"
      },
      {
        "category": "Automation",
        "text": "Do not silently swallow automation failures; preserve enough evidence to understand what failed and why.",
        "id": "01d9cdd8e114",
        "source": "global"
      },
      {
        "category": "Automation",
        "text": "Prefer automation whose actions can be inspected before or after execution.",
        "id": "de630400f35f",
        "source": "global"
      },
      {
        "category": "Automation",
        "text": "Preserve manually created user state and do not overwrite unrelated user changes.",
        "id": "c352751f1c4f",
        "source": "global"
      },
      {
        "category": "Automation",
        "text": "Avoid hidden background behavior that materially changes project state without an observable trace.",
        "id": "a2cff30110a9",
        "source": "global"
      },
      {
        "category": "Automation",
        "text": "Prefer machine-readable receipts or state markers for operations whose completion must later be proven.",
        "id": "d9f61d13716b",
        "source": "global"
      },
      {
        "category": "Automation",
        "text": "Queue processors should avoid duplicate execution after restart or retry.",
        "id": "4f25be1961fe",
        "source": "global"
      },
      {
        "category": "Automation",
        "text": "Cancellation should leave the system in a coherent recoverable state.",
        "id": "c62e4352c69b",
        "source": "global"
      },
      {
        "category": "Automation",
        "text": "A stuck worker should not permanently block unrelated queued work when safe isolation or recovery is possible.",
        "id": "71663d1e1f10",
        "source": "global"
      },
      {
        "category": "Automation",
        "text": "Prefer single-writer ownership for shared mutable state unless concurrent writers are explicitly coordinated.",
        "id": "24fd9caba668",
        "source": "global"
      },
      {
        "category": "Automation",
        "text": "Never infer successful completion merely because a process stopped producing visible errors.",
        "id": "1defb9ddfd4b",
        "source": "global"
      },
      {
        "category": "Automation",
        "text": "Detect false-ready and false-success states explicitly when they can cause unattended workflows to advance incorrectly.",
        "id": "6ed10c935cb5",
        "source": "global"
      }
    ],
    "active": true
  }
}

======================================================================
FAIL: test_missing_style_authority_refuses_spawn_without_writes (test_sub_style_contract.WorkerStyleContractTests.test_missing_style_authority_refuses_spawn_without_writes) (dry_run=False)
----------------------------------------------------------------------
Traceback (most recent call last):
  File "V:\___VAC\__K\__CODE\_AI_STUFF_AGENTIC\_SAIPEN\tools\test_sub_style_contract.py", line 84, in test_missing_style_authority_refuses_spawn_without_writes
AssertionError: True is not false : {
  "ok": true,
  "code": "SPAWNED",
  "op_id": "sub-spawn-d5315ba7",
  "changed_files": [
    ".saipen/extensions/subs/PROTOCOL.md",
    ".saipen/extensions/subs/README.md",
    ".saipen/extensions/subs/TEMPLATE/BOARD.md",
    ".saipen/extensions/subs/TEMPLATE/LOG.md",
    ".saipen/extensions/subs/TEMPLATE/STATE.md",
    ".saipen/extensions/subs/TEMPLATE/kitchen/OUTBOX.md",
    ".saipen/extensions/subs/crew.md",
    ".saipen/extensions/subs/saihunt.md",
    ".saipen/extensions/subs/saipython.md",
    ".saipen/extensions/subs/saitest.md",
    ".saipen/extensions/subs/saitranslate.md",
    ".saipen/extensions/subs/saiui.md",
    ".saipen/extensions/subs/saiwiki.md",
    ".saipen/extensions/subs/_shared/inbox.md",
    ".saipen/extensions/subs/saihunt/STATE.md",
    ".saipen/extensions/subs/saihunt/BOARD.md",
    ".saipen/extensions/subs/saihunt/LOG.md",
    ".saipen/extensions/subs/saihunt/kitchen/OUTBOX.md",
    ".saipen/extensions/subs/MANIFEST.md"
  ],
  "recovery_required": false,
  "name": "saihunt",
  "path": ".saipen/extensions/subs/saihunt/",
  "bootstrap": true,
  "sync_op_id": "sub-sync-d32cc888",
  "role_revision": "sha256:4edb04181cb07e0946afd06fbe711166fa9dcc403e56b52e9be3844f0a71b0a5",
  "userperson_projection": {
    "role": "saihunt",
    "projection_policy": [
      "automation"
    ],
    "source_fingerprint": "ffaac79441f6e632",
    "preferences": [
      {
        "category": "Automation",
        "text": "Prefer automation that removes recurring manual repetition rather than automation created merely because automation is possible.",
        "id": "b9b80947ea47",
        "source": "global"
      },
      {
        "category": "Automation",
        "text": "Prefer unattended execution when the operation is sufficiently specified, bounded, recoverable, and safe.",
        "id": "b789a4487c35",
        "source": "global"
      },
      {
        "category": "Automation",
        "text": "Long-running automation should survive interruption, restart, transient failure, and temporary provider unavailability where practical.",
        "id": "4f59edf32a4a",
        "source": "global"
      },
      {
        "category": "Automation",
        "text": "Prefer resumable operations over restart-from-zero behavior.",
        "id": "bb3b64a3c1a2",
        "source": "global"
      },
      {
        "category": "Automation",
        "text": "Prefer persistent queue state over volatile in-memory-only queue state when losing work after restart would matter.",
        "id": "3771ed686ca6",
        "source": "global"
      },
      {
        "category": "Automation",
        "text": "Prefer idempotent operations so retries do not duplicate work or corrupt state.",
        "id": "8d474c157221",
        "source": "global"
      },
      {
        "category": "Automation",
        "text": "Explicitly distinguish queued, running, blocked, retrying, cancelled, failed, and completed states when those distinctions matter.",
        "id": "f34aa8086854",
        "source": "global"
      },
      {
        "category": "Automation",
        "text": "A retry mechanism should have bounded behavior, visible state, and a meaningful terminal failure rather than retrying forever.",
        "id": "5ab239eebb11",
        "source": "global"
      },
      {
        "category": "Automation",
        "text": "Prefer event-driven behavior over frequent polling when a reliable event mechanism exists.",
        "id": "9bc054ea3706",
        "source": "global"
      },
      {
        "category": "Automation",
        "text": "When polling is necessary, avoid unnecessarily aggressive intervals and redundant repeated work.",
        "id": "f064e3b74609",
        "source": "global"
      },
      {
        "category": "Automation",
        "text": "Do not silently swallow automation failures; preserve enough evidence to understand what failed and why.",
        "id": "01d9cdd8e114",
        "source": "global"
      },
      {
        "category": "Automation",
        "text": "Prefer automation whose actions can be inspected before or after execution.",
        "id": "de630400f35f",
        "source": "global"
      },
      {
        "category": "Automation",
        "text": "Preserve manually created user state and do not overwrite unrelated user changes.",
        "id": "c352751f1c4f",
        "source": "global"
      },
      {
        "category": "Automation",
        "text": "Avoid hidden background behavior that materially changes project state without an observable trace.",
        "id": "a2cff30110a9",
        "source": "global"
      },
      {
        "category": "Automation",
        "text": "Prefer machine-readable receipts or state markers for operations whose completion must later be proven.",
        "id": "d9f61d13716b",
        "source": "global"
      },
      {
        "category": "Automation",
        "text": "Queue processors should avoid duplicate execution after restart or retry.",
        "id": "4f25be1961fe",
        "source": "global"
      },
      {
        "category": "Automation",
        "text": "Cancellation should leave the system in a coherent recoverable state.",
        "id": "c62e4352c69b",
        "source": "global"
      },
      {
        "category": "Automation",
        "text": "A stuck worker should not permanently block unrelated queued work when safe isolation or recovery is possible.",
        "id": "71663d1e1f10",
        "source": "global"
      },
      {
        "category": "Automation",
        "text": "Prefer single-writer ownership for shared mutable state unless concurrent writers are explicitly coordinated.",
        "id": "24fd9caba668",
        "source": "global"
      },
      {
        "category": "Automation",
        "text": "Never infer successful completion merely because a process stopped producing visible errors.",
        "id": "1defb9ddfd4b",
        "source": "global"
      },
      {
        "category": "Automation",
        "text": "Detect false-ready and false-success states explicitly when they can cause unattended workflows to advance incorrectly.",
        "id": "6ed10c935cb5",
        "source": "global"
      }
    ],
    "active": true
  }
}

======================================================================
FAIL: test_the_same_missing_instance_IS_demanded_once_a_ui_exists (test_crew_applicability.RosterStageTests.test_the_same_missing_instance_IS_demanded_once_a_ui_exists)
Positive control for SC-1: the roster skip is conditional, not gone.
----------------------------------------------------------------------
Traceback (most recent call last):
  File "V:\___VAC\__K\__CODE\_AI_STUFF_AGENTIC\_SAIPEN\tools\test_crew_applicability.py", line 335, in test_the_same_missing_instance_IS_demanded_once_a_ui_exists
    self.assertIn("saiui", stage["reason"] or "")
AssertionError: 'saiui' not found in 'stale role revision: saihunt'

----------------------------------------------------------------------
Ran 8 tests in 4.222s

FAILED (failures=14)
