test_candidate_then_verify_boundary_passes (test_audit_2026_08_23.Core002TicketAdmission.test_candidate_then_verify_boundary_passes) ... ok
test_later_interrupted_attempt_does_not_hide_candidate_obligation (test_audit_2026_08_23.Core002TicketAdmission.test_later_interrupted_attempt_does_not_hide_candidate_obligation) ... ok
test_no_candidate_attempt_has_no_obligation (test_audit_2026_08_23.Core002TicketAdmission.test_no_candidate_attempt_has_no_obligation) ... ok
test_predecessor_must_be_same_work (test_audit_2026_08_23.Core003WorkLocalSupersedes.test_predecessor_must_be_same_work) ... ok
test_no_open_attempt_no_pointer_is_valid (test_audit_2026_08_23.Core004BidirectionalPointer.test_no_open_attempt_no_pointer_is_valid) ... ok
test_open_attempt_with_matching_pointer_is_valid (test_audit_2026_08_23.Core004BidirectionalPointer.test_open_attempt_with_matching_pointer_is_valid) ... ok
test_open_attempt_without_pointer_is_invalid (test_audit_2026_08_23.Core004BidirectionalPointer.test_open_attempt_without_pointer_is_invalid) ... ok
test_close_agent_preserved (test_audit_2026_08_23.Core005ExactCloseReplay.test_close_agent_preserved) ... ok
test_malformed_state_returns_structured_failure (test_audit_2026_08_23.Core006BriefFailsClosed.test_malformed_state_returns_structured_failure) ... ok
test_missing_pointer_open_attempt_rejected (test_audit_2026_08_23.Core006BriefFailsClosed.test_missing_pointer_open_attempt_rejected) ... ok
test_fused_reader_reports_max_ticket_id (test_audit_2026_08_23.Perf001FusedMaxTicketId.test_fused_reader_reports_max_ticket_id) ... ok
test_builder_includes_untracked_non_ignored_files (test_audit_2026_08_23.W2_001DeliveryInventory.test_builder_includes_untracked_non_ignored_files) ... ok
test_attempt_on_t_none_is_invalid (test_audit_2026_08_23.W2_003TNoneRejected.test_attempt_on_t_none_is_invalid) ... ok
test_open_alone_on_t_none_is_invalid (test_audit_2026_08_23.W2_003TNoneRejected.test_open_alone_on_t_none_is_invalid) ... ok
test_collect_refuses_semantic_receipt_corruption_zero_write (test_external_audit_2026_08_21.ExternalAudit20260821.test_collect_refuses_semantic_receipt_corruption_zero_write) ... ok
test_manifest_marker_alone_is_not_collect_witness (test_external_audit_2026_08_21.ExternalAudit20260821.test_manifest_marker_alone_is_not_collect_witness) ... ok
test_memory_source_identity_failure_never_falls_back_to_whole_tree (test_external_audit_2026_08_21.ExternalAudit20260821.test_memory_source_identity_failure_never_falls_back_to_whole_tree) ... ok
test_perf_001_snapshot_ignores_100mb_scratch_but_binds_relevant_inputs (test_external_audit_2026_08_21.ExternalAudit20260821.test_perf_001_snapshot_ignores_100mb_scratch_but_binds_relevant_inputs) ... ok
test_perf_002_autonomous_final_and_defer_use_planning_snapshot (test_external_audit_2026_08_21.ExternalAudit20260821.test_perf_002_autonomous_final_and_defer_use_planning_snapshot) ... ok
test_perf_002_crew_apply_reuses_one_planning_snapshot (test_external_audit_2026_08_21.ExternalAudit20260821.test_perf_002_crew_apply_reuses_one_planning_snapshot) ... ok
test_perf_003_closing_digest_detects_corrupt_membership_race (test_external_audit_2026_08_21.ExternalAudit20260821.test_perf_003_closing_digest_detects_corrupt_membership_race) ... ok
test_perf_003_semantic_snapshot_reads_each_manifest_once (test_external_audit_2026_08_21.ExternalAudit20260821.test_perf_003_semantic_snapshot_reads_each_manifest_once) ... ok
test_quality_block_parked_done_binds_latest_phase_event_and_ticket (test_external_audit_2026_08_21.ExternalAudit20260821.test_quality_block_parked_done_binds_latest_phase_event_and_ticket) ... ok
test_quality_compaction_never_follows_settled_symlink (test_external_audit_2026_08_21.ExternalAudit20260821.test_quality_compaction_never_follows_settled_symlink) ... ok
test_quality_compaction_refuses_unsafe_queue_before_writes (test_external_audit_2026_08_21.ExternalAudit20260821.test_quality_compaction_refuses_unsafe_queue_before_writes) ... ok
test_quality_corrupt_journal_is_one_fail_closed_public_class (test_external_audit_2026_08_21.ExternalAudit20260821.test_quality_corrupt_journal_is_one_fail_closed_public_class) ... ok
test_quality_progress_sidecar_is_bound_into_semantic_cas (test_external_audit_2026_08_21.ExternalAudit20260821.test_quality_progress_sidecar_is_bound_into_semantic_cas) ... ok
test_verify_sub_collect_is_target_scoped (test_external_audit_2026_08_21.ExternalAudit20260821.test_verify_sub_collect_is_target_scoped) ... ok
test_w2_001_corrupt_newer_fail_never_resurrects_pass (test_external_audit_2026_08_21.ExternalAudit20260821.test_w2_001_corrupt_newer_fail_never_resurrects_pass) ... ok
test_w2_001_schema_version_decoder_is_total (test_external_audit_2026_08_21.ExternalAudit20260821.test_w2_001_schema_version_decoder_is_total) ... ok
test_w2_002_live_generation_requires_newer_takeover_before_cleanup (test_external_audit_2026_08_21.ExternalAudit20260821.test_w2_002_live_generation_requires_newer_takeover_before_cleanup) ... ok
test_w2_003_epoch_decoder_rejects_rollback_and_coercion_zero_namespace_write (test_external_audit_2026_08_21.ExternalAudit20260821.test_w2_003_epoch_decoder_rejects_rollback_and_coercion_zero_namespace_write) ... ok
test_w2_004_dead_home_and_malformed_identity_are_zero_write (test_external_audit_2026_08_21.ExternalAudit20260821.test_w2_004_dead_home_and_malformed_identity_are_zero_write) ... ok
test_w2_004_invalid_core_state_blocks_prepare_before_first_write (test_external_audit_2026_08_21.ExternalAudit20260821.test_w2_004_invalid_core_state_blocks_prepare_before_first_write) ... ok
test_w2_005_all_read_routes_share_active_checkpoint_encoding_law (test_external_audit_2026_08_21.ExternalAudit20260821.test_w2_005_all_read_routes_share_active_checkpoint_encoding_law) ... ok

----------------------------------------------------------------------
Ran 35 tests in 1.769s

OK
