test_ci_invokes_the_bare_full_sweep (tools.test_audit_scope.GateBindingTests.test_ci_invokes_the_bare_full_sweep) ... ok
test_no_workflow_passes_the_scoping_flag (tools.test_audit_scope.GateBindingTests.test_no_workflow_passes_the_scoping_flag) ... ok
test_ship_never_invokes_this_harness_at_all (tools.test_audit_scope.GateBindingTests.test_ship_never_invokes_this_harness_at_all) ... ok
test_the_subset_needs_an_explicit_flag (tools.test_audit_scope.GateBindingTests.test_the_subset_needs_an_explicit_flag) ... ok
test_every_declared_limitation_reaches_the_banner (tools.test_audit_scope.NamedLimitationsTests.test_every_declared_limitation_reaches_the_banner) ... ok
test_the_always_on_probes_are_declared_as_still_running (tools.test_audit_scope.NamedLimitationsTests.test_the_always_on_probes_are_declared_as_still_running) ... ok
test_the_banner_names_the_cross_reference_blind_spot (tools.test_audit_scope.NamedLimitationsTests.test_the_banner_names_the_cross_reference_blind_spot) ... ok
test_the_banner_says_it_is_not_the_full_sweep (tools.test_audit_scope.NamedLimitationsTests.test_the_banner_says_it_is_not_the_full_sweep) ... ok
test_a_scoped_failure_never_emits_the_full_sweep_sentence (tools.test_audit_scope.NoTotalTests.test_a_scoped_failure_never_emits_the_full_sweep_sentence) ... ok
test_a_scoped_line_never_reads_as_n_of_the_whole_suite (tools.test_audit_scope.NoTotalTests.test_a_scoped_line_never_reads_as_n_of_the_whole_suite) ... ok
test_a_scoped_run_always_names_what_it_did_not_run (tools.test_audit_scope.NoTotalTests.test_a_scoped_run_always_names_what_it_did_not_run) ... ok
test_a_scoped_success_never_emits_the_full_sweep_sentence (tools.test_audit_scope.NoTotalTests.test_a_scoped_success_never_emits_the_full_sweep_sentence) ... ok
test_every_scoped_line_is_marked_scoped (tools.test_audit_scope.NoTotalTests.test_every_scoped_line_is_marked_scoped) ... ok
test_no_scoped_line_starts_with_pass (tools.test_audit_scope.NoTotalTests.test_no_scoped_line_starts_with_pass) ... ok
test_the_full_sweep_still_owns_its_sentence (tools.test_audit_scope.NoTotalTests.test_the_full_sweep_still_owns_its_sentence) ... ok
test_a_multi_mutation_is_selected_by_any_file_it_declares (tools.test_audit_scope.SelectionTests.test_a_multi_mutation_is_selected_by_any_file_it_declares) ... ok
test_an_empty_changed_set_is_scoped_not_upgraded_to_full (tools.test_audit_scope.SelectionTests.test_an_empty_changed_set_is_scoped_not_upgraded_to_full) ... ok
test_an_unrelated_path_selects_nothing (tools.test_audit_scope.SelectionTests.test_an_unrelated_path_selects_nothing) ... ok
test_declared_paths_never_touch_the_disk (tools.test_audit_scope.SelectionTests.test_declared_paths_never_touch_the_disk) ... ok
test_every_selected_case_declares_a_changed_path (tools.test_audit_scope.SelectionTests.test_every_selected_case_declares_a_changed_path) ... ok
test_no_flag_means_the_full_sweep (tools.test_audit_scope.SelectionTests.test_no_flag_means_the_full_sweep) ... ok
test_no_unselected_case_declares_a_changed_path (tools.test_audit_scope.SelectionTests.test_no_unselected_case_declares_a_changed_path) ... ok
test_paths_are_additive (tools.test_audit_scope.SelectionTests.test_paths_are_additive) ... ok
test_selection_is_a_strict_subset_of_the_suite (tools.test_audit_scope.SelectionTests.test_selection_is_a_strict_subset_of_the_suite) ... ok
test_the_equals_form_is_accepted (tools.test_audit_scope.SelectionTests.test_the_equals_form_is_accepted) ... ok
test_windows_separators_and_dot_slash_normalize (tools.test_audit_scope.SelectionTests.test_windows_separators_and_dot_slash_normalize) ... ok
test_cyrillic_cc_stays_continue_never_stop_or_retired (tools.test_command_routing.RetiredShortcutMigrationTests.test_cyrillic_cc_stays_continue_never_stop_or_retired) ... ok
test_instrumented_red_control_ss_to_stop_fails_the_instrument (tools.test_command_routing.RetiredShortcutMigrationTests.test_instrumented_red_control_ss_to_stop_fails_the_instrument) ... ok
test_instrumented_ss_reaches_neither_stop_nor_status_implementation (tools.test_command_routing.RetiredShortcutMigrationTests.test_instrumented_ss_reaches_neither_stop_nor_status_implementation) ... ok
test_mutation_difference_sss_ss_zero_st_checkpoints (tools.test_command_routing.RetiredShortcutMigrationTests.test_mutation_difference_sss_ss_zero_st_checkpoints) ... ok
test_red_control_reintroduced_ss_or_sss_to_stop_fails (tools.test_command_routing.RetiredShortcutMigrationTests.test_red_control_reintroduced_ss_or_sss_to_stop_fails) ... ok
test_registry_holds_st_not_ss (tools.test_command_routing.RetiredShortcutMigrationTests.test_registry_holds_st_not_ss) ... ok
test_retired_ss_is_zero_mutation_refusal (tools.test_command_routing.RetiredShortcutMigrationTests.test_retired_ss_is_zero_mutation_refusal) ... ok
test_sss_surplus_retains_refusal (tools.test_command_routing.RetiredShortcutMigrationTests.test_sss_surplus_retains_refusal) ... ok
test_st_surplus_is_refused_like_stop_surplus (tools.test_command_routing.RetiredShortcutMigrationTests.test_st_surplus_is_refused_like_stop_surplus) ... ok
test_stop_and_status_shortcuts_are_not_repeated_letter_siblings (tools.test_command_routing.RetiredShortcutMigrationTests.test_stop_and_status_shortcuts_are_not_repeated_letter_siblings) ... ok

----------------------------------------------------------------------
Ran 36 tests in 1.301s

OK
