test_instrumented_ss_reaches_neither_stop_nor_status_implementation (test_command_routing.RetiredShortcutMigrationTests.test_instrumented_ss_reaches_neither_stop_nor_status_implementation) ... ERROR

======================================================================
ERROR: test_instrumented_ss_reaches_neither_stop_nor_status_implementation (test_command_routing.RetiredShortcutMigrationTests.test_instrumented_ss_reaches_neither_stop_nor_status_implementation)
----------------------------------------------------------------------
Traceback (most recent call last):
  File "V:\___VAC\__K\__CODE\_AI_STUFF_AGENTIC\_SAIPEN\tools\test_command_routing.py", line 1187, in test_instrumented_ss_reaches_neither_stop_nor_status_implementation
    rc, payload = self._cli_inprocess(
                  ^^^^^^^^^^^^^^^^^^^^
  File "V:\___VAC\__K\__CODE\_AI_STUFF_AGENTIC\_SAIPEN\tools\test_command_routing.py", line 1143, in _cli_inprocess
    rc = cli.main(argv)
         ^^^^^^^^^^^^^^
  File "V:\___VAC\__K\__CODE\_AI_STUFF_AGENTIC\_SAIPEN\tools\saipen.py", line 5996, in main
    result = stop_checkpoint(
             ^^^^^^^^^^^^^^^^
  File "C:\Users\vac34\AppData\Local\Programs\Python\Python311\Lib\unittest\mock.py", line 1124, in __call__
    return self._mock_call(*args, **kwargs)
           ^^^^^^^^^^^^^^^^^^^^^^^^^^^^^^^^
  File "C:\Users\vac34\AppData\Local\Programs\Python\Python311\Lib\unittest\mock.py", line 1128, in _mock_call
    return self._execute_mock_call(*args, **kwargs)
           ^^^^^^^^^^^^^^^^^^^^^^^^^^^^^^^^^^^^^^^^
  File "C:\Users\vac34\AppData\Local\Programs\Python\Python311\Lib\unittest\mock.py", line 1189, in _execute_mock_call
    result = effect(*args, **kwargs)
             ^^^^^^^^^^^^^^^^^^^^^^^
  File "V:\___VAC\__K\__CODE\_AI_STUFF_AGENTIC\_SAIPEN\tools\test_command_routing.py", line 1163, in _detonate
    raise self._HandlerFired(name)
test_command_routing.RetiredShortcutMigrationTests._HandlerFired: stop_checkpoint

----------------------------------------------------------------------
Ran 1 test in 0.011s

FAILED (errors=1)
