test_active_and_archived_refusals_emit_executable_lossless_repair (test_source_quarantine_route.QuarantineRouteTests.test_active_and_archived_refusals_emit_executable_lossless_repair) ... ok
test_missing_distribution_record_never_accepts_historical_reference (test_source_quarantine_route.QuarantineRouteTests.test_missing_distribution_record_never_accepts_historical_reference) ... ok
test_other_source_refusals_are_preserved_without_guessing_quarantine (test_source_quarantine_route.QuarantineRouteTests.test_other_source_refusals_are_preserved_without_guessing_quarantine) ... ok
test_quarantine_does_not_clear_unfinished_coverage (test_source_quarantine_route.QuarantineRouteTests.test_quarantine_does_not_clear_unfinished_coverage) ... ok
test_quarantine_overlay_never_accepts_arbitrary_archive_reference (test_source_quarantine_route.QuarantineRouteTests.test_quarantine_overlay_never_accepts_arbitrary_archive_reference) ... ok
test_real_validator_receipt_carries_repair_and_turns_green_after_execution (test_source_quarantine_route.QuarantineRouteTests.test_real_validator_receipt_carries_repair_and_turns_green_after_execution) ... ok
test_release_preflight_preserves_source_refusal_route_and_identity (test_source_quarantine_route.QuarantineRouteTests.test_release_preflight_preserves_source_refusal_route_and_identity) ... ok
test_tampered_body_is_not_offered_quarantine_as_integrity_repair (test_source_quarantine_route.QuarantineRouteTests.test_tampered_body_is_not_offered_quarantine_as_integrity_repair) ... ok
test_environment_present_cannot_be_labeled_unavailable (test_source_receipts.SourceReceiptTests.test_environment_present_cannot_be_labeled_unavailable) ... ok
test_inc_archive_context_pollution_001 (test_source_receipts.SourceReceiptTests.test_inc_archive_context_pollution_001) ... ok
test_inc_lossy_work_summary_001_cold_agent_recovers_full_intent (test_source_receipts.SourceReceiptTests.test_inc_lossy_work_summary_001_cold_agent_recovers_full_intent) ... ok
test_inc_repeated_audit_uncertainty_001 (test_source_receipts.SourceReceiptTests.test_inc_repeated_audit_uncertainty_001) ... ok
test_mechanically_absent_conditional_environment_is_terminal (test_source_receipts.SourceReceiptTests.test_mechanically_absent_conditional_environment_is_terminal) ... ok
test_source_recovery_commands_refuse_structurally_when_unavailable (test_source_receipts.SourceReceiptTests.test_source_recovery_commands_refuse_structurally_when_unavailable) ... ok
test_src01_capture_is_verbatim_and_digest_covers_body_only (test_source_receipts.SourceReceiptTests.test_src01_capture_is_verbatim_and_digest_covers_body_only) ... ok
test_src02_crash_body_before_linkage_is_recoverable (test_source_receipts.SourceReceiptTests.test_src02_crash_body_before_linkage_is_recoverable) ... ok
test_src03_work_never_needed_for_source_durability (test_source_receipts.SourceReceiptTests.test_src03_work_never_needed_for_source_durability) ... ok
test_src04_exact_duplicate_reuses_identity (test_source_receipts.SourceReceiptTests.test_src04_exact_duplicate_reuses_identity) ... ok
test_src05_closed_duplicate_reports_history_without_reopen (test_source_receipts.SourceReceiptTests.test_src05_closed_duplicate_reports_history_without_reopen) ... ok
test_src06_one_character_change_is_new_source (test_source_receipts.SourceReceiptTests.test_src06_one_character_change_is_new_source) ... ok
test_src07_amendment_is_new_immutable_receipt (test_source_receipts.SourceReceiptTests.test_src07_amendment_is_new_immutable_receipt) ... ok
test_src08_dropped_contract_clause_is_detected (test_source_receipts.SourceReceiptTests.test_src08_dropped_contract_clause_is_detected) ... ok
test_src09_board_summary_cannot_replace_linked_source (test_source_receipts.SourceReceiptTests.test_src09_board_summary_cannot_replace_linked_source) ... ok
test_src10_cold_context_exposes_identity_not_body (test_source_receipts.SourceReceiptTests.test_src10_cold_context_exposes_identity_not_body) ... ok
test_src11_done_gate_rejects_one_unresolved_clause (test_source_receipts.SourceReceiptTests.test_src11_done_gate_rejects_one_unresolved_clause) ... ok
test_src12_umbrella_done_requires_all_17_dispositions (test_source_receipts.SourceReceiptTests.test_src12_umbrella_done_requires_all_17_dispositions) ... ok
test_src13_modified_body_fails_closed (test_source_receipts.SourceReceiptTests.test_src13_modified_body_fails_closed) ... ok
test_src14_deleted_active_body_is_validation_failure (test_source_receipts.SourceReceiptTests.test_src14_deleted_active_body_is_validation_failure) ... ok
test_src15_close_archives_and_removes_hot_body (test_source_receipts.SourceReceiptTests.test_src15_close_archives_and_removes_hot_body) ... ok
test_src16_archived_body_is_forensic_only (test_source_receipts.SourceReceiptTests.test_src16_archived_body_is_forensic_only) ... ok
test_src17_purge_keeps_honest_tombstone (test_source_receipts.SourceReceiptTests.test_src17_purge_keeps_honest_tombstone) ... ok
test_src18_no_receipts_means_no_files_or_context_noise (test_source_receipts.SourceReceiptTests.test_src18_no_receipts_means_no_files_or_context_noise) ... ok
test_src19_non_actionable_examples_do_not_become_fake_requirements (test_source_receipts.SourceReceiptTests.test_src19_non_actionable_examples_do_not_become_fake_requirements) ... ok
test_src20_terminal_disposition_requires_evidence_and_verification (test_source_receipts.SourceReceiptTests.test_src20_terminal_disposition_requires_evidence_and_verification) ... ok
test_src21_contract_digest_drift_blocks_work_closure (test_source_receipts.SourceReceiptTests.test_src21_contract_digest_drift_blocks_work_closure) ... ok
test_src22_source_body_is_never_command_input (test_source_receipts.SourceReceiptTests.test_src22_source_body_is_never_command_input) ... ok
test_src23_context_audit_counts_active_body_exactly_once (test_source_receipts.SourceReceiptTests.test_src23_context_audit_counts_active_body_exactly_once) ... ok
test_src24_ids_are_monotonic_even_with_orphan_gap (test_source_receipts.SourceReceiptTests.test_src24_ids_are_monotonic_even_with_orphan_gap) ... ok
test_src25_cli_file_capture_keeps_flags_out_of_body (test_source_receipts.SourceReceiptTests.test_src25_cli_file_capture_keeps_flags_out_of_body) ... ok
test_src26_linked_active_work_prevents_source_close (test_source_receipts.SourceReceiptTests.test_src26_linked_active_work_prevents_source_close) ... ok
test_src27_dry_run_creates_no_intake_or_lock (test_source_receipts.SourceReceiptTests.test_src27_dry_run_creates_no_intake_or_lock) ... ok
test_src28_malformed_ledger_fails_without_rewrite (test_source_receipts.SourceReceiptTests.test_src28_malformed_ledger_fails_without_rewrite) ... ok
test_src29_purge_cli_requires_confirmation (test_source_receipts.SourceReceiptTests.test_src29_purge_cli_requires_confirmation) ... ok
test_src30_integrated_30_clause_resume_and_closure (test_source_receipts.SourceReceiptTests.test_src30_integrated_30_clause_resume_and_closure) ... ok
test_src31_capture_criteria_are_bounded_not_length_only (test_source_receipts.SourceReceiptTests.test_src31_capture_criteria_are_bounded_not_length_only) ... ok
test_src32_receipt_id_cannot_traverse_project_paths (test_source_receipts.SourceReceiptTests.test_src32_receipt_id_cannot_traverse_project_paths) ... ok
test_t1399_corrupt_unrelated_receipt_still_blocks_globally (test_source_receipts.SourceReceiptTests.test_t1399_corrupt_unrelated_receipt_still_blocks_globally) ... ok
test_t1399_current_work_incomplete_still_blocks (test_source_receipts.SourceReceiptTests.test_t1399_current_work_incomplete_still_blocks) ... ok
test_t1399_primary_independent_work_releases_over_unrelated_parked_work (test_source_receipts.SourceReceiptTests.test_t1399_primary_independent_work_releases_over_unrelated_parked_work) ... ok
test_t1399_relevant_overlapping_work_still_blocks (test_source_receipts.SourceReceiptTests.test_t1399_relevant_overlapping_work_still_blocks) ... ok
test_t1399_scope_follows_repository_wide_when_no_target_is_named (test_source_receipts.SourceReceiptTests.test_t1399_scope_follows_repository_wide_when_no_target_is_named) ... ok
test_t1399_sensitive_unrelated_receipt_still_blocks_globally (test_source_receipts.SourceReceiptTests.test_t1399_sensitive_unrelated_receipt_still_blocks_globally) ... ok
test_t1399_unprojected_authoritative_receipt_still_blocks (test_source_receipts.SourceReceiptTests.test_t1399_unprojected_authoritative_receipt_still_blocks) ... ok
test_t1400_cli_quarantine_is_explicit_and_dry_run_is_pure (test_source_receipts.SourceReceiptTests.test_t1400_cli_quarantine_is_explicit_and_dry_run_is_pure) ... ok
test_t1400_filename_credential_can_be_quarantined_without_body_mutation (test_source_receipts.SourceReceiptTests.test_t1400_filename_credential_can_be_quarantined_without_body_mutation) ... ok
test_t1400_handoff_filter_excludes_only_protected_authority (test_source_receipts.SourceReceiptTests.test_t1400_handoff_filter_excludes_only_protected_authority) ... ok
test_t1400_matching_credential_is_publishable_only_after_quarantine (test_source_receipts.SourceReceiptTests.test_t1400_matching_credential_is_publishable_only_after_quarantine) ... ok
test_t1400_metadata_cannot_unset_canonical_quarantine (test_source_receipts.SourceReceiptTests.test_t1400_metadata_cannot_unset_canonical_quarantine) ... ok
test_t1400_normal_distributable_receipt_export_is_unchanged (test_source_receipts.SourceReceiptTests.test_t1400_normal_distributable_receipt_export_is_unchanged) ... ok
test_t1400_quarantine_survives_dedupe_and_amendment (test_source_receipts.SourceReceiptTests.test_t1400_quarantine_survives_dedupe_and_amendment) ... ok
test_t1400_quarantined_active_receipt_keeps_execution_and_coverage (test_source_receipts.SourceReceiptTests.test_t1400_quarantined_active_receipt_keeps_execution_and_coverage) ... ok
test_t1400_quarantined_archived_receipt_retains_exact_local_authority (test_source_receipts.SourceReceiptTests.test_t1400_quarantined_archived_receipt_retains_exact_local_authority) ... ok
test_t1400_release_gate_accepts_verified_quarantined_current_work (test_source_receipts.SourceReceiptTests.test_t1400_release_gate_accepts_verified_quarantined_current_work) ... ok
test_t1400_release_surface_exports_record_never_quarantined_body (test_source_receipts.SourceReceiptTests.test_t1400_release_surface_exports_record_never_quarantined_body) ... ok
test_t1400_tampered_distribution_digest_fails_closed (test_source_receipts.SourceReceiptTests.test_t1400_tampered_distribution_digest_fails_closed) ... ok
test_t1405_foreign_other_work_scope_fails_closed (test_source_receipts.SourceReceiptTests.test_t1405_foreign_other_work_scope_fails_closed) ... ok
test_t1405_invalid_other_work_scope_fails_closed (test_source_receipts.SourceReceiptTests.test_t1405_invalid_other_work_scope_fails_closed) ... ok
test_t1405_missing_other_work_scope_fails_closed (test_source_receipts.SourceReceiptTests.test_t1405_missing_other_work_scope_fails_closed) ... ok
test_t1405_stale_other_work_scope_fails_closed (test_source_receipts.SourceReceiptTests.test_t1405_stale_other_work_scope_fails_closed) ... ok
test_t1405_tampered_other_work_path_hash_fails_closed (test_source_receipts.SourceReceiptTests.test_t1405_tampered_other_work_path_hash_fails_closed) ... ok
test_unfinished_requirement_cannot_self_waive_as_environment_unavailable (test_source_receipts.SourceReceiptTests.test_unfinished_requirement_cannot_self_waive_as_environment_unavailable) ... ok
test_every_table_pattern_is_exercised (test_remediation_self_consistency.EmittedLiteralScanTests.test_every_table_pattern_is_exercised) ... ok
test_validate_py_delegates_to_the_closed_table (test_remediation_self_consistency.EmittedLiteralScanTests.test_validate_py_delegates_to_the_closed_table) ... ok
test_01_table_is_closed_and_typed (test_remediation_self_consistency.RemediationTableTests.test_01_table_is_closed_and_typed) ... ok
test_02_command_specs_resolve_in_registry_and_effects (test_remediation_self_consistency.RemediationTableTests.test_02_command_specs_resolve_in_registry_and_effects) ... 
  test_02_command_specs_resolve_in_registry_and_effects (test_remediation_self_consistency.RemediationTableTests.test_02_command_specs_resolve_in_registry_and_effects) (rule='source credentials') ... FAIL
test_03_no_internal_python_or_pseudocommands (test_remediation_self_consistency.RemediationTableTests.test_03_no_internal_python_or_pseudocommands) ... ok
test_04_no_generic_validate_when_a_specific_repair_exists (test_remediation_self_consistency.RemediationTableTests.test_04_no_generic_validate_when_a_specific_repair_exists) ... ok
test_05_external_records_are_not_commands (test_remediation_self_consistency.RemediationTableTests.test_05_external_records_are_not_commands) ... ok
test_06_extraction_admits_only_table_shapes (test_remediation_self_consistency.RemediationTableTests.test_06_extraction_admits_only_table_shapes) ... ok
test_07_unregistered_commands_are_refused (test_remediation_self_consistency.RemediationTableTests.test_07_unregistered_commands_are_refused) ... ok
test_08_cli_dispatches_every_registered_command (test_remediation_self_consistency.RemediationTableTests.test_08_cli_dispatches_every_registered_command)
Parser + registry + dispatch owner are mechanically proven. ... ok
test_09_closure_evidence_remediation_round_trip (test_remediation_self_consistency.RemediationTableTests.test_09_closure_evidence_remediation_round_trip)
Emit -> parse -> registry -> effects -> dispatch -> execute -> green. ... ok
test_10_help_and_docs_name_every_remediation_command (test_remediation_self_consistency.RemediationTableTests.test_10_help_and_docs_name_every_remediation_command)
M5 audit surface: help syntax and documentation agree. ... ok
test_archived_coverage_adding_unknown_requirement_refuses (test_audit_2026_08_28_all3.CoreArchiveSettlementTamperTests.test_archived_coverage_adding_unknown_requirement_refuses) ... ok
test_archived_coverage_changing_class_actionable_and_text_refuses (test_audit_2026_08_28_all3.CoreArchiveSettlementTamperTests.test_archived_coverage_changing_class_actionable_and_text_refuses) ... ok
test_archived_coverage_downgrading_terminal_disposition_refuses (test_audit_2026_08_28_all3.CoreArchiveSettlementTamperTests.test_archived_coverage_downgrading_terminal_disposition_refuses) ... ok
test_archived_coverage_dropping_contract_requirement_refuses (test_audit_2026_08_28_all3.CoreArchiveSettlementTamperTests.test_archived_coverage_dropping_contract_requirement_refuses) ... ok
test_archived_coverage_removing_evidence_refuses (test_audit_2026_08_28_all3.CoreArchiveSettlementTamperTests.test_archived_coverage_removing_evidence_refuses) ... ok
test_archived_coverage_removing_verification_refuses (test_audit_2026_08_28_all3.CoreArchiveSettlementTamperTests.test_archived_coverage_removing_verification_refuses) ... ok
test_untampered_interrupted_close_settles_idempotently (test_audit_2026_08_28_all3.CoreArchiveSettlementTamperTests.test_untampered_interrupted_close_settles_idempotently) ... FAIL
test_archived_coverage_and_contract_must_agree_when_both_carriers_exist (test_audit_2026_08_28_all3.CoreArchiveStrictBundleTests.test_archived_coverage_and_contract_must_agree_when_both_carriers_exist) ... ok
test_archived_metadata_must_carry_received_at_utc (test_audit_2026_08_28_all3.CoreArchiveStrictBundleTests.test_archived_metadata_must_carry_received_at_utc) ... ok
test_archived_redaction_digest_must_equal_archived_body (test_audit_2026_08_28_all3.CoreArchiveStrictBundleTests.test_archived_redaction_digest_must_equal_archived_body) ... ok
test_malformed_out_of_band_sibling_fails_closed (test_audit_2026_08_28_all3.CoreConformanceAppendRaceTests.test_malformed_out_of_band_sibling_fails_closed) ... ok
test_valid_out_of_band_sibling_does_not_advance_append_proof (test_audit_2026_08_28_all3.CoreConformanceAppendRaceTests.test_valid_out_of_band_sibling_does_not_advance_append_proof) ... ok
test_valid_out_of_band_sibling_never_becomes_the_indexed_latest (test_audit_2026_08_28_all3.CoreConformanceAppendRaceTests.test_valid_out_of_band_sibling_never_becomes_the_indexed_latest)
With foreign history present, the O(1) locator must not launder the ... ok
test_added_covered_unlinked_receipt_drifts_planned_authority (test_audit_2026_08_28_all3.CorePlanAuthorityDriftTests.test_added_covered_unlinked_receipt_drifts_planned_authority) ... ok
test_archived_receipt_drifts_planned_authority (test_audit_2026_08_28_all3.CorePlanAuthorityDriftTests.test_archived_receipt_drifts_planned_authority) ... ok
test_mutated_authority_carrier_drifts_planned_authority (test_audit_2026_08_28_all3.CorePlanAuthorityDriftTests.test_mutated_authority_carrier_drifts_planned_authority) ... ok
test_planned_authority_is_clean_before_any_drift (test_audit_2026_08_28_all3.CorePlanAuthorityDriftTests.test_planned_authority_is_clean_before_any_drift) ... ok
test_preflight_refuses_authority_drift_before_any_staging (test_audit_2026_08_28_all3.CorePlanAuthorityDriftTests.test_preflight_refuses_authority_drift_before_any_staging) ... ok
test_removed_authority_carrier_drifts_planned_authority (test_audit_2026_08_28_all3.CorePlanAuthorityDriftTests.test_removed_authority_carrier_drifts_planned_authority) ... ok
test_release_plan_binds_source_authority_manifest_in_canonical (test_audit_2026_08_28_all3.CorePlanBindingAuditTests.test_release_plan_binds_source_authority_manifest_in_canonical) ... warning: in the working copy of '.saipen/IDENTITY.md', LF will be replaced by CRLF the next time Git touches it
warning: in the working copy of '.saipen/recovery/settled/.receipt-index.json', LF will be replaced by CRLF the next time Git touches it
warning: in the working copy of '.saipen/recovery/settled/op-migrate-lineage/operation.json', LF will be replaced by CRLF the next time Git touches it
ok
test_source_authority_manifest_drift_refuses_preflight_before_writes (test_audit_2026_08_28_all3.CorePlanBindingAuditTests.test_source_authority_manifest_drift_refuses_preflight_before_writes) ... warning: in the working copy of '.saipen/IDENTITY.md', LF will be replaced by CRLF the next time Git touches it
warning: in the working copy of '.saipen/recovery/settled/.receipt-index.json', LF will be replaced by CRLF the next time Git touches it
warning: in the working copy of '.saipen/recovery/settled/op-migrate-lineage/operation.json', LF will be replaced by CRLF the next time Git touches it
ok
test_capture_persists_exact_bytes_and_never_collapses_distinct_sources (test_audit_2026_08_28_all3.CoreSensitiveAuditTests.test_capture_persists_exact_bytes_and_never_collapses_distinct_sources)
CORE-001: two bodies differing by one token must be two receipts. ... ok
test_duplicate_capture_requires_byte_identical_input (test_audit_2026_08_28_all3.CoreSensitiveAuditTests.test_duplicate_capture_requires_byte_identical_input)
CORE-001: dedupe is exact-bytes only; a one-byte change is new. ... ok
test_legacy_redacted_receipt_admits_lost_original_without_inventing_bytes (test_audit_2026_08_28_all3.CoreSensitiveAuditTests.test_legacy_redacted_receipt_admits_lost_original_without_inventing_bytes)
CORE-001: a pre-repair redacted receipt states the original is gone. ... ok
test_release_gate_and_validate_refuse_archived_legacy_credential (test_audit_2026_08_28_all3.CoreSensitiveAuditTests.test_release_gate_and_validate_refuse_archived_legacy_credential) ... ok
test_release_gate_refuses_legacy_sensitive_unsanitized_active_receipt (test_audit_2026_08_28_all3.CoreSensitiveAuditTests.test_release_gate_refuses_legacy_sensitive_unsanitized_active_receipt) ... ok
test_sensitive_capture_flags_without_mutating_canonical_bytes (test_audit_2026_08_28_all3.CoreSensitiveAuditTests.test_sensitive_capture_flags_without_mutating_canonical_bytes)
CORE-001: detection is metadata; the receipt keeps the exact body. ... ok
test_crew_release_counting_does_not_re_inventory (test_audit_2026_08_28_all3.CrewPlanSourceAuthorityOnceTests.test_crew_release_counting_does_not_re_inventory)
The post-T-1193 invariant: one call-scoped inventory. The crew ... ok
test_plan_crew_release_reuses_passed_inventory (test_audit_2026_08_28_all3.CrewPlanSourceAuthorityOnceTests.test_plan_crew_release_reuses_passed_inventory) ... ok
test_archive_recovery_proves_bundle_before_settlement (test_audit_2026_08_28_all3.IntakeAuditTests.test_archive_recovery_proves_bundle_before_settlement) ... ok
test_archived_status_refuses_corrupt_coverage (test_audit_2026_08_28_all3.IntakeAuditTests.test_archived_status_refuses_corrupt_coverage) ... ok
test_corrupt_partial_archive_refusal_is_zero_write (test_audit_2026_08_28_all3.IntakeAuditTests.test_corrupt_partial_archive_refusal_is_zero_write) ... FAIL
test_release_gate_refuses_indexed_receipt_without_metadata (test_audit_2026_08_28_all3.IntakeAuditTests.test_release_gate_refuses_indexed_receipt_without_metadata) ... ok
test_release_surface_preserves_source_authority_in_fresh_clone (test_audit_2026_08_28_all3.IntakeAuditTests.test_release_surface_preserves_source_authority_in_fresh_clone) ... ok
test_source_body_limits_apply_before_write_and_during_recovery (test_audit_2026_08_28_all3.IntakeAuditTests.test_source_body_limits_apply_before_write_and_during_recovery) ... FAIL
test_retry_semantics_include_causal_preconditions (test_audit_2026_08_28_all3.JournalAuditTests.test_retry_semantics_include_causal_preconditions) ... ok
test_same_op_corrupt_journal_retry_preserves_evidence (test_audit_2026_08_28_all3.JournalAuditTests.test_same_op_corrupt_journal_retry_preserves_evidence) ... ok
test_no_publish_plan_reuses_passed_inventory (test_audit_2026_08_28_all3.NoPublishPlanSourceAuthorityOnceTests.test_no_publish_plan_reuses_passed_inventory) ... ok
test_no_publish_release_counting_does_not_re_inventory (test_audit_2026_08_28_all3.NoPublishPlanSourceAuthorityOnceTests.test_no_publish_release_counting_does_not_re_inventory) ... ok
test_ordinary_release_counting_does_not_re_inventory (test_audit_2026_08_28_all3.OrdinaryPlanSourceAuthorityOnceTests.test_ordinary_release_counting_does_not_re_inventory) ... ok
test_conformance_history_tamper_blocks_append_and_lookup (test_audit_2026_08_28_all3.PerformanceAuditTests.test_conformance_history_tamper_blocks_append_and_lookup) ... ok
test_conformance_index_bootstraps_once_then_appends_incrementally (test_audit_2026_08_28_all3.PerformanceAuditTests.test_conformance_index_bootstraps_once_then_appends_incrementally) ... ok
test_context_renderers_keep_full_history_capture (test_audit_2026_08_28_all3.PerformanceAuditTests.test_context_renderers_keep_full_history_capture) ... ok
test_corrupt_ready_is_preserved_instead_of_replaced (test_audit_2026_08_28_all3.PerformanceAuditTests.test_corrupt_ready_is_preserved_instead_of_replaced) ... ok
test_cross_process_writer_contention_has_stable_busy_codes (test_audit_2026_08_28_all3.PerformanceAuditTests.test_cross_process_writer_contention_has_stable_busy_codes) ... ok
test_focus_reads_are_prebounded_and_fingerprint_streams_stably (test_audit_2026_08_28_all3.PerformanceAuditTests.test_focus_reads_are_prebounded_and_fingerprint_streams_stably) ... ok
test_lean_and_full_project_snapshot_read_each_history_segment_once (test_audit_2026_08_28_all3.PerformanceAuditTests.test_lean_and_full_project_snapshot_read_each_history_segment_once) ... ok
test_lean_project_snapshot_preserves_routing_fields_and_drops_renderings (test_audit_2026_08_28_all3.PerformanceAuditTests.test_lean_project_snapshot_preserves_routing_fields_and_drops_renderings) ... ok
test_liveness_cache_lock_contention_is_non_blocking (test_audit_2026_08_28_all3.PerformanceAuditTests.test_liveness_cache_lock_contention_is_non_blocking) ... ok
test_nonretained_log_snapshot_preserves_semantics_and_digest (test_audit_2026_08_28_all3.PerformanceAuditTests.test_nonretained_log_snapshot_preserves_semantics_and_digest) ... ok
test_ready_publisher_and_reader_share_one_size_contract (test_audit_2026_08_28_all3.PerformanceAuditTests.test_ready_publisher_and_reader_share_one_size_contract) ... ok
test_runner_returns_bounded_utf8_replaced_tails (test_audit_2026_08_28_all3.PerformanceAuditTests.test_runner_returns_bounded_utf8_replaced_tails) ... ok
test_runner_timeout_reaps_descendant_and_returns_json_text (test_audit_2026_08_28_all3.PerformanceAuditTests.test_runner_timeout_reaps_descendant_and_returns_json_text) ... ok
test_settled_index_is_warm_and_content_authenticated (test_audit_2026_08_28_all3.PerformanceAuditTests.test_settled_index_is_warm_and_content_authenticated) ... ok
test_snapshot_history_ownership_refuses_symlink_and_directory (test_audit_2026_08_28_all3.PerformanceAuditTests.test_snapshot_history_ownership_refuses_symlink_and_directory) ... ok
test_stage_g_reuses_one_predecessor_lookup (test_audit_2026_08_28_all3.PerformanceAuditTests.test_stage_g_reuses_one_predecessor_lookup) ... ok
test_status_next_explain_are_identical_with_full_and_lean_capture (test_audit_2026_08_28_all3.PerformanceAuditTests.test_status_next_explain_are_identical_with_full_and_lean_capture) ... ok
test_windows_reserved_device_entries_do_not_break_test_sandbox (test_audit_2026_08_28_all3.PerformanceAuditTests.test_windows_reserved_device_entries_do_not_break_test_sandbox) ... ok
test_historical_undo_does_not_mask_later_current_restore (test_audit_2026_08_28_all3.UndoAuditTests.test_historical_undo_does_not_mask_later_current_restore) ... ok
test_unrelated_committed_receipt_never_satisfies_undo (test_audit_2026_08_28_all3.UndoAuditTests.test_unrelated_committed_receipt_never_satisfies_undo) ... ok
test_close_requires_every_live_member_done (test_source_multiwork.MultiWorkLinkageTests.test_close_requires_every_live_member_done) ... ok
test_declared_nonmember_still_drifts_structurally (test_source_multiwork.MultiWorkLinkageTests.test_declared_nonmember_still_drifts_structurally) ... ok
test_multi_work_membership_preserves_primary_and_gate (test_source_multiwork.MultiWorkLinkageTests.test_multi_work_membership_preserves_primary_and_gate) ... ok
test_repeated_link_is_idempotent (test_source_multiwork.MultiWorkLinkageTests.test_repeated_link_is_idempotent) ... ok
test_single_work_receipt_is_unchanged (test_source_multiwork.MultiWorkLinkageTests.test_single_work_receipt_is_unchanged) ... ok
test_corrupted_snapshot_fails_closed (test_debt_gate.DebtGateFixtureTests.test_corrupted_snapshot_fails_closed) ... ok
test_deleted_snapshot_cannot_create_pass (test_debt_gate.DebtGateFixtureTests.test_deleted_snapshot_cannot_create_pass) ... ok
test_delta_requires_verification_evidence (test_debt_gate.DebtGateFixtureTests.test_delta_requires_verification_evidence) ... ok
test_delta_resolves_and_reports_release_blocked (test_debt_gate.DebtGateFixtureTests.test_delta_resolves_and_reports_release_blocked) ... ok
test_delta_without_any_baseline_refuses (test_debt_gate.DebtGateFixtureTests.test_delta_without_any_baseline_refuses) ... ok
test_ruleset_change_refuses_comparison (test_debt_gate.DebtGateFixtureTests.test_ruleset_change_refuses_comparison) ... ok
test_snapshot_from_another_project_refuses (test_debt_gate.DebtGateFixtureTests.test_snapshot_from_another_project_refuses) ... ok
test_snapshot_is_immutable_project_bound_and_reused (test_debt_gate.DebtGateFixtureTests.test_snapshot_is_immutable_project_bound_and_reused) ... ok
test_credential_finding_never_carries_message_content (test_debt_gate.FindingsIdentityTests.test_credential_finding_never_carries_message_content) ... ok
test_identity_is_deterministic_and_order_free (test_debt_gate.FindingsIdentityTests.test_identity_is_deterministic_and_order_free) ... ok
test_ruleset_fingerprint_covers_the_rule_table (test_debt_gate.FindingsIdentityTests.test_ruleset_fingerprint_covers_the_rule_table) ... ok
test_semantic_change_changes_detail_but_not_key_shape (test_debt_gate.FindingsIdentityTests.test_semantic_change_changes_detail_but_not_key_shape) ... ok
test_subject_extraction_prefers_semantic_ids_over_line_numbers (test_debt_gate.FindingsIdentityTests.test_subject_extraction_prefers_semantic_ids_over_line_numbers) ... ok
test_unknown_message_is_global_and_never_carried (test_debt_gate.FindingsIdentityTests.test_unknown_message_is_global_and_never_carried) ... ok
test_claim_boundary_must_exist (test_debt_gate.LegacyBootstrapTests.test_claim_boundary_must_exist) ... ok
test_global_problem_refuses (test_debt_gate.LegacyBootstrapTests.test_global_problem_refuses) ... ok
test_post_claim_subject_refuses (test_debt_gate.LegacyBootstrapTests.test_post_claim_subject_refuses) ... ok
test_pre_claim_unrelated_subject_is_carried (test_debt_gate.LegacyBootstrapTests.test_pre_claim_unrelated_subject_is_carried) ... ok
test_target_source_receipt_refuses (test_debt_gate.LegacyBootstrapTests.test_target_source_receipt_refuses) ... ok
test_target_work_subject_refuses (test_debt_gate.LegacyBootstrapTests.test_target_work_subject_refuses) ... ok
test_debt_feature_adds_no_ignore_path (test_debt_gate.StrictGateInvariantTests.test_debt_feature_adds_no_ignore_path) ... ok
test_findings_json_side_artifact_matches_standard_counts (test_debt_gate.StrictGateInvariantTests.test_findings_json_side_artifact_matches_standard_counts) ... ok
test_strict_core_stays_red_with_carried_debt (test_debt_gate.StrictGateInvariantTests.test_strict_core_stays_red_with_carried_debt) ... ok
test_carried_unrelated_problem_passes_but_keeps_release_blocked (test_debt_gate.WorkDeltaClassificationTests.test_carried_unrelated_problem_passes_but_keeps_release_blocked) ... ok
test_changed_unsafe_problem_blocks (test_debt_gate.WorkDeltaClassificationTests.test_changed_unsafe_problem_blocks) ... ok
test_new_problem_blocks (test_debt_gate.WorkDeltaClassificationTests.test_new_problem_blocks) ... ok
test_resolved_problem_is_reported (test_debt_gate.WorkDeltaClassificationTests.test_resolved_problem_is_reported) ... ok
test_unattributed_global_problem_blocks_even_when_carried (test_debt_gate.WorkDeltaClassificationTests.test_unattributed_global_problem_blocks_even_when_carried) ... ok
test_work_attribution_blocks (test_debt_gate.WorkDeltaClassificationTests.test_work_attribution_blocks) ... ok
test_worsened_problem_blocks (test_debt_gate.WorkDeltaClassificationTests.test_worsened_problem_blocks) ... ok
test_all_16_phase_documents_exist (test_protocol_registry.ProtocolRegistryTests.test_all_16_phase_documents_exist) ... ok
test_every_declared_load_budget_is_measured_from_registry (test_protocol_registry.ProtocolRegistryTests.test_every_declared_load_budget_is_measured_from_registry) ... ok
test_golden_command_and_chain_snapshots (test_protocol_registry.ProtocolRegistryTests.test_golden_command_and_chain_snapshots) ... ok
test_missing_registry_phase_fails_instead_of_disappearing (test_protocol_registry.ProtocolRegistryTests.test_missing_registry_phase_fails_instead_of_disappearing) ... ok
test_one_rule_one_owner (test_protocol_registry.ProtocolRegistryTests.test_one_rule_one_owner) ... ok
test_phase_max_median_and_tie_break_are_deterministic (test_protocol_registry.ProtocolRegistryTests.test_phase_max_median_and_tie_break_are_deterministic) ... ok
test_phase_metrics_do_not_change_load_profile_measurement (test_protocol_registry.ProtocolRegistryTests.test_phase_metrics_do_not_change_load_profile_measurement) ... ok
test_phase_metrics_measure_all_registry_phases_and_actual_bytes (test_protocol_registry.ProtocolRegistryTests.test_phase_metrics_measure_all_registry_phases_and_actual_bytes) ... ok
test_phase_preferences_are_registry_owned_and_not_hard_failures (test_protocol_registry.ProtocolRegistryTests.test_phase_preferences_are_registry_owned_and_not_hard_failures) ... ok
test_prose_rewrite_cannot_change_shortcut_behavior (test_protocol_registry.ProtocolRegistryTests.test_prose_rewrite_cannot_change_shortcut_behavior) ... ok
test_registry_absent_fails_closed (test_protocol_registry.ProtocolRegistryTests.test_registry_absent_fails_closed) ... ok
test_registry_confusable_fixture_drives_normalizer (test_protocol_registry.ProtocolRegistryTests.test_registry_confusable_fixture_drives_normalizer) ... ok
test_registry_fixture_drives_resolver (test_protocol_registry.ProtocolRegistryTests.test_registry_fixture_drives_resolver) ... ok
test_registry_malformed_fails_closed (test_protocol_registry.ProtocolRegistryTests.test_registry_malformed_fails_closed) ... ok
test_runtime_closed_sets_derive_from_registry (test_protocol_registry.ProtocolRegistryTests.test_runtime_closed_sets_derive_from_registry) ... ok
test_semantic_facts_name_owner_and_test (test_protocol_registry.ProtocolRegistryTests.test_semantic_facts_name_owner_and_test) ... ok

======================================================================
FAIL: test_02_command_specs_resolve_in_registry_and_effects (test_remediation_self_consistency.RemediationTableTests.test_02_command_specs_resolve_in_registry_and_effects) (rule='source credentials')
----------------------------------------------------------------------
Traceback (most recent call last):
  File "V:\_TEMP_\saipen-release-friction-4aac371db6e24e9e83551b555ea488d7\tools\test_remediation_self_consistency.py", line 89, in test_02_command_specs_resolve_in_registry_and_effects
    self.assertIn(
AssertionError: 'quarantine' not found in {'capture': 'INGRESS', 'recover': 'DIAGNOSTIC', 'req': 'EXECUTION', 'disp': 'EXECUTION', 'close': 'EXECUTION', 'archive': 'EXECUTION', 'purge': 'EXECUTION', 'retire': 'EXECUTION'} : source credentials: effects entry for source quarantine must be explicit, never inherited from an unrelated default

======================================================================
FAIL: test_untampered_interrupted_close_settles_idempotently (test_audit_2026_08_28_all3.CoreArchiveSettlementTamperTests.test_untampered_interrupted_close_settles_idempotently)
----------------------------------------------------------------------
Traceback (most recent call last):
  File "V:\_TEMP_\saipen-release-friction-4aac371db6e24e9e83551b555ea488d7\tools\test_audit_2026_08_28_all3.py", line 1927, in test_untampered_interrupted_close_settles_idempotently
    self.assertEqual(second.get("code"), "TICKET_NOT_FOUND", second)
AssertionError: 'SOURCE_CLOSED' != 'TICKET_NOT_FOUND'
- SOURCE_CLOSED
+ TICKET_NOT_FOUND
 : {'ok': True, 'code': 'SOURCE_CLOSED', 'receipt': 'SRC-001', 'status': 'CLOSED', 'archive_ref': '.saipen/archive/source/SRC-001.md', 'recovered': True, 'residue_removed': False}

======================================================================
FAIL: test_corrupt_partial_archive_refusal_is_zero_write (test_audit_2026_08_28_all3.IntakeAuditTests.test_corrupt_partial_archive_refusal_is_zero_write)
----------------------------------------------------------------------
Traceback (most recent call last):
  File "V:\_TEMP_\saipen-release-friction-4aac371db6e24e9e83551b555ea488d7\tools\test_audit_2026_08_28_all3.py", line 201, in test_corrupt_partial_archive_refusal_is_zero_write
    self.assertEqual(first["code"], "SOURCE_CORRUPTION", first)
AssertionError: 'INVALID' != 'SOURCE_CORRUPTION'
- INVALID
+ SOURCE_CORRUPTION
 : {'ok': False, 'code': 'INVALID', 'detail': 'receipt body missing'}

======================================================================
FAIL: test_source_body_limits_apply_before_write_and_during_recovery (test_audit_2026_08_28_all3.IntakeAuditTests.test_source_body_limits_apply_before_write_and_during_recovery)
----------------------------------------------------------------------
Traceback (most recent call last):
  File "V:\_TEMP_\saipen-release-friction-4aac371db6e24e9e83551b555ea488d7\tools\test_audit_2026_08_28_all3.py", line 221, in test_source_body_limits_apply_before_write_and_during_recovery
    self.assertTrue(intake._is_archive_commit_pending(root, rid, index))
AssertionError: False is not true

----------------------------------------------------------------------
Ran 194 tests in 42.686s

FAILED (failures=4)
