test_active_and_archived_refusals_emit_executable_lossless_repair (__main__.QuarantineRouteTests.test_active_and_archived_refusals_emit_executable_lossless_repair) ... 
  test_active_and_archived_refusals_emit_executable_lossless_repair (__main__.QuarantineRouteTests.test_active_and_archived_refusals_emit_executable_lossless_repair) (archived=False) ... FAIL
  test_active_and_archived_refusals_emit_executable_lossless_repair (__main__.QuarantineRouteTests.test_active_and_archived_refusals_emit_executable_lossless_repair) (archived=True) ... FAIL
test_other_source_refusals_are_preserved_without_guessing_quarantine (__main__.QuarantineRouteTests.test_other_source_refusals_are_preserved_without_guessing_quarantine) ... 
  test_other_source_refusals_are_preserved_without_guessing_quarantine (__main__.QuarantineRouteTests.test_other_source_refusals_are_preserved_without_guessing_quarantine) (gate={'ok': False, 'code': 'SOURCE_UNRESOLVED', 'receipt': 'SRC-001'}) ... FAIL
  test_other_source_refusals_are_preserved_without_guessing_quarantine (__main__.QuarantineRouteTests.test_other_source_refusals_are_preserved_without_guessing_quarantine) (gate={'ok': False, 'code': 'SOURCE_CORRUPTION', 'detail': 'digest mismatch'}) ... FAIL
  test_other_source_refusals_are_preserved_without_guessing_quarantine (__main__.QuarantineRouteTests.test_other_source_refusals_are_preserved_without_guessing_quarantine) (gate={'ok': False, 'code': 'SOURCE_UNRESOLVED', 'canonical_next_command': 'saipen source recover'}) ... FAIL
test_quarantine_does_not_clear_unfinished_coverage (__main__.QuarantineRouteTests.test_quarantine_does_not_clear_unfinished_coverage) ... ok
test_release_preflight_preserves_source_refusal_route_and_identity (__main__.QuarantineRouteTests.test_release_preflight_preserves_source_refusal_route_and_identity) ... FAIL
test_tampered_body_is_not_offered_quarantine_as_integrity_repair (__main__.QuarantineRouteTests.test_tampered_body_is_not_offered_quarantine_as_integrity_repair) ... ok

======================================================================
FAIL: test_active_and_archived_refusals_emit_executable_lossless_repair (__main__.QuarantineRouteTests.test_active_and_archived_refusals_emit_executable_lossless_repair) (archived=False)
----------------------------------------------------------------------
Traceback (most recent call last):
  File "V:\_TEMP_\saipen-release-friction-4aac371db6e24e9e83551b555ea488d7\tools\test_source_quarantine_route.py", line 69, in test_active_and_archived_refusals_emit_executable_lossless_repair
    self.assertEqual(gate.get("canonical_next_command"), command, gate)
AssertionError: None != 'saipen source quarantine SRC-001 --reason CREDENTIAL_PATTERN' : {'ok': False, 'code': 'SOURCE_CREDENTIALS_UNSAFE', 'detail': 'credential pattern in exact active source SRC-001; supply a user-authorized replacement or amendment before release'}

======================================================================
FAIL: test_active_and_archived_refusals_emit_executable_lossless_repair (__main__.QuarantineRouteTests.test_active_and_archived_refusals_emit_executable_lossless_repair) (archived=True)
----------------------------------------------------------------------
Traceback (most recent call last):
  File "V:\_TEMP_\saipen-release-friction-4aac371db6e24e9e83551b555ea488d7\tools\test_source_quarantine_route.py", line 69, in test_active_and_archived_refusals_emit_executable_lossless_repair
    self.assertEqual(gate.get("canonical_next_command"), command, gate)
AssertionError: None != 'saipen source quarantine SRC-001 --reason CREDENTIAL_PATTERN' : {'ok': False, 'code': 'SOURCE_CREDENTIALS_UNSAFE', 'detail': 'credential pattern in exact archive source SRC-001; supply a user-authorized replacement or amendment before release'}

======================================================================
FAIL: test_other_source_refusals_are_preserved_without_guessing_quarantine (__main__.QuarantineRouteTests.test_other_source_refusals_are_preserved_without_guessing_quarantine) (gate={'ok': False, 'code': 'SOURCE_UNRESOLVED', 'receipt': 'SRC-001'})
----------------------------------------------------------------------
Traceback (most recent call last):
  File "V:\_TEMP_\saipen-release-friction-4aac371db6e24e9e83551b555ea488d7\tools\test_source_quarantine_route.py", line 130, in test_other_source_refusals_are_preserved_without_guessing_quarantine
    self.assertEqual(result.get("source_gate"), gate)
AssertionError: None != {'ok': False, 'code': 'SOURCE_UNRESOLVED', 'receipt': 'SRC-001'}

======================================================================
FAIL: test_other_source_refusals_are_preserved_without_guessing_quarantine (__main__.QuarantineRouteTests.test_other_source_refusals_are_preserved_without_guessing_quarantine) (gate={'ok': False, 'code': 'SOURCE_CORRUPTION', 'detail': 'digest mismatch'})
----------------------------------------------------------------------
Traceback (most recent call last):
  File "V:\_TEMP_\saipen-release-friction-4aac371db6e24e9e83551b555ea488d7\tools\test_source_quarantine_route.py", line 130, in test_other_source_refusals_are_preserved_without_guessing_quarantine
    self.assertEqual(result.get("source_gate"), gate)
AssertionError: None != {'ok': False, 'code': 'SOURCE_CORRUPTION', 'detail': 'digest mismatch'}

======================================================================
FAIL: test_other_source_refusals_are_preserved_without_guessing_quarantine (__main__.QuarantineRouteTests.test_other_source_refusals_are_preserved_without_guessing_quarantine) (gate={'ok': False, 'code': 'SOURCE_UNRESOLVED', 'canonical_next_command': 'saipen source recover'})
----------------------------------------------------------------------
Traceback (most recent call last):
  File "V:\_TEMP_\saipen-release-friction-4aac371db6e24e9e83551b555ea488d7\tools\test_source_quarantine_route.py", line 130, in test_other_source_refusals_are_preserved_without_guessing_quarantine
    self.assertEqual(result.get("source_gate"), gate)
AssertionError: None != {'ok': False, 'code': 'SOURCE_UNRESOLVED'[47 chars]ver'}

======================================================================
FAIL: test_release_preflight_preserves_source_refusal_route_and_identity (__main__.QuarantineRouteTests.test_release_preflight_preserves_source_refusal_route_and_identity)
----------------------------------------------------------------------
Traceback (most recent call last):
  File "V:\_TEMP_\saipen-release-friction-4aac371db6e24e9e83551b555ea488d7\tools\test_source_quarantine_route.py", line 113, in test_release_preflight_preserves_source_refusal_route_and_identity
    self.assertEqual(result.get("source_gate", {}).get("code"), "SOURCE_CREDENTIALS_UNSAFE")
AssertionError: None != 'SOURCE_CREDENTIALS_UNSAFE'

----------------------------------------------------------------------
Ran 5 tests in 0.787s

FAILED (failures=6)
