test_active_and_archived_refusals_emit_executable_lossless_repair (tools.test_source_quarantine_route.QuarantineRouteTests.test_active_and_archived_refusals_emit_executable_lossless_repair) ... ok
test_missing_distribution_record_never_accepts_historical_reference (tools.test_source_quarantine_route.QuarantineRouteTests.test_missing_distribution_record_never_accepts_historical_reference) ... ok
test_other_source_refusals_are_preserved_without_guessing_quarantine (tools.test_source_quarantine_route.QuarantineRouteTests.test_other_source_refusals_are_preserved_without_guessing_quarantine) ... ok
test_quarantine_does_not_clear_unfinished_coverage (tools.test_source_quarantine_route.QuarantineRouteTests.test_quarantine_does_not_clear_unfinished_coverage) ... ok
test_quarantine_overlay_never_accepts_arbitrary_archive_reference (tools.test_source_quarantine_route.QuarantineRouteTests.test_quarantine_overlay_never_accepts_arbitrary_archive_reference) ... ok
test_real_validator_receipt_carries_repair_and_turns_green_after_execution (tools.test_source_quarantine_route.QuarantineRouteTests.test_real_validator_receipt_carries_repair_and_turns_green_after_execution) ... ok
test_release_preflight_preserves_source_refusal_route_and_identity (tools.test_source_quarantine_route.QuarantineRouteTests.test_release_preflight_preserves_source_refusal_route_and_identity) ... ok
test_tampered_body_is_not_offered_quarantine_as_integrity_repair (tools.test_source_quarantine_route.QuarantineRouteTests.test_tampered_body_is_not_offered_quarantine_as_integrity_repair) ... ok
test_environment_present_cannot_be_labeled_unavailable (tools.test_source_receipts.SourceReceiptTests.test_environment_present_cannot_be_labeled_unavailable) ... ok
test_inc_archive_context_pollution_001 (tools.test_source_receipts.SourceReceiptTests.test_inc_archive_context_pollution_001) ... ok
test_inc_lossy_work_summary_001_cold_agent_recovers_full_intent (tools.test_source_receipts.SourceReceiptTests.test_inc_lossy_work_summary_001_cold_agent_recovers_full_intent) ... ok
test_inc_repeated_audit_uncertainty_001 (tools.test_source_receipts.SourceReceiptTests.test_inc_repeated_audit_uncertainty_001) ... ok
test_mechanically_absent_conditional_environment_is_terminal (tools.test_source_receipts.SourceReceiptTests.test_mechanically_absent_conditional_environment_is_terminal) ... ok
test_source_recovery_commands_refuse_structurally_when_unavailable (tools.test_source_receipts.SourceReceiptTests.test_source_recovery_commands_refuse_structurally_when_unavailable) ... ok
test_src01_capture_is_verbatim_and_digest_covers_body_only (tools.test_source_receipts.SourceReceiptTests.test_src01_capture_is_verbatim_and_digest_covers_body_only) ... ok
test_src02_crash_body_before_linkage_is_recoverable (tools.test_source_receipts.SourceReceiptTests.test_src02_crash_body_before_linkage_is_recoverable) ... ok
test_src03_work_never_needed_for_source_durability (tools.test_source_receipts.SourceReceiptTests.test_src03_work_never_needed_for_source_durability) ... ok
test_src04_exact_duplicate_reuses_identity (tools.test_source_receipts.SourceReceiptTests.test_src04_exact_duplicate_reuses_identity) ... ok
test_src05_closed_duplicate_reports_history_without_reopen (tools.test_source_receipts.SourceReceiptTests.test_src05_closed_duplicate_reports_history_without_reopen) ... ok
test_src06_one_character_change_is_new_source (tools.test_source_receipts.SourceReceiptTests.test_src06_one_character_change_is_new_source) ... ok
test_src07_amendment_is_new_immutable_receipt (tools.test_source_receipts.SourceReceiptTests.test_src07_amendment_is_new_immutable_receipt) ... ok
test_src08_dropped_contract_clause_is_detected (tools.test_source_receipts.SourceReceiptTests.test_src08_dropped_contract_clause_is_detected) ... ok
test_src09_board_summary_cannot_replace_linked_source (tools.test_source_receipts.SourceReceiptTests.test_src09_board_summary_cannot_replace_linked_source) ... ok
test_src10_cold_context_exposes_identity_not_body (tools.test_source_receipts.SourceReceiptTests.test_src10_cold_context_exposes_identity_not_body) ... ok
test_src11_done_gate_rejects_one_unresolved_clause (tools.test_source_receipts.SourceReceiptTests.test_src11_done_gate_rejects_one_unresolved_clause) ... ok
test_src12_umbrella_done_requires_all_17_dispositions (tools.test_source_receipts.SourceReceiptTests.test_src12_umbrella_done_requires_all_17_dispositions) ... ok
test_src13_modified_body_fails_closed (tools.test_source_receipts.SourceReceiptTests.test_src13_modified_body_fails_closed) ... ok
test_src14_deleted_active_body_is_validation_failure (tools.test_source_receipts.SourceReceiptTests.test_src14_deleted_active_body_is_validation_failure) ... ok
test_src15_close_archives_and_removes_hot_body (tools.test_source_receipts.SourceReceiptTests.test_src15_close_archives_and_removes_hot_body) ... ok
test_src16_archived_body_is_forensic_only (tools.test_source_receipts.SourceReceiptTests.test_src16_archived_body_is_forensic_only) ... ok
test_src17_purge_keeps_honest_tombstone (tools.test_source_receipts.SourceReceiptTests.test_src17_purge_keeps_honest_tombstone) ... ok
test_src18_no_receipts_means_no_files_or_context_noise (tools.test_source_receipts.SourceReceiptTests.test_src18_no_receipts_means_no_files_or_context_noise) ... ok
test_src19_non_actionable_examples_do_not_become_fake_requirements (tools.test_source_receipts.SourceReceiptTests.test_src19_non_actionable_examples_do_not_become_fake_requirements) ... ok
test_src20_terminal_disposition_requires_evidence_and_verification (tools.test_source_receipts.SourceReceiptTests.test_src20_terminal_disposition_requires_evidence_and_verification) ... ok
test_src21_contract_digest_drift_blocks_work_closure (tools.test_source_receipts.SourceReceiptTests.test_src21_contract_digest_drift_blocks_work_closure) ... ok
test_src22_source_body_is_never_command_input (tools.test_source_receipts.SourceReceiptTests.test_src22_source_body_is_never_command_input) ... ok
test_src23_context_audit_counts_active_body_exactly_once (tools.test_source_receipts.SourceReceiptTests.test_src23_context_audit_counts_active_body_exactly_once) ... ok
test_src24_ids_are_monotonic_even_with_orphan_gap (tools.test_source_receipts.SourceReceiptTests.test_src24_ids_are_monotonic_even_with_orphan_gap) ... ok
test_src25_cli_file_capture_keeps_flags_out_of_body (tools.test_source_receipts.SourceReceiptTests.test_src25_cli_file_capture_keeps_flags_out_of_body) ... ok
test_src26_linked_active_work_prevents_source_close (tools.test_source_receipts.SourceReceiptTests.test_src26_linked_active_work_prevents_source_close) ... ok
test_src27_dry_run_creates_no_intake_or_lock (tools.test_source_receipts.SourceReceiptTests.test_src27_dry_run_creates_no_intake_or_lock) ... ok
test_src28_malformed_ledger_fails_without_rewrite (tools.test_source_receipts.SourceReceiptTests.test_src28_malformed_ledger_fails_without_rewrite) ... ok
test_src29_purge_cli_requires_confirmation (tools.test_source_receipts.SourceReceiptTests.test_src29_purge_cli_requires_confirmation) ... ok
test_src30_integrated_30_clause_resume_and_closure (tools.test_source_receipts.SourceReceiptTests.test_src30_integrated_30_clause_resume_and_closure) ... ok
test_src31_capture_criteria_are_bounded_not_length_only (tools.test_source_receipts.SourceReceiptTests.test_src31_capture_criteria_are_bounded_not_length_only) ... ok
test_src32_receipt_id_cannot_traverse_project_paths (tools.test_source_receipts.SourceReceiptTests.test_src32_receipt_id_cannot_traverse_project_paths) ... ok
test_t1399_corrupt_unrelated_receipt_still_blocks_globally (tools.test_source_receipts.SourceReceiptTests.test_t1399_corrupt_unrelated_receipt_still_blocks_globally) ... ok
test_t1399_current_work_incomplete_still_blocks (tools.test_source_receipts.SourceReceiptTests.test_t1399_current_work_incomplete_still_blocks) ... ok
test_t1399_primary_independent_work_releases_over_unrelated_parked_work (tools.test_source_receipts.SourceReceiptTests.test_t1399_primary_independent_work_releases_over_unrelated_parked_work) ... ok
test_t1399_relevant_overlapping_work_still_blocks (tools.test_source_receipts.SourceReceiptTests.test_t1399_relevant_overlapping_work_still_blocks) ... ok
test_t1399_scope_follows_repository_wide_when_no_target_is_named (tools.test_source_receipts.SourceReceiptTests.test_t1399_scope_follows_repository_wide_when_no_target_is_named) ... ok
test_t1399_sensitive_unrelated_receipt_still_blocks_globally (tools.test_source_receipts.SourceReceiptTests.test_t1399_sensitive_unrelated_receipt_still_blocks_globally) ... ok
test_t1399_unprojected_authoritative_receipt_still_blocks (tools.test_source_receipts.SourceReceiptTests.test_t1399_unprojected_authoritative_receipt_still_blocks) ... ok
test_t1400_cli_quarantine_is_explicit_and_dry_run_is_pure (tools.test_source_receipts.SourceReceiptTests.test_t1400_cli_quarantine_is_explicit_and_dry_run_is_pure) ... ok
test_t1400_filename_credential_can_be_quarantined_without_body_mutation (tools.test_source_receipts.SourceReceiptTests.test_t1400_filename_credential_can_be_quarantined_without_body_mutation) ... ok
test_t1400_handoff_filter_excludes_only_protected_authority (tools.test_source_receipts.SourceReceiptTests.test_t1400_handoff_filter_excludes_only_protected_authority) ... ok
test_t1400_matching_credential_is_publishable_only_after_quarantine (tools.test_source_receipts.SourceReceiptTests.test_t1400_matching_credential_is_publishable_only_after_quarantine) ... ok
test_t1400_metadata_cannot_unset_canonical_quarantine (tools.test_source_receipts.SourceReceiptTests.test_t1400_metadata_cannot_unset_canonical_quarantine) ... ok
test_t1400_normal_distributable_receipt_export_is_unchanged (tools.test_source_receipts.SourceReceiptTests.test_t1400_normal_distributable_receipt_export_is_unchanged) ... ok
test_t1400_quarantine_survives_dedupe_and_amendment (tools.test_source_receipts.SourceReceiptTests.test_t1400_quarantine_survives_dedupe_and_amendment) ... ok
test_t1400_quarantined_active_receipt_keeps_execution_and_coverage (tools.test_source_receipts.SourceReceiptTests.test_t1400_quarantined_active_receipt_keeps_execution_and_coverage) ... ok
test_t1400_quarantined_archived_receipt_retains_exact_local_authority (tools.test_source_receipts.SourceReceiptTests.test_t1400_quarantined_archived_receipt_retains_exact_local_authority) ... ok
test_t1400_release_gate_accepts_verified_quarantined_current_work (tools.test_source_receipts.SourceReceiptTests.test_t1400_release_gate_accepts_verified_quarantined_current_work) ... ok
test_t1400_release_surface_exports_record_never_quarantined_body (tools.test_source_receipts.SourceReceiptTests.test_t1400_release_surface_exports_record_never_quarantined_body) ... ok
test_t1400_tampered_distribution_digest_fails_closed (tools.test_source_receipts.SourceReceiptTests.test_t1400_tampered_distribution_digest_fails_closed) ... ok
test_t1405_foreign_other_work_scope_fails_closed (tools.test_source_receipts.SourceReceiptTests.test_t1405_foreign_other_work_scope_fails_closed) ... ok
test_t1405_invalid_other_work_scope_fails_closed (tools.test_source_receipts.SourceReceiptTests.test_t1405_invalid_other_work_scope_fails_closed) ... ok
test_t1405_missing_other_work_scope_fails_closed (tools.test_source_receipts.SourceReceiptTests.test_t1405_missing_other_work_scope_fails_closed) ... ok
test_t1405_stale_other_work_scope_fails_closed (tools.test_source_receipts.SourceReceiptTests.test_t1405_stale_other_work_scope_fails_closed) ... ok
test_t1405_tampered_other_work_path_hash_fails_closed (tools.test_source_receipts.SourceReceiptTests.test_t1405_tampered_other_work_path_hash_fails_closed) ... ok
test_unfinished_requirement_cannot_self_waive_as_environment_unavailable (tools.test_source_receipts.SourceReceiptTests.test_unfinished_requirement_cannot_self_waive_as_environment_unavailable) ... ok
test_every_table_pattern_is_exercised (tools.test_remediation_self_consistency.EmittedLiteralScanTests.test_every_table_pattern_is_exercised) ... ok
test_validate_py_delegates_to_the_closed_table (tools.test_remediation_self_consistency.EmittedLiteralScanTests.test_validate_py_delegates_to_the_closed_table) ... ok
test_01_table_is_closed_and_typed (tools.test_remediation_self_consistency.RemediationTableTests.test_01_table_is_closed_and_typed) ... ok
test_02_command_specs_resolve_in_registry_and_effects (tools.test_remediation_self_consistency.RemediationTableTests.test_02_command_specs_resolve_in_registry_and_effects) ... ok
test_03_no_internal_python_or_pseudocommands (tools.test_remediation_self_consistency.RemediationTableTests.test_03_no_internal_python_or_pseudocommands) ... ok
test_04_no_generic_validate_when_a_specific_repair_exists (tools.test_remediation_self_consistency.RemediationTableTests.test_04_no_generic_validate_when_a_specific_repair_exists) ... ok
test_05_external_records_are_not_commands (tools.test_remediation_self_consistency.RemediationTableTests.test_05_external_records_are_not_commands) ... ok
test_06_extraction_admits_only_table_shapes (tools.test_remediation_self_consistency.RemediationTableTests.test_06_extraction_admits_only_table_shapes) ... ok
test_07_unregistered_commands_are_refused (tools.test_remediation_self_consistency.RemediationTableTests.test_07_unregistered_commands_are_refused) ... ok
test_08_cli_dispatches_every_registered_command (tools.test_remediation_self_consistency.RemediationTableTests.test_08_cli_dispatches_every_registered_command)
Parser + registry + dispatch owner are mechanically proven. ... ok
test_09_closure_evidence_remediation_round_trip (tools.test_remediation_self_consistency.RemediationTableTests.test_09_closure_evidence_remediation_round_trip)
Emit -> parse -> registry -> effects -> dispatch -> execute -> green. ... ok
test_10_help_and_docs_name_every_remediation_command (tools.test_remediation_self_consistency.RemediationTableTests.test_10_help_and_docs_name_every_remediation_command)
M5 audit surface: help syntax and documentation agree. ... ok
test_close_requires_every_live_member_done (tools.test_source_multiwork.MultiWorkLinkageTests.test_close_requires_every_live_member_done) ... ok
test_declared_nonmember_still_drifts_structurally (tools.test_source_multiwork.MultiWorkLinkageTests.test_declared_nonmember_still_drifts_structurally) ... ok
test_multi_work_membership_preserves_primary_and_gate (tools.test_source_multiwork.MultiWorkLinkageTests.test_multi_work_membership_preserves_primary_and_gate) ... ok
test_repeated_link_is_idempotent (tools.test_source_multiwork.MultiWorkLinkageTests.test_repeated_link_is_idempotent) ... ok
test_single_work_receipt_is_unchanged (tools.test_source_multiwork.MultiWorkLinkageTests.test_single_work_receipt_is_unchanged) ... ok
test_corrupted_snapshot_fails_closed (tools.test_debt_gate.DebtGateFixtureTests.test_corrupted_snapshot_fails_closed) ... ok
test_deleted_snapshot_cannot_create_pass (tools.test_debt_gate.DebtGateFixtureTests.test_deleted_snapshot_cannot_create_pass) ... ok
test_delta_requires_verification_evidence (tools.test_debt_gate.DebtGateFixtureTests.test_delta_requires_verification_evidence) ... ok
test_delta_resolves_and_reports_release_blocked (tools.test_debt_gate.DebtGateFixtureTests.test_delta_resolves_and_reports_release_blocked) ... ok
test_delta_without_any_baseline_refuses (tools.test_debt_gate.DebtGateFixtureTests.test_delta_without_any_baseline_refuses) ... ok
test_ruleset_change_refuses_comparison (tools.test_debt_gate.DebtGateFixtureTests.test_ruleset_change_refuses_comparison) ... ok
test_snapshot_from_another_project_refuses (tools.test_debt_gate.DebtGateFixtureTests.test_snapshot_from_another_project_refuses) ... ok
test_snapshot_is_immutable_project_bound_and_reused (tools.test_debt_gate.DebtGateFixtureTests.test_snapshot_is_immutable_project_bound_and_reused) ... ok
test_credential_finding_never_carries_message_content (tools.test_debt_gate.FindingsIdentityTests.test_credential_finding_never_carries_message_content) ... ok
test_identity_is_deterministic_and_order_free (tools.test_debt_gate.FindingsIdentityTests.test_identity_is_deterministic_and_order_free) ... ok
test_ruleset_fingerprint_covers_the_rule_table (tools.test_debt_gate.FindingsIdentityTests.test_ruleset_fingerprint_covers_the_rule_table) ... ok
test_semantic_change_changes_detail_but_not_key_shape (tools.test_debt_gate.FindingsIdentityTests.test_semantic_change_changes_detail_but_not_key_shape) ... ok
test_subject_extraction_prefers_semantic_ids_over_line_numbers (tools.test_debt_gate.FindingsIdentityTests.test_subject_extraction_prefers_semantic_ids_over_line_numbers) ... ok
test_unknown_message_is_global_and_never_carried (tools.test_debt_gate.FindingsIdentityTests.test_unknown_message_is_global_and_never_carried) ... ok
test_claim_boundary_must_exist (tools.test_debt_gate.LegacyBootstrapTests.test_claim_boundary_must_exist) ... ok
test_global_problem_refuses (tools.test_debt_gate.LegacyBootstrapTests.test_global_problem_refuses) ... ok
test_post_claim_subject_refuses (tools.test_debt_gate.LegacyBootstrapTests.test_post_claim_subject_refuses) ... ok
test_pre_claim_unrelated_subject_is_carried (tools.test_debt_gate.LegacyBootstrapTests.test_pre_claim_unrelated_subject_is_carried) ... ok
test_target_source_receipt_refuses (tools.test_debt_gate.LegacyBootstrapTests.test_target_source_receipt_refuses) ... ok
test_target_work_subject_refuses (tools.test_debt_gate.LegacyBootstrapTests.test_target_work_subject_refuses) ... ok
test_debt_feature_adds_no_ignore_path (tools.test_debt_gate.StrictGateInvariantTests.test_debt_feature_adds_no_ignore_path) ... ok
test_findings_json_side_artifact_matches_standard_counts (tools.test_debt_gate.StrictGateInvariantTests.test_findings_json_side_artifact_matches_standard_counts) ... ok
test_strict_core_stays_red_with_carried_debt (tools.test_debt_gate.StrictGateInvariantTests.test_strict_core_stays_red_with_carried_debt) ... ok
test_carried_unrelated_problem_passes_but_keeps_release_blocked (tools.test_debt_gate.WorkDeltaClassificationTests.test_carried_unrelated_problem_passes_but_keeps_release_blocked) ... ok
test_changed_unsafe_problem_blocks (tools.test_debt_gate.WorkDeltaClassificationTests.test_changed_unsafe_problem_blocks) ... ok
test_new_problem_blocks (tools.test_debt_gate.WorkDeltaClassificationTests.test_new_problem_blocks) ... ok
test_resolved_problem_is_reported (tools.test_debt_gate.WorkDeltaClassificationTests.test_resolved_problem_is_reported) ... ok
test_unattributed_global_problem_blocks_even_when_carried (tools.test_debt_gate.WorkDeltaClassificationTests.test_unattributed_global_problem_blocks_even_when_carried) ... ok
test_work_attribution_blocks (tools.test_debt_gate.WorkDeltaClassificationTests.test_work_attribution_blocks) ... ok
test_worsened_problem_blocks (tools.test_debt_gate.WorkDeltaClassificationTests.test_worsened_problem_blocks) ... ok
test_all_16_phase_documents_exist (tools.test_protocol_registry.ProtocolRegistryTests.test_all_16_phase_documents_exist) ... ok
test_every_declared_load_budget_is_measured_from_registry (tools.test_protocol_registry.ProtocolRegistryTests.test_every_declared_load_budget_is_measured_from_registry) ... ok
test_golden_command_and_chain_snapshots (tools.test_protocol_registry.ProtocolRegistryTests.test_golden_command_and_chain_snapshots) ... ok
test_missing_registry_phase_fails_instead_of_disappearing (tools.test_protocol_registry.ProtocolRegistryTests.test_missing_registry_phase_fails_instead_of_disappearing) ... ok
test_one_rule_one_owner (tools.test_protocol_registry.ProtocolRegistryTests.test_one_rule_one_owner) ... ok
test_phase_max_median_and_tie_break_are_deterministic (tools.test_protocol_registry.ProtocolRegistryTests.test_phase_max_median_and_tie_break_are_deterministic) ... ok
test_phase_metrics_do_not_change_load_profile_measurement (tools.test_protocol_registry.ProtocolRegistryTests.test_phase_metrics_do_not_change_load_profile_measurement) ... ok
test_phase_metrics_measure_all_registry_phases_and_actual_bytes (tools.test_protocol_registry.ProtocolRegistryTests.test_phase_metrics_measure_all_registry_phases_and_actual_bytes) ... ok
test_phase_preferences_are_registry_owned_and_not_hard_failures (tools.test_protocol_registry.ProtocolRegistryTests.test_phase_preferences_are_registry_owned_and_not_hard_failures) ... ok
test_prose_rewrite_cannot_change_shortcut_behavior (tools.test_protocol_registry.ProtocolRegistryTests.test_prose_rewrite_cannot_change_shortcut_behavior) ... ok
test_registry_absent_fails_closed (tools.test_protocol_registry.ProtocolRegistryTests.test_registry_absent_fails_closed) ... ok
test_registry_confusable_fixture_drives_normalizer (tools.test_protocol_registry.ProtocolRegistryTests.test_registry_confusable_fixture_drives_normalizer) ... ok
test_registry_fixture_drives_resolver (tools.test_protocol_registry.ProtocolRegistryTests.test_registry_fixture_drives_resolver) ... ok
test_registry_malformed_fails_closed (tools.test_protocol_registry.ProtocolRegistryTests.test_registry_malformed_fails_closed) ... ok
test_runtime_closed_sets_derive_from_registry (tools.test_protocol_registry.ProtocolRegistryTests.test_runtime_closed_sets_derive_from_registry) ... ok
test_semantic_facts_name_owner_and_test (tools.test_protocol_registry.ProtocolRegistryTests.test_semantic_facts_name_owner_and_test) ... ok
test_a_file_belonging_to_no_project_is_not_a_foreign_root (tools.test_guard_admission.TestAdmissionAuthority.test_a_file_belonging_to_no_project_is_not_a_foreign_root)
The other half: refuse the minimum unsafe operation. ... ok
test_adapter_registry_truth (tools.test_guard_admission.TestAdmissionAuthority.test_adapter_registry_truth) ... ok
test_admitted_external_path (tools.test_guard_admission.TestAdmissionAuthority.test_admitted_external_path) ... ok
test_admitted_normal_paths (tools.test_guard_admission.TestAdmissionAuthority.test_admitted_normal_paths) ... ok
test_blocked_work_allows_reads_but_not_consequential_mutation (tools.test_guard_admission.TestAdmissionAuthority.test_blocked_work_allows_reads_but_not_consequential_mutation) ... ok
test_bound_project_cannot_authorize_foreign_root_mutation (tools.test_guard_admission.TestAdmissionAuthority.test_bound_project_cannot_authorize_foreign_root_mutation)
T-1354: the invariant is about ANOTHER PROJECT, so the fixture is one. ... ok
test_detached_staging_cwd_with_env (tools.test_guard_admission.TestAdmissionAuthority.test_detached_staging_cwd_with_env) ... ok
test_lineage_mismatch_fails_closed (tools.test_guard_admission.TestAdmissionAuthority.test_lineage_mismatch_fails_closed) ... ok
test_performance_budget (tools.test_guard_admission.TestAdmissionAuthority.test_performance_budget) ... ok
test_protected_canonical_paths (tools.test_guard_admission.TestAdmissionAuthority.test_protected_canonical_paths) ... ok
test_cli_guard_normal_file_admitted (tools.test_guard_admission.TestGuardCLI.test_cli_guard_normal_file_admitted) ... ok
test_cli_guard_protected_file_human_output (tools.test_guard_admission.TestGuardCLI.test_cli_guard_protected_file_human_output) ... ok
test_cli_guard_protected_file_rejected (tools.test_guard_admission.TestGuardCLI.test_cli_guard_protected_file_rejected) ... ok
test_cli_guard_status (tools.test_guard_admission.TestGuardCLI.test_cli_guard_status) ... ok
test_cli_guard_status_json (tools.test_guard_admission.TestGuardCLI.test_cli_guard_status_json) ... ok

----------------------------------------------------------------------
Ran 149 tests in 32.131s

OK
