test_active_and_archived_refusals_emit_executable_lossless_repair (tools.test_source_quarantine_route.QuarantineRouteTests.test_active_and_archived_refusals_emit_executable_lossless_repair) ... ok
test_missing_distribution_record_never_accepts_historical_reference (tools.test_source_quarantine_route.QuarantineRouteTests.test_missing_distribution_record_never_accepts_historical_reference) ... ok
test_other_source_refusals_are_preserved_without_guessing_quarantine (tools.test_source_quarantine_route.QuarantineRouteTests.test_other_source_refusals_are_preserved_without_guessing_quarantine) ... ok
test_quarantine_does_not_clear_unfinished_coverage (tools.test_source_quarantine_route.QuarantineRouteTests.test_quarantine_does_not_clear_unfinished_coverage) ... ok
test_quarantine_overlay_never_accepts_arbitrary_archive_reference (tools.test_source_quarantine_route.QuarantineRouteTests.test_quarantine_overlay_never_accepts_arbitrary_archive_reference) ... ok
test_real_validator_receipt_carries_repair_and_turns_green_after_execution (tools.test_source_quarantine_route.QuarantineRouteTests.test_real_validator_receipt_carries_repair_and_turns_green_after_execution) ... ok
test_release_preflight_preserves_source_refusal_route_and_identity (tools.test_source_quarantine_route.QuarantineRouteTests.test_release_preflight_preserves_source_refusal_route_and_identity) ... ok
test_tampered_body_is_not_offered_quarantine_as_integrity_repair (tools.test_source_quarantine_route.QuarantineRouteTests.test_tampered_body_is_not_offered_quarantine_as_integrity_repair) ... ok
test_every_table_pattern_is_exercised (tools.test_remediation_self_consistency.EmittedLiteralScanTests.test_every_table_pattern_is_exercised) ... ok
test_validate_py_delegates_to_the_closed_table (tools.test_remediation_self_consistency.EmittedLiteralScanTests.test_validate_py_delegates_to_the_closed_table) ... ok
test_01_table_is_closed_and_typed (tools.test_remediation_self_consistency.RemediationTableTests.test_01_table_is_closed_and_typed) ... ok
test_02_command_specs_resolve_in_registry_and_effects (tools.test_remediation_self_consistency.RemediationTableTests.test_02_command_specs_resolve_in_registry_and_effects) ... ok
test_03_no_internal_python_or_pseudocommands (tools.test_remediation_self_consistency.RemediationTableTests.test_03_no_internal_python_or_pseudocommands) ... ok
test_04_no_generic_validate_when_a_specific_repair_exists (tools.test_remediation_self_consistency.RemediationTableTests.test_04_no_generic_validate_when_a_specific_repair_exists) ... ok
test_05_external_records_are_not_commands (tools.test_remediation_self_consistency.RemediationTableTests.test_05_external_records_are_not_commands) ... ok
test_06_extraction_admits_only_table_shapes (tools.test_remediation_self_consistency.RemediationTableTests.test_06_extraction_admits_only_table_shapes) ... ok
test_07_unregistered_commands_are_refused (tools.test_remediation_self_consistency.RemediationTableTests.test_07_unregistered_commands_are_refused) ... ok
test_08_cli_dispatches_every_registered_command (tools.test_remediation_self_consistency.RemediationTableTests.test_08_cli_dispatches_every_registered_command)
Parser + registry + dispatch owner are mechanically proven. ... ok
test_09_closure_evidence_remediation_round_trip (tools.test_remediation_self_consistency.RemediationTableTests.test_09_closure_evidence_remediation_round_trip)
Emit -> parse -> registry -> effects -> dispatch -> execute -> green. ... ok
test_10_help_and_docs_name_every_remediation_command (tools.test_remediation_self_consistency.RemediationTableTests.test_10_help_and_docs_name_every_remediation_command)
M5 audit surface: help syntax and documentation agree. ... ok

----------------------------------------------------------------------
Ran 20 tests in 4.866s

OK
