saipen conformance validation starting (tools/validate.py)...
Project root: V:\___VAC\__K\__CODE\_AI_STUFF_AGENTIC\_SAIPEN (git-worktree)
PASS: state.schema.json and the engine STATE contract constants agree
PASS: state.schema.json states nothing the validator ignores (4 keywords enforced natively, 5 delegated, 4 types interpreted)
PASS: STATE.md schema valid (checked against state.schema.json)
PASS: .saipen/IDENTITY.md is a canonical portable lineage carrier (lineage-b512942bac884a8691f6c98afcd6ddb9)
PASS: goal execution_intent counters present
PASS: subSaipen STATE.md shape valid (8 checked, live + shipped library)
PASS: .saipen/extensions/subs/MANIFEST.md parses strictly (6 entries)
PASS: extensions/subs/MANIFEST.md parses strictly (4 entries)
PASS: BOARD.md has all required section headings
PASS: BOARD.md no duplicate tickets
PASS: BOARD.md no dangling needs: references
PASS: BOARD.md acyclic
PASS: BOARD.md claimed tickets have their needs: satisfied
PASS: BOARD.md at most one ## DOING ticket (1 claimed)
PASS: the audit inbox's routed action owns continuation
PASS: LOG.md format valid (skeleton, E-### unique + monotonic, parents resolve; 17 segment(s))
PASS: improve seat report schema valid (8 report(s) scanned)
PASS: core sweep linkage valid: every disposition resolves to a real finding/ticket, no unverified or INVALID/ALREADY_FIXED finding produced a ticket, source_reports resolve exactly
PASS: subsaipen write boundary continuous: no sub artifact targets a main-project canonical file (red control 7)
PASS: hunt skip marks resolve to real commits on the remote (24 checked)
PASS: saiui charter integrity verified (references UI.md, no second palette, write ban enforced, fixer contract present, UI- prefix documented, bootstrap includes charters)
PASS: 6 shipped sai*.md charter(s) declare the full metadata block (8 keys, closed enums)
PASS: freshness hardening command/cleanup/worker contracts intact
PASS: T-549 hard barrier blocks the T-551..T-561 improve wave
PASS: convergence contract intact (13 stages in order, closure bar and post-K ordering rule present)
PASS: SAIUI SAISENT mission labels findings as hypotheses to verify
PASS: KNOWLEDGE/ clean
PASS: KNOWLEDGE/ structured surface valid (4 card(s), 4 active, index fresh)
PASS: README.md badge matches VERSION
PASS: conformance corpus schema + IDs valid (257 rows, exactly 1..257)
PASS: CONFORMANCE.md matches the generated corpus index
PASS: no stray control characters in shipped text (182 files swept)
PASS: core docs text lint clean (no U+FFFD/split keywords/fence drift)
PASS: phase enum <-> phases/ docs in sync (16 phases)
PASS: INDEX.md phase list matches enum + files (16 phases)
PASS: CORE / IMPROVE / CLI Improve action sets match exactly
PASS: runtime manifest complete (269 files, all tracked)
PASS: adapter cross-references valid (checking saipen/ paths in all 9 adapters)
PASS: no adapter or injector treats RFC.md as normative (12 checked, RFC stub is redirect-only)
PASS: 32 locale README badge(s) match VERSION (8.0.1)
PASS: shortcut callouts aligned across 32 locale sources, 3 mirrors, 33 locale guides, and both root entry docs
PASS: append targets end on a line boundary (41 checked)
PASS: lint parity [T-628] -- harness.md and validate.yml agree on `python -m ruff check tools/ tests/` with ruff==0.16.0
PASS: doc coverage accounted for (372 shipped documents, 23 checked patterns, 29 exempt)
PASS: warn slug ownership verified for 4 tracked slug(s)
PASS: Golden Default palette integrity verified (21 Wintage tokens, sha256:271ba26cd75948e8)
WARN [saipen-version-major]: STATE.md saipen_version is 7 but saipen_home is at major 8 -- this state was written against a different protocol generation, and every rule below is being applied to it regardless
WARN [board-soft-cap]: BOARD.md is 78 KB (soft cap ~16 KB), of which 50 KB is closed-ticket text -- that content already lives in LOG.md/CHANGELOG.md, so scrub ## DONE at the next CLEAN (RFC § 1.2, phases/clean.md step 1)
WARN [goal-reauth-untripped]: a `DEC: goal reauthorized` line clears goal_waves 0 and goal_tickets 3, both under § 2.4's 3/20 caps -- the valve had not tripped, so nothing needed re-authorizing and the reset granted a fresh budget instead (RFC § 2.4 Entry)
WARN [log-missing-date]: 125 sealed LOG entr(y/ies) predate the mandatory DATE (earliest .saipen/logs/LOG-001.md:3). Immutable by append-only; new entries are FAILed instead
WARN [log-soft-cap]: .saipen/LOG.md is 980 lines / 413 KB, past the ~300 line / ~64 KB soft cap -- seal it into .saipen/logs/LOG-<NNN>.md at the next checkpoint (RFC § 1.2, phases/clean.md)
WARN [producer-package-stale]: .saipen/extensions/subs/saitranslate/kitchen/OUTBOX.md [SAIT-028] carries source_head '02fd489277227ffe65971f7cf06febb355233892' but current source_head is '35ca656e7a9bcee92f3fed6ecde58fee1c9795de' -- package is stale and MUST NOT be collected -- reported under `--gate core`, where this producer is not being consumed; it FAILs under `--gate collect:saitranslate` and blocks nothing else
WARN [producer-package-stale]: .saipen/extensions/subs/saitranslate/kitchen/OUTBOX.md [SAIT-028] carries source_tree_fingerprint 'git-delta-v1:eab67ebe378ac04b1ebbf7bfb9a19d5d897f48739279d8f969ee8c227f3d28fd' but the current tree computes 'git-delta-v1:56dcba19df130fd6e5eef416e48ace99defe2fbc5bf73b84ee63169f47d698fd' -- the tree changed since the package was produced (same HEAD or not), so it is stale and MUST NOT be collected (PROTOCOL.md § 6, T-543) -- reported under `--gate core`, where this producer is not being consumed; it FAILs under `--gate collect:saitranslate` and blocks nothing else
WARN [producer-package-stale]: ... and 2 more like the above
WARN [subsaipen-uncollected]: 1 subSaipen OUTBOX entr(y/ies) sit at `status: ready` -- that is a finding waiting on `saipen sub collect`, visible only when someone runs it (extensions/subs/PROTOCOL.md § 4)
WARN [wiki-mirror-stale]: the saiwiki Scenarios page mirrors conformance corpus rows 1-256 at digest 61c6c71a1d6bbc1f, and those canonical rows now digest to 2ac756fca7d738d7 -- a mirrored row's title moved and the page did not follow
WARN [wiki-mirror-behind]: the conformance corpus carries 1 row(s) above the page's highest mirrored ID 256 (up to 257), so the wiki is behind by that many invariants. The digest above covers only what the page claims to mirror, which is why this is counted separately instead of hidden inside it
WARN [cross-doc-drift]: cross-doc drift [ahead-stamp-repair] -- CORE.md must say a future-stamped LOG line is restamped to a defensible bound with a DEC naming the original, the replacement, and that the minute is inherited rather than measured. Without it the only sanctioned response is waiting, which keeps a false record and reds every gate until the clock catches up
WARN [cross-doc-drift]: cross-doc drift [shortcut-memory-ban] -- BOOT.md step 7 must order § 1.10's table read before acting on a shortcut and explicitly state that memory is never a source for it. An agent that believes it knows what a key means answers from recall rather than reading the file
WARN [cross-doc-drift]: ... and 13 more like the above
WARN [changelog-unarchived]: CHANGELOG.md carries 55 version entries while it states it keeps the most recent ~10 -- the overflow belongs in CHANGELOG_ARCHIVE.md, moved verbatim the way LOG segments are sealed, so the top of the file stays the part anyone actually reads
WARN [translation-stale]: 32 locale README(s) carry a source digest that no longer matches README.md's normalised content (ar, bg, cs, da, de, ded, el, es, et, fi, fr, he, hi, hr, hu, id, it, ja, ko, nl, no, pl, pt, ro, ru, sk, sv, th, tr, uk, vi, zh) -- the English prose moved and the translation did not follow. Version strings are normalised out, so a badge bump can never cause this
WARN [release-ledger]: 1 release(s) have a CHANGELOG entry but no git tag: v8.0.1
Validation complete. Agent is conformant. (30 warning(s))
