worker 0: 10/114 floor cases
worker 1: 10/113 floor cases
worker 0: 20/114 floor cases
worker 1: 20/113 floor cases
worker 0: 30/114 floor cases
worker 1: 30/113 floor cases
worker 0: 40/114 floor cases
worker 1: 40/113 floor cases
worker 0: 50/114 floor cases
worker 1: 50/113 floor cases
worker 0: 60/114 floor cases
worker 1: 60/113 floor cases
worker 0: 70/114 floor cases
worker 1: 70/113 floor cases
worker 0: 80/114 floor cases
worker 1: 80/113 floor cases
worker 0: 90/114 floor cases
worker 1: 90/113 floor cases
worker 0: 100/114 floor cases
worker 1: 100/113 floor cases
worker 0: 110/114 floor cases
worker 1: 110/113 floor cases
[113/227] portable-floor cases complete
[227/227] portable-floor cases complete

cases applied: 227 of 227
  caught by both:                 13
  caught only by tools/validate:  214
  caught by neither (WARN-only):  0

PASS: the floor catches 13 of 227 (baseline 11). The other 214 need Python, which is why the floor no longer claims conformance in the canonical validator's words
