PASS: saicrew -- duplicate instance name FAILs
PASS: saicrew -- duplicate canonical path FAILs
PASS: saicrew -- malformed entry FAILs
PASS: saicrew -- traversal path FAILs
PASS: saicrew -- non-entry line FAILs (never skip+continue)
PASS: saicrew -- exact header required
PASS: saicrew -- valid canonical manifest passes
PASS: saicrew -- identity-bound last_collect passes strict manifest
PASS: saicrew -- legacy current path FAILs
PASS: saicrew -- unknown metadata FAILs
PASS: saicrew -- duplicate metadata FAILs
PASS: saicrew -- absolute path FAILs
PASS: saicrew -- sub list refuses INVALID_MANIFEST
PASS: saicrew -- spawn succeeds in probe project
PASS: saicrew -- pause/resume/spawn/sync --dry-run write nothing
PASS: saicrew -- dry-run pause reports the same proposed outcome
PASS: saicrew -- dry-run adopt reports proposed outcome without writes
PASS: saicrew -- dry-run spawn does not create an instance
PASS: saicrew -- sync-probe spawn ok
PASS: saicrew -- partial bootstrap reported not current
PASS: saicrew -- missing file named exactly
PASS: saicrew -- sync --dry-run reports the exact diff
PASS: saicrew -- sync --dry-run did not repair
PASS: saicrew -- sync succeeds
PASS: saicrew -- sync repaired the missing file
PASS: saicrew -- live instance history untouched by sync
PASS: saicrew -- shared inbox preserved byte-identically
PASS: saicrew -- second sync -> no drift
PASS: saicrew -- byte-current contract without receipt is not falsely terminal
PASS: saicrew -- metadata-only sync establishes ownership receipt
PASS: saicrew -- durable successor wins over inverted receipt mtime
PASS: saicrew -- obsolete reconciliation follows the durable successor
PASS: saicrew -- ambiguous receipt lineage fails closed
PASS: saicrew -- broken-lineage fixture receipt
PASS: saicrew -- broken receipt lineage fails closed
PASS: saicrew -- broken lineage self-heals with a fresh valid receipt
PASS: saicrew -- broken receipt never wins selection
PASS: saicrew -- equally-close same-second lineages fail closed
PASS: saicrew -- obsolete-sync fixture spawn ok
PASS: saicrew -- sync admits new inherited nested file with receipt
PASS: saicrew -- sync deletes receipt-owned obsolete file and empty directory
PASS: saicrew -- sync refuses modified obsolete inherited file with zero writes
PASS: saicrew -- obsolete sync crash resumes to receipt-bound current state
PASS: saicrew -- role-probe spawn ok
PASS: saicrew -- spawned built-in worker has a real role_revision
PASS: saicrew -- local charter is the authority
PASS: saicrew -- role freshness CURRENT with local charter
PASS: saicrew -- local missing -> UNAVAILABLE, never home fallback
PASS: saicrew -- generic spawn succeeds
PASS: saicrew -- generic worker revision never blank
PASS: saicrew -- generic revision derives from local PROTOCOL
PASS: saicrew -- duplicate heading FAILs
PASS: saicrew -- valid board passes
PASS: saicrew -- checkbox/section mismatch FAILs
PASS: saicrew -- two DOING FAILs
PASS: saicrew -- Core T-### namespace FAILs on a sub board
PASS: saicrew -- saihunt canonical HUNT- board prefix passes
PASS: saicrew -- saitest canonical TEST- board prefix passes
PASS: saicrew -- saipython canonical PY- board prefix passes
PASS: saicrew -- saiui canonical UI- board prefix passes
PASS: saicrew -- saiwiki canonical W- board prefix passes
PASS: saicrew -- wrong role ticket prefix FAILs
PASS: saicrew -- unknown board heading FAILs
PASS: saicrew -- status-probe spawn ok
PASS: saicrew -- DONE + unresolved BLOCKED board is INVALID, not DONE
PASS: saicrew -- empty OUTBOX never implies CURRENT
PASS: saicrew -- phase BLOCKED reports BLOCKED
PASS: saicrew -- collect-probe spawn ok
PASS: saicrew -- ready package without source triple refused
PASS: saicrew -- malformed OUTBOX refused
PASS: saicrew -- header-only OUTBOX template is a valid empty queue
PASS: saicrew -- complete current READY OUTBOX -> READY_FOR_REVIEW
PASS: saicrew -- collect dry-run computes ticket and writes zero bytes/journal
PASS: saicrew -- complete current collection creates one Core TODO hypothesis
PASS: saicrew -- collection marks MANIFEST last_collect and binds identity
PASS: saicrew -- collect retry deduplicates without second Core ticket
PASS: saicrew -- collected READY package with open review ticket -> REVIEW_PENDING
PASS: saicrew -- disposition marks OUTBOX reviewed and binds immutable identity
PASS: saicrew -- collection preserves Core LOG/STATE binding
PASS: saicrew -- complete current reviewed OUTBOX -> CURRENT
PASS: saicrew -- duplicate OUTBOX field FAILs
PASS: saicrew -- unknown OUTBOX field FAILs
PASS: saicrew -- wrong OUTBOX producer FAILs
PASS: saicrew -- duplicate OUTBOX package ID FAILs
PASS: saicrew -- invalid OUTBOX source_head FAILs
PASS: saicrew -- invalid OUTBOX tree fingerprint FAILs
PASS: saicrew -- invalid OUTBOX role revision FAILs
PASS: saicrew -- two current READY packages refuse as ambiguous
PASS: saicrew -- explicit-probe spawn core role
PASS: saicrew -- explicit-probe spawn saiwiki
PASS: saicrew -- explicit-probe spawn saitranslate
PASS: saicrew -- targeted explicit producer refuses with EXPLICIT_POLICY
PASS: saicrew -- aggregate skips explicit saiwiki/saitranslate
PASS: saicrew -- CAS-probe spawn ok
PASS: saicrew -- adopt stale STATE CAS refuses
PASS: saicrew -- adopt stale charter CAS refuses
PASS: saicrew -- pause stale LOG CAS refuses
PASS: saicrew -- pause stale MANIFEST CAS refuses
PASS: saicrew -- CAS-probe pause setup ok
PASS: saicrew -- resume stale LOG CAS refuses
PASS: saicrew -- CAS-probe resume setup ok
PASS: saicrew -- spawn target-absence CAS refuses
PASS: saicrew -- sync stale source CAS refuses
PASS: saicrew -- collect-CAS spawn ok
PASS: saicrew -- collect stale OUTBOX CAS refuses with zero Core writes
PASS: saicrew -- clean fixture spawn succeeds
PASS: saicrew -- clean sibling spawn succeeds
PASS: saicrew -- safe terminal worker is archived, removed, and unregistered
PASS: saicrew -- clean archive preserves every source file byte-exactly
PASS: saicrew -- clean leaves sibling worker and shared files untouched
PASS: saicrew -- clean retry after COMMITTED is idempotent ALREADY_CLEAN
PASS: saicrew -- clean dry-run reports exact writes/deletes and changes zero bytes
PASS: saicrew -- clean refuses open board work with zero writes
PASS: saicrew -- clean refuses READY OUTBOX with zero writes
PASS: saicrew -- clean stale MANIFEST CAS refuses before journal/archive writes
PASS: saicrew -- clean stale instance-tree CAS refuses before cleanup writes
PASS: saicrew -- clean crash after MANIFEST recovers to same final state
PASS: saicrew -- clean crash after first deletion recovers to same final state
PASS: saicrew -- clean rejects manifest path escape with zero writes
PASS: saicrew -- crew-probe spawn saihunt
PASS: saicrew -- crew-probe spawn saitest
PASS: saicrew -- crew-probe spawn saipython
PASS: saicrew -- crew-probe spawn saiui
PASS: saicrew -- crew-probe spawn saiwiki
PASS: saicrew -- crew plan derives the circuit
PASS: saicrew -- crew plan names the first unsatisfied stage
PASS: saicrew -- --gate crew FAILs with unresolved role work
PASS: saicrew -- blocked role keeps --gate crew red
PASS: saicrew -- positive fixture spawn saihunt
PASS: saicrew -- positive fixture spawn saitest
PASS: saicrew -- positive fixture spawn saipython
PASS: saicrew -- positive fixture spawn saiui
PASS: saicrew -- positive fixture spawn saiwiki
PASS: saicrew -- positive fixture crew intent entered canonically
PASS: saicrew -- A perfect pre-ship fixed point routes exactly to SHIP
PASS: saicrew -- B post-ship except EE routes PREPARE_TRANSLATE_FINAL
PASS: saicrew -- C EE current and QQ stale routes PREPARE_WIKI_FINAL
PASS: saicrew -- D all-green active crew plan is reachable
PASS: saicrew -- moving role evidence makes the crew snapshot STALE_PLAN
PASS: saicrew -- pending-op movement before the closing hash is STALE_PLAN
PASS: saicrew -- finalizer CAS refuses missing sub-sync ownership receipt
PASS: saicrew -- finalizer CAS refuses mutated sub-sync ownership receipt
PASS: saicrew -- finalizer CAS refuses evidence drift with zero Core writes
PASS: saicrew -- finalizer CAS refuses concurrent creation of promoted evidence target
PASS: saicrew -- E finalizer clears target and returns normal DONE
PASS: saicrew -- E finalized all-green crew gate passes
PASS: saicrew -- F cold re-read derives same terminal answer
PASS: saicrew -- goal -> converge/crew drops both goal counters
PASS: saicrew -- crew -> normal terminal drops converge target
PASS: saicrew -- active ticket keeps exact continuation under crew target
PASS: saicrew -- cold idle continuation resumes crew from intent semantics
FINAL_SAICREW ([], 151)
