warning: in the working copy of '.saipen/BOARD.md', LF will be replaced by CRLF the next time Git touches it
warning: in the working copy of '.saipen/STATE.md', LF will be replaced by CRLF the next time Git touches it
warning: in the working copy of '.saipen/extensions/subs/PROTOCOL.md', LF will be replaced by CRLF the next time Git touches it
warning: in the working copy of '.saipen/extensions/subs/README.md', LF will be replaced by CRLF the next time Git touches it
warning: in the working copy of '.saipen/extensions/subs/crew.md', LF will be replaced by CRLF the next time Git touches it
warning: in the working copy of '.saipen/extensions/subs/saiwiki/BOARD.md', LF will be replaced by CRLF the next time Git touches it
warning: in the working copy of '.saipen/extensions/subs/saiwiki/LOG.md', LF will be replaced by CRLF the next time Git touches it
warning: in the working copy of 'saipen/REGISTRY.json', LF will be replaced by CRLF the next time Git touches it
warning: in the working copy of 'saipen/SOURCES.md', LF will be replaced by CRLF the next time Git touches it
warning: in the working copy of 'tools/run_scenarios.py', LF will be replaced by CRLF the next time Git touches it
warning: in the working copy of 'tools/saipen.py', LF will be replaced by CRLF the next time Git touches it
warning: in the working copy of 'tools/saipen_engine/applicability.py', LF will be replaced by CRLF the next time Git touches it
warning: in the working copy of 'tools/saipen_engine/audit_inbox.py', LF will be replaced by CRLF the next time Git touches it
warning: in the working copy of 'tools/saipen_engine/controls.py', LF will be replaced by CRLF the next time Git touches it
warning: in the working copy of 'tools/saipen_engine/convergence.py', LF will be replaced by CRLF the next time Git touches it
warning: in the working copy of 'tools/saipen_engine/crew.py', LF will be replaced by CRLF the next time Git touches it
warning: in the working copy of 'tools/saipen_engine/operations.py', LF will be replaced by CRLF the next time Git touches it
warning: in the working copy of 'tools/saipen_engine/release.py', LF will be replaced by CRLF the next time Git touches it
warning: in the working copy of 'tools/test_audit_enqueue.py', LF will be replaced by CRLF the next time Git touches it
warning: in the working copy of 'tools/test_audit_enqueue_boundary.py', LF will be replaced by CRLF the next time Git touches it
warning: in the working copy of 'tools/test_audit_inbox.py', LF will be replaced by CRLF the next time Git touches it
warning: in the working copy of 'tools/test_crew_applicability.py', LF will be replaced by CRLF the next time Git touches it
warning: in the working copy of 'tools/test_hostile_wave_regressions.py', LF will be replaced by CRLF the next time Git touches it
