FF.FFFF.FFFE
======================================================================
ERROR: test_v2_full_sha256_and_v1_explicit_compatibility (tools.test_release_core_manifest.ScopeIdentityTests.test_v2_full_sha256_and_v1_explicit_compatibility) (version=2)
----------------------------------------------------------------------
Traceback (most recent call last):
  File "V:\___VAC\__K\__CODE\_AI_STUFF_AGENTIC\_SAIPEN\tools\test_release_core_manifest.py", line 159, in test_v2_full_sha256_and_v1_explicit_compatibility
    self.assertEqual(R._load_scope(root, "T-1", "head", None, False), record)
                     ^^^^^^^^^^^^^^^^^^^^^^^^^^^^^^^^^^^^^^^^^^^^^^^
  File "V:\___VAC\__K\__CODE\_AI_STUFF_AGENTIC\_SAIPEN\tools\saipen_engine\release.py", line 1682, in _load_scope
    raise ReleaseRefusal(
saipen_engine.release.ReleaseRefusal: REFUSE [RECOVERY_CONFLICT] release scope record V:\_TEMP_\tmp3qhxzq2u\.saipen\kitchen\release_scope\T-1.json has unknown schema_version 2

======================================================================
FAIL: test_crew_owned_substitution_refuses (tools.test_release_core_manifest.OwnedManifestTests.test_crew_owned_substitution_refuses)
----------------------------------------------------------------------
Traceback (most recent call last):
  File "V:\___VAC\__K\__CODE\_AI_STUFF_AGENTIC\_SAIPEN\tools\test_release_core_manifest.py", line 105, in test_crew_owned_substitution_refuses
    self.assert_refused(self.run_stage(self.substitute("crew.txt")))
  File "V:\___VAC\__K\__CODE\_AI_STUFF_AGENTIC\_SAIPEN\tools\test_release_core_manifest.py", line 66, in assert_refused
    self.assertFalse(result["ok"], result)
AssertionError: True is not false : {'ok': True, 'commit': 'bcb8bba930097037073a8717d34c9fd431cadd4c', 'tree': '0ec40a07cf35fe6f1648d3f81c9bb1ed6bcd7aa2'}

======================================================================
FAIL: test_exact_manifest_persisted_before_gate_and_matches_tree (tools.test_release_core_manifest.OwnedManifestTests.test_exact_manifest_persisted_before_gate_and_matches_tree)
----------------------------------------------------------------------
Traceback (most recent call last):
  File "V:\___VAC\__K\__CODE\_AI_STUFF_AGENTIC\_SAIPEN\tools\test_release_core_manifest.py", line 132, in test_exact_manifest_persisted_before_gate_and_matches_tree
    result = self.run_stage(gate)
             ^^^^^^^^^^^^^^^^^^^^
  File "V:\___VAC\__K\__CODE\_AI_STUFF_AGENTIC\_SAIPEN\tools\test_release_core_manifest.py", line 56, in run_stage
    return R._stage_and_commit(self.root, self.plan, self.journal)
           ^^^^^^^^^^^^^^^^^^^^^^^^^^^^^^^^^^^^^^^^^^^^^^^^^^^^^^^
  File "V:\___VAC\__K\__CODE\_AI_STUFF_AGENTIC\_SAIPEN\tools\saipen_engine\release.py", line 2876, in _stage_and_commit
    gate_result = _run_gate(root, "ship")
                  ^^^^^^^^^^^^^^^^^^^^^^^
  File "C:\Users\vac34\AppData\Local\Programs\Python\Python311\Lib\unittest\mock.py", line 1124, in __call__
    return self._mock_call(*args, **kwargs)
           ^^^^^^^^^^^^^^^^^^^^^^^^^^^^^^^^
  File "C:\Users\vac34\AppData\Local\Programs\Python\Python311\Lib\unittest\mock.py", line 1128, in _mock_call
    return self._execute_mock_call(*args, **kwargs)
           ^^^^^^^^^^^^^^^^^^^^^^^^^^^^^^^^^^^^^^^^
  File "C:\Users\vac34\AppData\Local\Programs\Python\Python311\Lib\unittest\mock.py", line 1189, in _execute_mock_call
    result = effect(*args, **kwargs)
             ^^^^^^^^^^^^^^^^^^^^^^^
  File "V:\___VAC\__K\__CODE\_AI_STUFF_AGENTIC\_SAIPEN\tools\test_release_core_manifest.py", line 127, in gate
    self.assertIsNotNone(frozen)
AssertionError: unexpectedly None

======================================================================
FAIL: test_metadata_substitution_refuses (tools.test_release_core_manifest.OwnedManifestTests.test_metadata_substitution_refuses)
----------------------------------------------------------------------
Traceback (most recent call last):
  File "V:\___VAC\__K\__CODE\_AI_STUFF_AGENTIC\_SAIPEN\tools\test_release_core_manifest.py", line 99, in test_metadata_substitution_refuses
    self.assert_refused(self.run_stage(self.substitute("metadata.json")))
  File "V:\___VAC\__K\__CODE\_AI_STUFF_AGENTIC\_SAIPEN\tools\test_release_core_manifest.py", line 66, in assert_refused
    self.assertFalse(result["ok"], result)
AssertionError: True is not false : {'ok': True, 'commit': '5d1808eb546a8cce44cfe38b68d3f20995355398', 'tree': '06bf83babfbcd39f0d9e27cf7be531cae18fd227'}

======================================================================
FAIL: test_owned_addition_substitution_refuses (tools.test_release_core_manifest.OwnedManifestTests.test_owned_addition_substitution_refuses)
----------------------------------------------------------------------
Traceback (most recent call last):
  File "V:\___VAC\__K\__CODE\_AI_STUFF_AGENTIC\_SAIPEN\tools\test_release_core_manifest.py", line 90, in test_owned_addition_substitution_refuses
    self.assert_refused(self.run_stage(self.substitute("added.txt")))
  File "V:\___VAC\__K\__CODE\_AI_STUFF_AGENTIC\_SAIPEN\tools\test_release_core_manifest.py", line 66, in assert_refused
    self.assertFalse(result["ok"], result)
AssertionError: True is not false : {'ok': True, 'commit': '0700e6024464a4398d55a5450aa48173798cda10', 'tree': 'd186367b5d50de8d4dd2367dc20f3d202899271d'}

======================================================================
FAIL: test_owned_modification_substitution_refuses (tools.test_release_core_manifest.OwnedManifestTests.test_owned_modification_substitution_refuses)
----------------------------------------------------------------------
Traceback (most recent call last):
  File "V:\___VAC\__K\__CODE\_AI_STUFF_AGENTIC\_SAIPEN\tools\test_release_core_manifest.py", line 93, in test_owned_modification_substitution_refuses
    self.assert_refused(self.run_stage(self.substitute("modified.txt")))
  File "V:\___VAC\__K\__CODE\_AI_STUFF_AGENTIC\_SAIPEN\tools\test_release_core_manifest.py", line 66, in assert_refused
    self.assertFalse(result["ok"], result)
AssertionError: True is not false : {'ok': True, 'commit': 'd4856ac2bbe9bdddd42e1bf520ad776c14138552', 'tree': '3768ab5137bb73804e89faebca342f8f6bcb6185'}

======================================================================
FAIL: test_reviewed_deletion_resurrection_refuses (tools.test_release_core_manifest.OwnedManifestTests.test_reviewed_deletion_resurrection_refuses)
----------------------------------------------------------------------
Traceback (most recent call last):
  File "V:\___VAC\__K\__CODE\_AI_STUFF_AGENTIC\_SAIPEN\tools\test_release_core_manifest.py", line 96, in test_reviewed_deletion_resurrection_refuses
    self.assert_refused(self.run_stage(self.substitute("deleted.txt")))
  File "V:\___VAC\__K\__CODE\_AI_STUFF_AGENTIC\_SAIPEN\tools\test_release_core_manifest.py", line 66, in assert_refused
    self.assertFalse(result["ok"], result)
AssertionError: True is not false : {'ok': True, 'commit': 'a97a7f0418d617c3a45e608ed65d33c9b550c759', 'tree': '0d5834a316c26449fb3631971d533c171fb7c3b6'}

======================================================================
FAIL: test_same_owned_path_different_bytes_refuse_before_write_tree (tools.test_release_core_manifest.OwnedManifestTests.test_same_owned_path_different_bytes_refuse_before_write_tree)
----------------------------------------------------------------------
Traceback (most recent call last):
  File "V:\___VAC\__K\__CODE\_AI_STUFF_AGENTIC\_SAIPEN\tools\test_release_core_manifest.py", line 86, in test_same_owned_path_different_bytes_refuse_before_write_tree
    self.assert_refused(self.run_stage(gate))
  File "V:\___VAC\__K\__CODE\_AI_STUFF_AGENTIC\_SAIPEN\tools\test_release_core_manifest.py", line 66, in assert_refused
    self.assertFalse(result["ok"], result)
AssertionError: True is not false : {'ok': True, 'commit': '151c25a8f0608fa1cb35514a03c6077a8c1f136e', 'tree': '3768ab5137bb73804e89faebca342f8f6bcb6185'}

======================================================================
FAIL: test_scope_carrier_substitution_refuses (tools.test_release_core_manifest.OwnedManifestTests.test_scope_carrier_substitution_refuses)
----------------------------------------------------------------------
Traceback (most recent call last):
  File "V:\___VAC\__K\__CODE\_AI_STUFF_AGENTIC\_SAIPEN\tools\test_release_core_manifest.py", line 102, in test_scope_carrier_substitution_refuses
    self.assert_refused(self.run_stage(self.substitute("scope.json")))
  File "V:\___VAC\__K\__CODE\_AI_STUFF_AGENTIC\_SAIPEN\tools\test_release_core_manifest.py", line 66, in assert_refused
    self.assertFalse(result["ok"], result)
AssertionError: True is not false : {'ok': True, 'commit': 'e3ca48316d116b404765b27839a55164775e8836', 'tree': '3451569f7da459f4c958493fe7c2d523c823d3d1'}

======================================================================
FAIL: test_wrong_immutable_tree_refuses_before_commit (tools.test_release_core_manifest.OwnedManifestTests.test_wrong_immutable_tree_refuses_before_commit)
----------------------------------------------------------------------
Traceback (most recent call last):
  File "V:\___VAC\__K\__CODE\_AI_STUFF_AGENTIC\_SAIPEN\tools\test_release_core_manifest.py", line 119, in test_wrong_immutable_tree_refuses_before_commit
    self.assert_refused(self.run_stage())
  File "V:\___VAC\__K\__CODE\_AI_STUFF_AGENTIC\_SAIPEN\tools\test_release_core_manifest.py", line 67, in assert_refused
    self.assertEqual(self.git("rev-parse", "HEAD").stdout, self.head)
AssertionError: '1614873f966499deef3bb7a9b53fa881b79f33ee' != '533b0a06447c38b6e7eed9943dbc2fa43a206dbf'
- 1614873f966499deef3bb7a9b53fa881b79f33ee
+ 533b0a06447c38b6e7eed9943dbc2fa43a206dbf


----------------------------------------------------------------------
Ran 12 tests in 9.260s

FAILED (failures=9, errors=1)
