python : test_injectors_contain_all_19_shortcuts (test_hostile_wave_regressions.Wave1InjectorTests.test_
injectors_contain_all_19_shortcuts) ... ok
At line:1 char:162
+ ... "$C\tools"; python -m unittest -v test_hostile_wave_regressions test_ ...
+                 ~~~~~~~~~~~~~~~~~~~~~~~~~~~~~~~~~~~~~~~~~~~~~~~~~~~~~~~~~
    + CategoryInfo          : NotSpecified: (test_injectors_...ortcuts) ... ok:String) [], RemoteExcept 
   ion
    + FullyQualifiedErrorId : NativeCommandError
 
test_new_shortcuts_ff_xx_vv_zz_present (test_hostile_wave_regressions.Wave1InjectorTests.test_new_shortc
uts_ff_xx_vv_zz_present) ... ok
test_aa_over_wait_executes_markhunt (test_hostile_wave_regressions.Wave2ObeyTests.test_aa_over_wait_exec
utes_markhunt) ... ok
test_cc_over_user_brake_wait (test_hostile_wave_regressions.Wave2ObeyTests.test_cc_over_user_brake_wait)
 ... ok
test_cc_over_wait_is_obey_converge (test_hostile_wave_regressions.Wave2ObeyTests.test_cc_over_wait_is_ob
ey_converge) ... ok
test_next_stays_wait_no_command (test_hostile_wave_regressions.Wave2ObeyTests.test_next_stays_wait_no_co
mmand) ... ok
test_safety_valve_cc_reauthorizes (test_hostile_wave_regressions.Wave2ObeyTests.test_safety_valve_cc_rea
uthorizes) ... ok
test_sss_over_wait_executes_status_not_unknown (test_hostile_wave_regressions.Wave2ObeyTests.test_sss_ov
er_wait_executes_status_not_unknown) ... ok
test_crew_intent_persists_and_cc_resumes (test_hostile_wave_regressions.Wave3CrewTests.test_crew_intent_
persists_and_cc_resumes) ... ok
test_malformed_manifest_blocks (test_hostile_wave_regressions.Wave3CrewTests.test_malformed_manifest_blo
cks) ... ok
test_missing_manifest_yields_sync_not_malformed (test_hostile_wave_regressions.Wave3CrewTests.test_missi
ng_manifest_yields_sync_not_malformed) ... ok
test_a_stylesheet_is_found_by_extension (test_crew_applicability.CollectFactsTests.test_a_stylesheet_is_
found_by_extension) ... ok
test_a_tk_application_is_found_by_import (test_crew_applicability.CollectFactsTests.test_a_tk_applicatio
n_is_found_by_import) ... ok
test_a_tree_with_no_visual_file_reports_none (test_crew_applicability.CollectFactsTests.test_a_tree_with
_no_visual_file_reports_none) ... ok
test_saipen_memory_never_counts_as_the_project_gaining_a_ui (test_crew_applicability.CollectFactsTests.t
est_saipen_memory_never_counts_as_the_project_gaining_a_ui)
A producer's staged page under `.saipen/` is not a project surface. ... ok
test_this_repository_has_no_visual_surface (test_crew_applicability.CollectFactsTests.test_this_reposito
ry_has_no_visual_surface) ... ok
test_a_non_applicable_role_is_dropped_from_the_applicable_set (test_crew_applicability.CrewStageTests.te
st_a_non_applicable_role_is_dropped_from_the_applicable_set) ... ok
test_a_role_with_no_applicability_declared_defaults_to_always (test_crew_applicability.CrewStageTests.te
st_a_role_with_no_applicability_declared_defaults_to_always) ... ok
test_a_visual_file_puts_the_stage_back_to_demanding_evidence (test_crew_applicability.CrewStageTests.tes
t_a_visual_file_puts_the_stage_back_to_demanding_evidence)
Positive control: the skip cannot go vacuous. ... ok
test_every_declared_probe_is_a_registered_one (test_crew_applicability.CrewStageTests.test_every_declare
d_probe_is_a_registered_one) ... ok
test_the_other_sensor_stages_are_untouched (test_crew_applicability.CrewStageTests.test_the_other_sensor
_stages_are_untouched) ... ok
test_the_stage_is_satisfied_by_a_receipt_naming_the_deciding_fact (test_crew_applicability.CrewStageTest
s.test_the_stage_is_satisfied_by_a_receipt_naming_the_deciding_fact) ... ok
test_absent_facts_are_applicable (test_crew_applicability.FailClosedTests.test_absent_facts_are_applicab
le) ... ok
test_no_constant_answer_satisfies_the_suite (test_crew_applicability.FailClosedTests.test_no_constant_an
swer_satisfies_the_suite)
Red control: neither verdict can be hardcoded and still pass. ... ok
test_unknown_probe_name_is_applicable_and_names_itself (test_crew_applicability.FailClosedTests.test_unk
nown_probe_name_is_applicable_and_names_itself) ... ok
test_unreadable_tree_is_applicable_and_carries_the_reason (test_crew_applicability.FailClosedTests.test_
unreadable_tree_is_applicable_and_carries_the_reason) ... ok
test_a_malformed_manifest_is_refused_rather_than_read_as_a_legacy_receipt (test_crew_applicability.Froze
nApplicabilityManifestTests.test_a_malformed_manifest_is_refused_rather_than_read_as_a_legacy_receipt) .
.. ok
test_a_receipt_written_before_the_manifest_existed_needs_the_full_roster (test_crew_applicability.Frozen
ApplicabilityManifestTests.test_a_receipt_written_before_the_manifest_existed_needs_the_full_roster)
Backward compatibility, and no free pass: no manifest == every role. ... ok
test_a_role_the_manifest_calls_applicable_must_still_carry_evidence (test_crew_applicability.FrozenAppli
cabilityManifestTests.test_a_role_the_manifest_calls_applicable_must_still_carry_evidence) ... ok
test_a_verdict_bound_to_another_source_cannot_certify_this_release (test_crew_applicability.FrozenApplic
abilityManifestTests.test_a_verdict_bound_to_another_source_cannot_certify_this_release) ... ok
test_a_verdict_bound_to_another_tree_at_the_same_head_cannot_certify (test_crew_applicability.FrozenAppl
icabilityManifestTests.test_a_verdict_bound_to_another_tree_at_the_same_head_cannot_certify) ... ok
test_evidence_for_a_role_the_manifest_retired_is_a_contradiction (test_crew_applicability.FrozenApplicab
ilityManifestTests.test_evidence_for_a_role_the_manifest_retired_is_a_contradiction) ... ok
test_post_ship_certification_reads_the_frozen_verdict_not_todays_tree (test_crew_applicability.FrozenApp
licabilityManifestTests.test_post_ship_certification_reads_the_frozen_verdict_not_todays_tree)
The whole bug: a UI file added AFTER the ship must not change history. ... ok
test_the_captured_manifest_names_every_role_and_its_deciding_fact (test_crew_applicability.FrozenApplica
bilityManifestTests.test_the_captured_manifest_names_every_role_and_its_deciding_fact) ... ok
test_a_comma_separated_toolkit_import_is_a_visual_surface (test_crew_applicability.GrammarAwareImportTes
ts.test_a_comma_separated_toolkit_import_is_a_visual_surface) ... ok
test_a_fully_inspected_plain_project_is_still_not_applicable (test_crew_applicability.GrammarAwareImport
Tests.test_a_fully_inspected_plain_project_is_still_not_applicable) ... ok
test_a_relative_import_is_not_a_toolkit_import (test_crew_applicability.GrammarAwareImportTests.test_a_r
elative_import_is_not_a_toolkit_import) ... ok
test_a_visual_extension_positive_is_unaffected_by_uncertainty (test_crew_applicability.GrammarAwareImpor
tTests.test_a_visual_extension_positive_is_unaffected_by_uncertainty) ... ok
test_an_unparseable_candidate_is_uncertainty_not_a_negative (test_crew_applicability.GrammarAwareImportT
ests.test_an_unparseable_candidate_is_uncertainty_not_a_negative) ... ok
test_an_unreadable_candidate_is_uncertainty_not_a_negative (test_crew_applicability.GrammarAwareImportTe
sts.test_an_unreadable_candidate_is_uncertainty_not_a_negative) ... ok
test_every_valid_import_form_for_the_declared_set_is_found (test_crew_applicability.GrammarAwareImportTe
sts.test_every_valid_import_form_for_the_declared_set_is_found) ... ok
test_exceeding_the_parse_window_is_uncertainty_not_a_negative (test_crew_applicability.GrammarAwareImpor
tTests.test_exceeding_the_parse_window_is_uncertainty_not_a_negative) ... ok
test_no_narrow_probe_satisfies_this_class (test_crew_applicability.GrammarAwareImportTests.test_no_narro
w_probe_satisfies_this_class)
Red control: the pre-fix first-token regex is red on these inputs. ... ok
test_an_all_always_roster_collects_nothing (test_crew_applicability.HotPathCostTests.test_an_all_always_
roster_collects_nothing) ... ok
test_one_conditional_role_is_enough_to_collect (test_crew_applicability.HotPathCostTests.test_one_condit
ional_role_is_enough_to_collect) ... ok
test_skipping_collection_does_not_change_any_verdict (test_crew_applicability.HotPathCostTests.test_skip
ping_collection_does_not_change_any_verdict)
The optimisation is verdict-preserving, which is the whole licence. ... ok
test_a_missing_applicable_instance_is_still_demanded (test_crew_applicability.RosterStageTests.test_a_mi
ssing_applicable_instance_is_still_demanded) ... ok
test_a_missing_non_applicable_instance_is_not_demanded (test_crew_applicability.RosterStageTests.test_a_
missing_non_applicable_instance_is_not_demanded) ... ok
test_the_same_missing_instance_IS_demanded_once_a_ui_exists (test_crew_applicability.RosterStageTests.te
st_the_same_missing_instance_IS_demanded_once_a_ui_exists)
Positive control for SC-1: the roster skip is conditional, not gone. ... ok
test_a_python_gui_import_change_in_the_window_is_caught_too (test_crew_applicability.SnapshotStabilityBa
rrierTests.test_a_python_gui_import_change_in_the_window_is_caught_too)
The import path reads file CONTENTS, not only names. ... ok
test_a_quiet_tree_still_retires_the_role_and_stays_stable (test_crew_applicability.SnapshotStabilityBarr
ierTests.test_a_quiet_tree_still_retires_the_role_and_stays_stable)
Positive control: the barrier did not simply disable the skip. ... ok
test_a_source_change_while_facts_are_collected_makes_the_snapshot_unstable (test_crew_applicability.Snap
shotStabilityBarrierTests.test_a_source_change_while_facts_are_collected_makes_the_snapshot_unstable) ..
. ok
test_an_unbound_observation_cannot_retire_a_role (test_crew_applicability.SnapshotStabilityBarrierTests.
test_an_unbound_observation_cannot_retire_a_role)
The removal direction: losing the deciding file must not authorize a skip. ... ok
test_a_desktop_toolkit_import_alone_is_a_visual_surface (test_crew_applicability.VerdictTests.test_a_des
ktop_toolkit_import_alone_is_a_visual_surface) ... ok
test_always_probe_is_applicable_and_says_why (test_crew_applicability.VerdictTests.test_always_probe_is_
applicable_and_says_why) ... ok
test_empty_visual_surface_is_not_applicable_and_names_the_count (test_crew_applicability.VerdictTests.te
st_empty_visual_surface_is_not_applicable_and_names_the_count) ... ok
test_every_reason_is_non_empty_for_every_probe_and_both_answers (test_crew_applicability.VerdictTests.te
st_every_reason_is_non_empty_for_every_probe_and_both_answers) ... ok
test_evidence_sample_is_bounded (test_crew_applicability.VerdictTests.test_evidence_sample_is_bounded) .
.. ok
test_one_visual_file_flips_the_verdict_and_names_it (test_crew_applicability.VerdictTests.test_one_visua
l_file_flips_the_verdict_and_names_it) ... ok
test_a_number_consumed_before_this_allocator_existed_is_never_reissued (test_audit_enqueue.Allocation.te
st_a_number_consumed_before_this_allocator_existed_is_never_reissued)
The binding outlives the file, and the allocator has to read it. ... ok
test_first_enqueue_is_layer_one_and_places_exact_bytes (test_audit_enqueue.Allocation.test_first_enqueue
_is_layer_one_and_places_exact_bytes) ... ok
test_ids_are_monotonic_and_never_reuse_a_deleted_number (test_audit_enqueue.Allocation.test_ids_are_mono
tonic_and_never_reuse_a_deleted_number) ... ok
test_manual_high_drop_advances_the_allocator_and_is_not_overwritten (test_audit_enqueue.Allocation.test_
manual_high_drop_advances_the_allocator_and_is_not_overwritten) ... ok
test_no_temp_file_survives_a_successful_enqueue (test_audit_enqueue.Allocation.test_no_temp_file_survive
s_a_successful_enqueue) ... ok
test_a_different_audit_still_gets_its_own_layer (test_audit_enqueue.AllocatorLoss.test_a_different_audit
_still_gets_its_own_layer) ... ok
test_recovery_reads_the_binding_when_the_layer_is_already_consumed (test_audit_enqueue.AllocatorLoss.tes
t_recovery_reads_the_binding_when_the_layer_is_already_consumed) ... ok
test_retry_after_the_allocator_is_lost_does_not_duplicate_the_layer (test_audit_enqueue.AllocatorLoss.te
st_retry_after_the_allocator_is_lost_does_not_duplicate_the_layer) ... ok
test_a_broken_timeout_override_falls_back_to_the_default_never_forever (test_audit_enqueue.BoundedAlloca
torWait.test_a_broken_timeout_override_falls_back_to_the_default_never_forever) ... ok
test_a_foreign_holder_yields_writer_busy_within_the_bound (test_audit_enqueue.BoundedAllocatorWait.test_
a_foreign_holder_yields_writer_busy_within_the_bound) ... ok
test_normal_contention_still_waits_and_allocates_distinct_ids (test_audit_enqueue.BoundedAllocatorWait.t
est_normal_contention_still_waits_and_allocates_distinct_ids)
The bound is a deadline, not a refusal: ordinary queueing still works. ... ok
test_the_process_guard_is_not_held_across_the_wait (test_audit_enqueue.BoundedAllocatorWait.test_the_pro
cess_guard_is_not_held_across_the_wait)
Every same-process caller must get its own bounded refusal. ... ok
test_a_scanner_never_observes_a_partially_written_layer (test_audit_enqueue.Concurrency.test_a_scanner_n
ever_observes_a_partially_written_layer)
The bytes become a LAYER at the install, never before it. ... ok
test_concurrent_enqueues_allocate_distinct_layers_with_no_overwrite (test_audit_enqueue.Concurrency.test
_concurrent_enqueues_allocate_distinct_layers_with_no_overwrite) ... ok
test_empty_body_is_refused (test_audit_enqueue.Containment.test_empty_body_is_refused) ... ok
test_enqueue_never_touches_board_state_or_log (test_audit_enqueue.Containment.test_enqueue_never_touches
_board_state_or_log) ... ok
test_existing_layer_is_never_overwritten (test_audit_enqueue.Containment.test_existing_layer_is_never_ov
erwritten) ... ok
test_operation_id_must_be_path_safe (test_audit_enqueue.Containment.test_operation_id_must_be_path_safe)
 ... ok
test_producer_name_must_be_a_stable_token (test_audit_enqueue.Containment.test_producer_name_must_be_a_s
table_token) ... ok
test_a_binding_for_other_bytes_is_not_proof_of_this_delivery (test_audit_enqueue.Idempotency.test_a_bind
ing_for_other_bytes_is_not_proof_of_this_delivery) ... ok
test_a_layer_that_vanished_before_any_capture_is_not_called_delivered (test_audit_enqueue.Idempotency.te
st_a_layer_that_vanished_before_any_capture_is_not_called_delivered)
SRC-019:R5 -- absent bytes plus no binding is a LOSS, not a delivery. ... ok
test_a_refused_placement_frees_the_operation_but_never_the_id (test_audit_enqueue.Idempotency.test_a_ref
used_placement_frees_the_operation_but_never_the_id) ... ok
test_consumed_layer_does_not_get_re_placed_by_a_late_retry (test_audit_enqueue.Idempotency.test_consumed
_layer_does_not_get_re_placed_by_a_late_retry) ... ok
test_crash_after_rename_before_commit_promotes_the_same_layer (test_audit_enqueue.Idempotency.test_crash
_after_rename_before_commit_promotes_the_same_layer) ... ok
test_crash_after_reservation_before_placement_finishes_the_same_layer (test_audit_enqueue.Idempotency.te
st_crash_after_reservation_before_placement_finishes_the_same_layer) ... ok
test_retry_with_different_bytes_is_refused_not_silently_reallocated (test_audit_enqueue.Idempotency.test
_retry_with_different_bytes_is_refused_not_silently_reallocated) ... ok
test_retry_with_same_operation_id_returns_the_original_allocation (test_audit_enqueue.Idempotency.test_r
etry_with_same_operation_id_returns_the_original_allocation) ... ok
test_two_producers_may_share_an_operation_id_without_colliding (test_audit_enqueue.Idempotency.test_two_
producers_may_share_an_operation_id_without_colliding) ... ok
test_allocator_status_is_read_only_and_carries_no_body_text (test_audit_enqueue.NativeConsumption.test_a
llocator_status_is_read_only_and_carries_no_body_text) ... ok
test_native_inbox_discovers_an_api_created_layer_normally (test_audit_enqueue.NativeConsumption.test_nat
ive_inbox_discovers_an_api_created_layer_normally) ... ok
test_a_corrupt_allocator_refuses_and_writes_no_new_layer (test_audit_enqueue_boundary.AllocatorCorruptio
nTests.test_a_corrupt_allocator_refuses_and_writes_no_new_layer) ... ok
test_a_fresh_project_still_follows_the_initialization_path (test_audit_enqueue_boundary.AllocatorCorrupt
ionTests.test_a_fresh_project_still_follows_the_initialization_path) ... ok
test_absent_and_corrupt_are_different_answers (test_audit_enqueue_boundary.AllocatorCorruptionTests.test
_absent_and_corrupt_are_different_answers) ... ok
test_after_an_explicit_repair_a_new_operation_allocates_above_every_layer (test_audit_enqueue_boundary.A
llocatorCorruptionTests.test_after_an_explicit_repair_a_new_operation_allocates_above_every_layer) ... o
k
test_status_on_a_healthy_allocator_is_unchanged (test_audit_enqueue_boundary.AllocatorCorruptionTests.te
st_status_on_a_healthy_allocator_is_unchanged) ... ok
test_status_surfaces_corruption_instead_of_a_synthetic_empty_allocator (test_audit_enqueue_boundary.Allo
catorCorruptionTests.test_status_surfaces_corruption_instead_of_a_synthetic_empty_allocator)
`operations: 0` while the file is unreadable reads as an idle queue. ... ok
test_the_exact_duplicate_dispatch_reproduction_is_closed (test_audit_enqueue_boundary.AllocatorCorruptio
nTests.test_the_exact_duplicate_dispatch_reproduction_is_closed)
Crash after placement + corruption + same-op retry => ONE layer. ... ok
test_a_canonical_target_that_is_a_link_is_refused_not_followed (test_audit_enqueue_boundary.CanonicalTar
getTopologyTests.test_a_canonical_target_that_is_a_link_is_refused_not_followed) ... ok
test_a_large_body_is_written_whole (test_audit_enqueue_boundary.CanonicalTargetTopologyTests.test_a_larg
e_body_is_written_whole)
A complete write, not one `os.write` whose count was ignored. ... ok
test_an_existing_layer_is_never_overwritten (test_audit_enqueue_boundary.CanonicalTargetTopologyTests.te
st_an_existing_layer_is_never_overwritten) ... ok
test_the_happy_path_writes_exact_bytes_and_leaves_no_residue (test_audit_enqueue_boundary.CanonicalTarge
tTopologyTests.test_the_happy_path_writes_exact_bytes_and_leaves_no_residue) ... ok
test_a_planted_temp_hardlink_cannot_reach_the_outside_file (test_audit_enqueue_boundary.PlantedTempNodeT
ests.test_a_planted_temp_hardlink_cannot_reach_the_outside_file) ... ok
test_a_planted_temp_symlink_cannot_reach_the_outside_file (test_audit_enqueue_boundary.PlantedTempNodeTe
sts.test_a_planted_temp_symlink_cannot_reach_the_outside_file) ... ok
test_the_enqueue_still_succeeds_over_a_planted_node (test_audit_enqueue_boundary.PlantedTempNodeTests.te
st_the_enqueue_still_succeeds_over_a_planted_node)
The plant is not a denial of service either: the node is unused. ... ok
test_a_committed_record_whose_disk_bytes_moved_is_a_conflict (test_audit_enqueue_boundary.RetryPromotion
Tests.test_a_committed_record_whose_disk_bytes_moved_is_a_conflict) ... ok
test_a_linked_layer_is_not_read_as_a_placement (test_audit_enqueue_boundary.RetryPromotionTests.test_a_l
inked_layer_is_not_read_as_a_placement)
`is_file()` followed the link; the witness does not. ... ok
test_a_retry_over_partial_bytes_ends_with_the_reserved_body (test_audit_enqueue_boundary.RetryPromotionT
ests.test_a_retry_over_partial_bytes_ends_with_the_reserved_body) ... ok
test_an_absent_layer_reports_no_digest (test_audit_enqueue_boundary.RetryPromotionTests.test_an_absent_l
ayer_reports_no_digest) ... ok
test_matching_bytes_report_the_digest_on_disk (test_audit_enqueue_boundary.RetryPromotionTests.test_matc
hing_bytes_report_the_digest_on_disk) ... ok
test_partial_bytes_do_not_match_the_reserved_digest (test_audit_enqueue_boundary.RetryPromotionTests.tes
t_partial_bytes_do_not_match_the_reserved_digest)
The exact W2-002 shape: 8 of 16 bytes landed. ... ok
test_a_persisted_unreadable_generation_refuses_instead_of_crashing (test_audit_inbox.CorruptBindingTests
.test_a_persisted_unreadable_generation_refuses_instead_of_crashing) ... ok
test_a_write_never_launders_corrupt_bytes (test_audit_inbox.CorruptBindingTests.test_a_write_never_laund
ers_corrupt_bytes) ... ok
test_an_absent_binding_is_still_an_empty_inbox (test_audit_inbox.CorruptBindingTests.test_an_absent_bind
ing_is_still_an_empty_inbox) ... ok
test_an_obstructed_binding_path_is_corrupt_not_absent (test_audit_inbox.CorruptBindingTests.test_an_obst
ructed_binding_path_is_corrupt_not_absent) ... ok
test_an_undecodable_binding_is_reported_not_read_as_empty (test_audit_inbox.CorruptBindingTests.test_an_
undecodable_binding_is_reported_not_read_as_empty) ... ok
test_status_and_routing_refuse_to_call_a_corrupt_inbox_idle (test_audit_inbox.CorruptBindingTests.test_s
tatus_and_routing_refuse_to_call_a_corrupt_inbox_idle) ... ok
test_the_delete_gate_and_the_trace_refuse_on_a_corrupt_binding (test_audit_inbox.CorruptBindingTests.tes
t_the_delete_gate_and_the_trace_refuse_on_a_corrupt_binding) ... ok
test_the_producer_transport_fails_closed_on_a_corrupt_binding (test_audit_inbox.CorruptBindingTests.test
_the_producer_transport_fails_closed_on_a_corrupt_binding) ... ok
test_absent_audit_directory_is_a_normal_no_op (test_audit_inbox.DiscoveryTests.test_absent_audit_directo
ry_is_a_normal_no_op) ... ok
test_absolute_layer_path_is_refused (test_audit_inbox.DiscoveryTests.test_absolute_layer_path_is_refused
) ... ok
test_empty_audit_directory_is_a_normal_no_op (test_audit_inbox.DiscoveryTests.test_empty_audit_directory
_is_a_normal_no_op) ... ok
test_empty_layer_is_invalid_not_an_empty_capture (test_audit_inbox.DiscoveryTests.test_empty_layer_is_in
valid_not_an_empty_capture) ... ok
test_gaps_are_normal (test_audit_inbox.DiscoveryTests.test_gaps_are_normal) ... ok
test_generation_identity_is_content_not_mtime (test_audit_inbox.DiscoveryTests.test_generation_identity_
is_content_not_mtime) ... ok
test_invalid_utf8_is_never_captured_and_never_deleted (test_audit_inbox.DiscoveryTests.test_invalid_utf8
_is_never_captured_and_never_deleted) ... ok
test_layers_sort_numerically_not_lexically (test_audit_inbox.DiscoveryTests.test_layers_sort_numerically
_not_lexically) ... ok
test_nested_files_are_never_scanned (test_audit_inbox.DiscoveryTests.test_nested_files_are_never_scanned
) ... ok
test_noncanonical_names_are_not_layers (test_audit_inbox.DiscoveryTests.test_noncanonical_names_are_not_
layers) ... ok
test_oversized_layer_is_never_captured (test_audit_inbox.DiscoveryTests.test_oversized_layer_is_never_ca
ptured) ... ok
test_single_layer_is_discovered (test_audit_inbox.DiscoveryTests.test_single_layer_is_discovered) ... ok
test_symlinked_layer_is_refused_and_never_captured (test_audit_inbox.DiscoveryTests.test_symlinked_layer
_is_refused_and_never_captured) ... ok
test_traversal_cannot_escape_the_project (test_audit_inbox.DiscoveryTests.test_traversal_cannot_escape_t
he_project) ... ok
test_an_invalid_lower_layer_does_not_starve_a_later_workable_layer (test_audit_inbox.InvalidLayerDoesNot
StarveTests.test_an_invalid_lower_layer_does_not_starve_a_later_workable_layer) ... ok
test_any_difference_beyond_cr_lf_creates_a_new_source (test_audit_inbox.MigrationEquivalenceTests.test_a
ny_difference_beyond_cr_lf_creates_a_new_source) ... ok
test_both_digests_are_recorded_and_the_receipt_digest_is_never_rewritten (test_audit_inbox.MigrationEqui
valenceTests.test_both_digests_are_recorded_and_the_receipt_digest_is_never_rewritten) ... ok
test_crlf_layer_binds_to_an_otherwise_identical_lf_receipt (test_audit_inbox.MigrationEquivalenceTests.t
est_crlf_layer_binds_to_an_otherwise_identical_lf_receipt) ... ok
test_equivalence_never_generalizes_past_line_endings (test_audit_inbox.MigrationEquivalenceTests.test_eq
uivalence_never_generalizes_past_line_endings) ... ok
test_two_eol_equivalent_candidates_refuse_to_guess (test_audit_inbox.MigrationEquivalenceTests.test_two_
eol_equivalent_candidates_refuse_to_guess) ... ok
test_cli_audit_ingest_dry_run_writes_and_deletes_nothing (test_audit_inbox.ReadOnlySurfaceTests.test_cli
_audit_ingest_dry_run_writes_and_deletes_nothing) ... ok
test_cli_next_projects_the_audit_carrier_without_mutating (test_audit_inbox.ReadOnlySurfaceTests.test_cl
i_next_projects_the_audit_carrier_without_mutating) ... ok
test_projection_writes_nothing (test_audit_inbox.ReadOnlySurfaceTests.test_projection_writes_nothing) ..
. ok
test_status_never_dumps_the_audit_body (test_audit_inbox.ReadOnlySurfaceTests.test_status_never_dumps_th
e_audit_body) ... ok
test_status_projection_writes_nothing (test_audit_inbox.ReadOnlySurfaceTests.test_status_projection_writ
es_nothing) ... ok
test_audit_is_a_registered_command (test_audit_inbox.RegistryContractTests.test_audit_is_a_registered_co
mmand) ... ok
test_registry_owns_the_closed_audit_inbox_facts (test_audit_inbox.RegistryContractTests.test_registry_ow
ns_the_closed_audit_inbox_facts) ... ok
test_the_rule_has_exactly_one_human_owner (test_audit_inbox.RegistryContractTests.test_the_rule_has_exac
tly_one_human_owner) ... ok
test_a_canonical_layer_is_never_counted_as_residue (test_audit_inbox.ResidueTests.test_a_canonical_layer
_is_never_counted_as_residue) ... ok
test_a_settled_inbox_with_residue_is_not_clean_and_not_idle (test_audit_inbox.ResidueTests.test_a_settle
d_inbox_with_residue_is_not_clean_and_not_idle) ... ok
test_an_absent_inbox_is_clean (test_audit_inbox.ResidueTests.test_an_absent_inbox_is_clean) ... ok
test_an_empty_inbox_is_clean (test_audit_inbox.ResidueTests.test_an_empty_inbox_is_clean) ... ok
test_an_invalid_layer_is_reported_once_as_a_layer_not_twice (test_audit_inbox.ResidueTests.test_an_inval
id_layer_is_reported_once_as_a_layer_not_twice) ... ok
test_an_invalid_layer_outranks_residue_in_the_verdict (test_audit_inbox.ResidueTests.test_an_invalid_lay
er_outranks_residue_in_the_verdict) ... ok
test_consuming_the_last_layer_of_a_clean_inbox_reports_clean (test_audit_inbox.ResidueTests.test_consumi
ng_the_last_layer_of_a_clean_inbox_reports_clean) ... ok
test_dot_prefixed_infrastructure_is_exempt (test_audit_inbox.ResidueTests.test_dot_prefixed_infrastructu
re_is_exempt) ... ok
test_noncanonical_names_are_residue (test_audit_inbox.ResidueTests.test_noncanonical_names_are_residue) 
... ok
test_residue_never_starves_a_workable_layer (test_audit_inbox.ResidueTests.test_residue_never_starves_a_
workable_layer) ... ok
test_the_nested_content_of_a_residue_directory_is_never_scanned (test_audit_inbox.ResidueTests.test_the_
nested_content_of_a_residue_directory_is_never_scanned) ... ok
test_the_residue_projection_writes_nothing (test_audit_inbox.ResidueTests.test_the_residue_projection_wr
ites_nothing) ... ok
test_the_residue_report_is_capped (test_audit_inbox.ResidueTests.test_the_residue_report_is_capped) ... 
ok
test_a_persisted_wait_still_outranks_the_audit_inbox (test_audit_inbox.RoutingTests.test_a_persisted_wai
t_still_outranks_the_audit_inbox) ... ok
test_a_residue_only_inbox_is_surfaced_instead_of_idle (test_audit_inbox.RoutingTests.test_a_residue_only
_inbox_is_surfaced_instead_of_idle) ... ok
test_a_residue_only_inbox_never_outranks_real_workable_board_work (test_audit_inbox.RoutingTests.test_a_
residue_only_inbox_never_outranks_real_workable_board_work) ... ok
test_a_workable_audit_outranks_ordinary_queued_todo (test_audit_inbox.RoutingTests.test_a_workable_audit
_outranks_ordinary_queued_todo) ... ok
test_a_workable_audit_prevents_the_idle_maintain_verdict (test_audit_inbox.RoutingTests.test_a_workable_
audit_prevents_the_idle_maintain_verdict) ... ok
test_active_build_work_is_never_preempted_by_a_new_audit (test_audit_inbox.RoutingTests.test_active_buil
d_work_is_never_preempted_by_a_new_audit) ... ok
test_active_verify_continuation_is_never_preempted (test_audit_inbox.RoutingTests.test_active_verify_con
tinuation_is_never_preempted) ... ok
test_an_audit_whose_work_is_blocked_falls_through_to_the_pick_rule (test_audit_inbox.RoutingTests.test_a
n_audit_whose_work_is_blocked_falls_through_to_the_pick_rule) ... ok
test_an_invalid_only_inbox_is_surfaced_instead_of_idle (test_audit_inbox.RoutingTests.test_an_invalid_on
ly_inbox_is_surfaced_instead_of_idle) ... ok
test_an_invalid_only_inbox_never_outranks_real_workable_board_work (test_audit_inbox.RoutingTests.test_a
n_invalid_only_inbox_never_outranks_real_workable_board_work) ... ok
test_captured_audit_work_owns_continuation_by_ticket (test_audit_inbox.RoutingTests.test_captured_audit_
work_owns_continuation_by_ticket) ... ok
test_no_audit_and_no_work_still_reaches_the_idle_maintain_route (test_audit_inbox.RoutingTests.test_no_a
udit_and_no_work_still_reaches_the_idle_maintain_route) ... ok
test_no_audit_leaves_the_ordinary_pick_rule_unchanged (test_audit_inbox.RoutingTests.test_no_audit_leave
s_the_ordinary_pick_rule_unchanged) ... ok
test_recovery_conflict_outranks_the_audit_inbox (test_audit_inbox.RoutingTests.test_recovery_conflict_ou
tranks_the_audit_inbox) ... ok
test_recovery_outranks_the_audit_inbox (test_audit_inbox.RoutingTests.test_recovery_outranks_the_audit_i
nbox) ... ok
test_residue_never_preempts_a_live_ticket (test_audit_inbox.RoutingTests.test_residue_never_preempts_a_l
ive_ticket) ... ok
test_a_changed_same_path_file_becomes_a_new_workable_generation (test_audit_inbox.SafeDeleteTests.test_a
_changed_same_path_file_becomes_a_new_workable_generation) ... ok
test_a_closed_unchanged_layer_is_deleted_and_nothing_else_is (test_audit_inbox.SafeDeleteTests.test_a_cl
osed_unchanged_layer_is_deleted_and_nothing_else_is) ... ok
test_a_layer_absent_before_cleanup_settles_idempotently (test_audit_inbox.SafeDeleteTests.test_a_layer_a
bsent_before_cleanup_settles_idempotently) ... ok
test_a_missing_transport_after_capture_never_loses_the_work (test_audit_inbox.SafeDeleteTests.test_a_mis
sing_transport_after_capture_never_loses_the_work) ... ok
test_changed_bytes_are_never_deleted_as_cleanup_for_the_old_generation (test_audit_inbox.SafeDeleteTests
.test_changed_bytes_are_never_deleted_as_cleanup_for_the_old_generation) ... ok
test_closure_evidence_survives_the_deleted_transport_file (test_audit_inbox.SafeDeleteTests.test_closure
_evidence_survives_the_deleted_transport_file) ... ok
test_remaining_layers_are_never_renumbered (test_audit_inbox.SafeDeleteTests.test_remaining_layers_are_n
ever_renumbered) ... ok
test_repeated_cleanup_after_a_successful_delete_is_idempotent (test_audit_inbox.SafeDeleteTests.test_rep
eated_cleanup_after_a_successful_delete_is_idempotent) ... ok
test_the_delete_is_journaled_before_the_destructive_effect (test_audit_inbox.SafeDeleteTests.test_the_de
lete_is_journaled_before_the_destructive_effect) ... ok
test_a_closed_duplicate_enters_cleanup_instead_of_reopening_work (test_audit_inbox.SourceIntegrationTest
s.test_a_closed_duplicate_enters_cleanup_instead_of_reopening_work) ... ok
test_a_fresh_layer_becomes_an_external_audit_receipt (test_audit_inbox.SourceIntegrationTests.test_a_fre
sh_layer_becomes_an_external_audit_receipt) ... ok
test_an_unresolved_receipt_can_never_pass_the_delete_gate (test_audit_inbox.SourceIntegrationTests.test_
an_unresolved_receipt_can_never_pass_the_delete_gate) ... ok
test_command_looking_audit_text_is_data_and_is_never_executed (test_audit_inbox.SourceIntegrationTests.t
est_command_looking_audit_text_is_data_and_is_never_executed) ... ok
test_exact_byte_duplicate_reuses_the_active_receipt (test_audit_inbox.SourceIntegrationTests.test_exact_
byte_duplicate_reuses_the_active_receipt) ... ok
test_linked_work_that_is_not_done_blocks_the_delete_gate (test_audit_inbox.SourceIntegrationTests.test_l
inked_work_that_is_not_done_blocks_the_delete_gate) ... ok
test_the_receipt_body_is_the_exact_audit_bytes (test_audit_inbox.SourceIntegrationTests.test_the_receipt
_body_is_the_exact_audit_bytes) ... ok
test_a_changed_generation_is_preserved_not_deleted (test_audit_transport_loop.Loop.test_a_changed_genera
tion_is_preserved_not_deleted) ... ok
test_a_cold_restart_reconstructs_provenance_from_disk_alone (test_audit_transport_loop.Loop.test_a_cold_
restart_reconstructs_provenance_from_disk_alone) ... ok
test_a_consumed_id_is_never_handed_out_again_after_restart (test_audit_transport_loop.Loop.test_a_consum
ed_id_is_never_handed_out_again_after_restart) ... ok
test_a_live_ticket_is_never_preempted_by_a_fresh_audit (test_audit_transport_loop.Loop.test_a_live_ticke
t_is_never_preempted_by_a_fresh_audit) ... ok
test_a_rejected_audit_still_reaches_a_terminal_transport_state (test_audit_transport_loop.Loop.test_a_re
jected_audit_still_reaches_a_terminal_transport_state) ... ok
test_concurrent_producers_never_collide (test_audit_transport_loop.Loop.test_concurrent_producers_never_
collide) ... ok
test_every_producer_shape_walks_discover_to_bound (test_audit_transport_loop.Loop.test_every_producer_sh
ape_walks_discover_to_bound) ... ok
test_a_clean_first_ingest_is_unchanged (test_audit_ingest_resume.IngestResumeTests.test_a_clean_first_in
gest_is_unchanged)
Positive control: the resume path did not disturb the normal one. ... ok
test_a_ticket_that_only_mentions_the_receipt_in_prose_is_not_adopted (test_audit_ingest_resume.IngestRes
umeTests.test_a_ticket_that_only_mentions_the_receipt_in_prose_is_not_adopted)
The lookup is a field/token match; prose must never acquire linkage. ... ok
test_repeating_the_command_is_idempotent (test_audit_ingest_resume.IngestResumeTests.test_repeating_the_
command_is_idempotent) ... ok
test_the_adopted_ticket_is_the_one_carrying_the_receipt_field (test_audit_ingest_resume.IngestResumeTest
s.test_the_adopted_ticket_is_the_one_carrying_the_receipt_field)
Machine-owned linkage, not a title-text guess. ... ok
test_the_crash_leaves_the_state_the_defect_describes (test_audit_ingest_resume.IngestResumeTests.test_th
e_crash_leaves_the_state_the_defect_describes)
Precondition control: without it the rest proves nothing. ... ok
test_the_retry_adopts_the_committed_ticket_and_makes_no_second_one (test_audit_ingest_resume.IngestResum
eTests.test_the_retry_adopts_the_committed_ticket_and_makes_no_second_one) ... ok
test_the_retry_consumes_the_state_the_router_prescribes_it_for (test_audit_ingest_resume.IngestResumeTes
ts.test_the_retry_consumes_the_state_the_router_prescribes_it_for) ... ok
test_the_structured_token_in_the_description_alone_adopts (test_audit_ingest_resume.IngestResumeTests.te
st_the_structured_token_in_the_description_alone_adopts)
The pre-linkage marker has to work on its own. ... ok
test_absent_projection_falls_back_to_canonical_scan_readonly (test_settled_projection.SettledProjectionT
ests.test_absent_projection_falls_back_to_canonical_scan_readonly) ... ok
test_append_below_bound_never_reads_sealed_bodies (test_settled_projection.SettledProjectionTests.test_a
ppend_below_bound_never_reads_sealed_bodies) ... ok
test_bounded_records_equal_snapshot_records (test_settled_projection.SettledProjectionTests.test_bounded
_records_equal_snapshot_records) ... ok
test_corrupt_projection_head_fails_closed_instead_of_legacy_scan (test_settled_projection.SettledProject
ionTests.test_corrupt_projection_head_fails_closed_instead_of_legacy_scan) ... ok
test_crash_shaped_token_mismatch_fails_closed (test_settled_projection.SettledProjectionTests.test_crash
_shaped_token_mismatch_fails_closed)
A receipt moved after the head's token (crash between move and ... ok
test_direct_caller_without_token_rebuilds_canonically (test_settled_projection.SettledProjectionTests.te
st_direct_caller_without_token_rebuilds_canonically)
A direct caller with no pre-move token never gets the bounded fold ... ok
test_match_query_cost_bounded_by_relevant_segments (test_settled_projection.SettledProjectionTests.test_
match_query_cost_bounded_by_relevant_segments) ... ok
test_normal_append_does_not_scale_with_sealed_segment_count (test_settled_projection.SettledProjectionTe
sts.test_normal_append_does_not_scale_with_sealed_segment_count)
R010-B red control: one normal append across growing sealed ... ok
test_ops_namespace_matches_stay_visible_on_bounded_path (test_settled_projection.SettledProjectionTests.
test_ops_namespace_matches_stay_visible_on_bounded_path) ... ok
test_population_scaling_counters (test_settled_projection.SettledProjectionTests.test_population_scaling
_counters)
100 / 1,000 / 10,000 receipts: hot cost stays bounded, not lifetime. ... ok
test_rebuild_and_advance_publish_bounded_projection (test_settled_projection.SettledProjectionTests.test
_rebuild_and_advance_publish_bounded_projection) ... ok
test_seal_happens_exactly_once_at_the_bound (test_settled_projection.SettledProjectionTests.test_seal_ha
ppens_exactly_once_at_the_bound) ... ok
test_seal_relocates_only_bounded_affected_locators (test_settled_projection.SettledProjectionTests.test_
seal_relocates_only_bounded_affected_locators)
Sealing the full tail relocates exactly the operations present in ... ok
test_settlement_advances_after_stale_projection (test_settled_projection.SettledProjectionTests.test_set
tlement_advances_after_stale_projection) ... ok
test_stale_projection_detected_without_opening_receipts (test_settled_projection.SettledProjectionTests.
test_stale_projection_detected_without_opening_receipts) ... ok
test_tampered_relevant_receipt_fails_closed (test_settled_projection.SettledProjectionTests.test_tampere
d_relevant_receipt_fails_closed) ... ok
test_tampered_unrelated_sealed_receipt_leaves_hot_lookup_clean_and_deep_red (test_settled_projection.Set
tledProjectionTests.test_tampered_unrelated_sealed_receipt_leaves_hot_lookup_clean_and_deep_red) ... ok
test_zero_match_never_enumerates_settled_namespace (test_settled_projection.SettledProjectionTests.test_
zero_match_never_enumerates_settled_namespace)
R010-A red control: a hot zero-match lookup must not enumerate ... ok
test_zero_match_query_never_decodes_or_opens_lifetime_receipts (test_settled_projection.SettledProjectio
nTests.test_zero_match_query_never_decodes_or_opens_lifetime_receipts) ... ok
test_archived_coverage_adding_unknown_requirement_refuses (test_audit_2026_08_28_all3.CoreArchiveSettlem
entTamperTests.test_archived_coverage_adding_unknown_requirement_refuses) ... ok
test_archived_coverage_changing_class_actionable_and_text_refuses (test_audit_2026_08_28_all3.CoreArchiv
eSettlementTamperTests.test_archived_coverage_changing_class_actionable_and_text_refuses) ... ok
test_archived_coverage_downgrading_terminal_disposition_refuses (test_audit_2026_08_28_all3.CoreArchiveS
ettlementTamperTests.test_archived_coverage_downgrading_terminal_disposition_refuses) ... ok
test_archived_coverage_dropping_contract_requirement_refuses (test_audit_2026_08_28_all3.CoreArchiveSett
lementTamperTests.test_archived_coverage_dropping_contract_requirement_refuses) ... ok
test_archived_coverage_removing_evidence_refuses (test_audit_2026_08_28_all3.CoreArchiveSettlementTamper
Tests.test_archived_coverage_removing_evidence_refuses) ... ok
test_archived_coverage_removing_verification_refuses (test_audit_2026_08_28_all3.CoreArchiveSettlementTa
mperTests.test_archived_coverage_removing_verification_refuses) ... ok
test_untampered_interrupted_close_settles_idempotently (test_audit_2026_08_28_all3.CoreArchiveSettlement
TamperTests.test_untampered_interrupted_close_settles_idempotently) ... ok
test_archived_coverage_and_contract_must_agree_when_both_carriers_exist (test_audit_2026_08_28_all3.Core
ArchiveStrictBundleTests.test_archived_coverage_and_contract_must_agree_when_both_carriers_exist) ... ok
test_archived_metadata_must_carry_received_at_utc (test_audit_2026_08_28_all3.CoreArchiveStrictBundleTes
ts.test_archived_metadata_must_carry_received_at_utc) ... ok
test_archived_redaction_digest_must_equal_archived_body (test_audit_2026_08_28_all3.CoreArchiveStrictBun
dleTests.test_archived_redaction_digest_must_equal_archived_body) ... ok
test_malformed_out_of_band_sibling_fails_closed (test_audit_2026_08_28_all3.CoreConformanceAppendRaceTes
ts.test_malformed_out_of_band_sibling_fails_closed) ... ok
test_valid_out_of_band_sibling_does_not_advance_append_proof (test_audit_2026_08_28_all3.CoreConformance
AppendRaceTests.test_valid_out_of_band_sibling_does_not_advance_append_proof) ... ok
test_valid_out_of_band_sibling_never_becomes_the_indexed_latest (test_audit_2026_08_28_all3.CoreConforma
nceAppendRaceTests.test_valid_out_of_band_sibling_never_becomes_the_indexed_latest)
With foreign history present, the O(1) locator must not launder the ... ok
test_added_covered_unlinked_receipt_drifts_planned_authority (test_audit_2026_08_28_all3.CorePlanAuthori
tyDriftTests.test_added_covered_unlinked_receipt_drifts_planned_authority) ... ok
test_archived_receipt_drifts_planned_authority (test_audit_2026_08_28_all3.CorePlanAuthorityDriftTests.t
est_archived_receipt_drifts_planned_authority) ... ok
test_mutated_authority_carrier_drifts_planned_authority (test_audit_2026_08_28_all3.CorePlanAuthorityDri
ftTests.test_mutated_authority_carrier_drifts_planned_authority) ... ok
test_planned_authority_is_clean_before_any_drift (test_audit_2026_08_28_all3.CorePlanAuthorityDriftTests
.test_planned_authority_is_clean_before_any_drift) ... ok
test_preflight_refuses_authority_drift_before_any_staging (test_audit_2026_08_28_all3.CorePlanAuthorityD
riftTests.test_preflight_refuses_authority_drift_before_any_staging) ... ok
test_removed_authority_carrier_drifts_planned_authority (test_audit_2026_08_28_all3.CorePlanAuthorityDri
ftTests.test_removed_authority_carrier_drifts_planned_authority) ... ok
test_release_plan_binds_source_authority_manifest_in_canonical (test_audit_2026_08_28_all3.CorePlanBindi
ngAuditTests.test_release_plan_binds_source_authority_manifest_in_canonical) ... warning: in the working
 copy of '.saipen/IDENTITY.md', LF will be replaced by CRLF the next time Git touches it
warning: in the working copy of '.saipen/recovery/settled/.receipt-index.json', LF will be replaced by C
RLF the next time Git touches it
warning: in the working copy of '.saipen/recovery/settled/op-migrate-lineage/operation.json', LF will be
 replaced by CRLF the next time Git touches it
ok
test_source_authority_manifest_drift_refuses_preflight_before_writes (test_audit_2026_08_28_all3.CorePla
nBindingAuditTests.test_source_authority_manifest_drift_refuses_preflight_before_writes) ... warning: in
 the working copy of '.saipen/IDENTITY.md', LF will be replaced by CRLF the next time Git touches it
warning: in the working copy of '.saipen/recovery/settled/.receipt-index.json', LF will be replaced by C
RLF the next time Git touches it
warning: in the working copy of '.saipen/recovery/settled/op-migrate-lineage/operation.json', LF will be
 replaced by CRLF the next time Git touches it
ok
test_capture_persists_exact_bytes_and_never_collapses_distinct_sources (test_audit_2026_08_28_all3.CoreS
ensitiveAuditTests.test_capture_persists_exact_bytes_and_never_collapses_distinct_sources)
CORE-001: two bodies differing by one token must be two receipts. ... ok
test_duplicate_capture_requires_byte_identical_input (test_audit_2026_08_28_all3.CoreSensitiveAuditTests
.test_duplicate_capture_requires_byte_identical_input)
CORE-001: dedupe is exact-bytes only; a one-byte change is new. ... ok
test_legacy_redacted_receipt_admits_lost_original_without_inventing_bytes (test_audit_2026_08_28_all3.Co
reSensitiveAuditTests.test_legacy_redacted_receipt_admits_lost_original_without_inventing_bytes)
CORE-001: a pre-repair redacted receipt states the original is gone. ... ok
test_release_gate_and_validate_refuse_archived_legacy_credential (test_audit_2026_08_28_all3.CoreSensiti
veAuditTests.test_release_gate_and_validate_refuse_archived_legacy_credential) ... ok
test_release_gate_refuses_legacy_sensitive_unsanitized_active_receipt (test_audit_2026_08_28_all3.CoreSe
nsitiveAuditTests.test_release_gate_refuses_legacy_sensitive_unsanitized_active_receipt) ... ok
test_sensitive_capture_flags_without_mutating_canonical_bytes (test_audit_2026_08_28_all3.CoreSensitiveA
uditTests.test_sensitive_capture_flags_without_mutating_canonical_bytes)
CORE-001: detection is metadata; the receipt keeps the exact body. ... ok
test_crew_release_counting_does_not_re_inventory (test_audit_2026_08_28_all3.CrewPlanSourceAuthorityOnce
Tests.test_crew_release_counting_does_not_re_inventory)
The post-T-1193 invariant: one call-scoped inventory. The crew ... ok
test_plan_crew_release_reuses_passed_inventory (test_audit_2026_08_28_all3.CrewPlanSourceAuthorityOnceTe
sts.test_plan_crew_release_reuses_passed_inventory) ... ok
test_archive_recovery_proves_bundle_before_settlement (test_audit_2026_08_28_all3.IntakeAuditTests.test_
archive_recovery_proves_bundle_before_settlement) ... ok
test_archived_status_refuses_corrupt_coverage (test_audit_2026_08_28_all3.IntakeAuditTests.test_archived
_status_refuses_corrupt_coverage) ... ok
test_corrupt_partial_archive_refusal_is_zero_write (test_audit_2026_08_28_all3.IntakeAuditTests.test_cor
rupt_partial_archive_refusal_is_zero_write) ... ok
test_release_gate_refuses_indexed_receipt_without_metadata (test_audit_2026_08_28_all3.IntakeAuditTests.
test_release_gate_refuses_indexed_receipt_without_metadata) ... ok
test_release_surface_preserves_source_authority_in_fresh_clone (test_audit_2026_08_28_all3.IntakeAuditTe
sts.test_release_surface_preserves_source_authority_in_fresh_clone) ... ok
test_source_body_limits_apply_before_write_and_during_recovery (test_audit_2026_08_28_all3.IntakeAuditTe
sts.test_source_body_limits_apply_before_write_and_during_recovery) ... ok
test_retry_semantics_include_causal_preconditions (test_audit_2026_08_28_all3.JournalAuditTests.test_ret
ry_semantics_include_causal_preconditions) ... ok
test_same_op_corrupt_journal_retry_preserves_evidence (test_audit_2026_08_28_all3.JournalAuditTests.test
_same_op_corrupt_journal_retry_preserves_evidence) ... ok
test_no_publish_plan_reuses_passed_inventory (test_audit_2026_08_28_all3.NoPublishPlanSourceAuthorityOnc
eTests.test_no_publish_plan_reuses_passed_inventory) ... ok
test_no_publish_release_counting_does_not_re_inventory (test_audit_2026_08_28_all3.NoPublishPlanSourceAu
thorityOnceTests.test_no_publish_release_counting_does_not_re_inventory) ... ok
test_ordinary_release_counting_does_not_re_inventory (test_audit_2026_08_28_all3.OrdinaryPlanSourceAutho
rityOnceTests.test_ordinary_release_counting_does_not_re_inventory) ... ok
test_conformance_history_tamper_blocks_append_and_lookup (test_audit_2026_08_28_all3.PerformanceAuditTes
ts.test_conformance_history_tamper_blocks_append_and_lookup) ... ok
test_conformance_index_bootstraps_once_then_appends_incrementally (test_audit_2026_08_28_all3.Performanc
eAuditTests.test_conformance_index_bootstraps_once_then_appends_incrementally) ... ok
test_context_renderers_keep_full_history_capture (test_audit_2026_08_28_all3.PerformanceAuditTests.test_
context_renderers_keep_full_history_capture) ... ok
test_corrupt_ready_is_preserved_instead_of_replaced (test_audit_2026_08_28_all3.PerformanceAuditTests.te
st_corrupt_ready_is_preserved_instead_of_replaced) ... ok
test_cross_process_writer_contention_has_stable_busy_codes (test_audit_2026_08_28_all3.PerformanceAuditT
ests.test_cross_process_writer_contention_has_stable_busy_codes) ... ok
test_focus_reads_are_prebounded_and_fingerprint_streams_stably (test_audit_2026_08_28_all3.PerformanceAu
ditTests.test_focus_reads_are_prebounded_and_fingerprint_streams_stably) ... ok
test_lean_and_full_project_snapshot_read_each_history_segment_once (test_audit_2026_08_28_all3.Performan
ceAuditTests.test_lean_and_full_project_snapshot_read_each_history_segment_once) ... ok
test_lean_project_snapshot_preserves_routing_fields_and_drops_renderings (test_audit_2026_08_28_all3.Per
formanceAuditTests.test_lean_project_snapshot_preserves_routing_fields_and_drops_renderings) ... ok
test_liveness_cache_lock_contention_is_non_blocking (test_audit_2026_08_28_all3.PerformanceAuditTests.te
st_liveness_cache_lock_contention_is_non_blocking) ... ok
test_nonretained_log_snapshot_preserves_semantics_and_digest (test_audit_2026_08_28_all3.PerformanceAudi
tTests.test_nonretained_log_snapshot_preserves_semantics_and_digest) ... ok
test_ready_publisher_and_reader_share_one_size_contract (test_audit_2026_08_28_all3.PerformanceAuditTest
s.test_ready_publisher_and_reader_share_one_size_contract) ... ok
test_runner_returns_bounded_utf8_replaced_tails (test_audit_2026_08_28_all3.PerformanceAuditTests.test_r
unner_returns_bounded_utf8_replaced_tails) ... ok
test_runner_timeout_reaps_descendant_and_returns_json_text (test_audit_2026_08_28_all3.PerformanceAuditT
ests.test_runner_timeout_reaps_descendant_and_returns_json_text) ... ok
test_settled_index_is_warm_and_content_authenticated (test_audit_2026_08_28_all3.PerformanceAuditTests.t
est_settled_index_is_warm_and_content_authenticated) ... ok
test_snapshot_history_ownership_refuses_symlink_and_directory (test_audit_2026_08_28_all3.PerformanceAud
itTests.test_snapshot_history_ownership_refuses_symlink_and_directory) ... ok
test_stage_g_reuses_one_predecessor_lookup (test_audit_2026_08_28_all3.PerformanceAuditTests.test_stage_
g_reuses_one_predecessor_lookup) ... ok
test_status_next_explain_are_identical_with_full_and_lean_capture (test_audit_2026_08_28_all3.Performanc
eAuditTests.test_status_next_explain_are_identical_with_full_and_lean_capture) ... ok
test_windows_reserved_device_entries_do_not_break_test_sandbox (test_audit_2026_08_28_all3.PerformanceAu
ditTests.test_windows_reserved_device_entries_do_not_break_test_sandbox) ... ok
test_historical_undo_does_not_mask_later_current_restore (test_audit_2026_08_28_all3.UndoAuditTests.test
_historical_undo_does_not_mask_later_current_restore) ... ok
test_unrelated_committed_receipt_never_satisfies_undo (test_audit_2026_08_28_all3.UndoAuditTests.test_un
related_committed_receipt_never_satisfies_undo) ... ok
test_absent_lineage_falls_back_to_legacy_without_mutating (test_conformance_lineage.ConformanceLineageTe
sts.test_absent_lineage_falls_back_to_legacy_without_mutating) ... ok
test_append_below_bound_hashes_no_sealed_receipt_bodies (test_conformance_lineage.ConformanceLineageTest
s.test_append_below_bound_hashes_no_sealed_receipt_bodies)
An append below the bound never re-hashes sealed receipt bodies: ... ok
test_append_does_not_rehash_sealed_history (test_conformance_lineage.ConformanceLineageTests.test_append
_does_not_rehash_sealed_history) ... ok
test_bounded_lookup_cost_is_constant_in_population (test_conformance_lineage.ConformanceLineageTests.tes
t_bounded_lookup_cost_is_constant_in_population) ... ok
test_canonical_append_never_enumerates_receipt_directory (test_conformance_lineage.ConformanceLineageTes
ts.test_canonical_append_never_enumerates_receipt_directory)
R011-A red control: the canonical append enumerates ZERO receipt ... ok
test_deep_validation_proves_complete_generation_authority (test_conformance_lineage.ConformanceLineageTe
sts.test_deep_validation_proves_complete_generation_authority)
The deep path proves the COMPLETE sealed-generation authority: ... ok
test_deleted_and_duplicated_and_reordered_history_goes_deep_red (test_conformance_lineage.ConformanceLin
eageTests.test_deleted_and_duplicated_and_reordered_history_goes_deep_red) ... ok
test_direct_caller_without_token_refuses_bounded_advance (test_conformance_lineage.ConformanceLineageTes
ts.test_direct_caller_without_token_refuses_bounded_advance)
A direct caller lacking a trustworthy pre-append token never ... ok
test_first_direct_caller_without_token_never_creates_lineage (test_conformance_lineage.ConformanceLineag
eTests.test_first_direct_caller_without_token_never_creates_lineage) ... ok
test_old_gate_latest_in_old_sealed_generation_is_authenticated_by_current_head (test_conformance_lineage
.ConformanceLineageTests.test_old_gate_latest_in_old_sealed_generation_is_authenticated_by_current_head)
R011-B red control: gen-0000 + gen-0001 + active. The latest ... ok
test_out_of_band_sibling_refuses_advance_and_never_becomes_indexed (test_conformance_lineage.Conformance
LineageTests.test_out_of_band_sibling_refuses_advance_and_never_becomes_indexed) ... ok
test_prior_token_mismatch_refuses_bounded_advance (test_conformance_lineage.ConformanceLineageTests.test
_prior_token_mismatch_refuses_bounded_advance)
A pre-append token that disagrees with the head (crash between ... ok
test_rebuild_is_idempotent_and_never_rewrites_receipt_bytes (test_conformance_lineage.ConformanceLineage
Tests.test_rebuild_is_idempotent_and_never_rewrites_receipt_bytes) ... ok
test_rebuild_latest_uses_completion_order_across_generations (test_conformance_lineage.ConformanceLineag
eTests.test_rebuild_latest_uses_completion_order_across_generations) ... ok
test_rebuild_then_bounded_latest_per_gate (test_conformance_lineage.ConformanceLineageTests.test_rebuild
_then_bounded_latest_per_gate) ... ok
test_tampered_generation_manifest_refuses (test_conformance_lineage.ConformanceLineageTests.test_tampere
d_generation_manifest_refuses) ... ok
test_tampered_locator_refuses (test_conformance_lineage.ConformanceLineageTests.test_tampered_locator_re
fuses) ... ok
test_tampered_referenced_receipt_refuses_bounded_trust (test_conformance_lineage.ConformanceLineageTests
.test_tampered_referenced_receipt_refuses_bounded_trust) ... ok
test_unrelated_sealed_tamper_leaves_latest_clean_and_deep_red (test_conformance_lineage.ConformanceLinea
geTests.test_unrelated_sealed_tamper_leaves_latest_clean_and_deep_red) ... ok
test_update_receipt_index_creates_and_advances_v2 (test_conformance_lineage.ConformanceLineageTests.test
_update_receipt_index_creates_and_advances_v2) ... ok
test_ci_invokes_the_bare_full_sweep (test_audit_scope.GateBindingTests.test_ci_invokes_the_bare_full_swe
ep) ... ok
test_no_workflow_passes_the_scoping_flag (test_audit_scope.GateBindingTests.test_no_workflow_passes_the_
scoping_flag) ... ok
test_ship_never_invokes_this_harness_at_all (test_audit_scope.GateBindingTests.test_ship_never_invokes_t
his_harness_at_all) ... ok
test_the_subset_needs_an_explicit_flag (test_audit_scope.GateBindingTests.test_the_subset_needs_an_expli
cit_flag) ... ok
test_every_declared_limitation_reaches_the_banner (test_audit_scope.NamedLimitationsTests.test_every_dec
lared_limitation_reaches_the_banner) ... ok
test_the_always_on_probes_are_declared_as_still_running (test_audit_scope.NamedLimitationsTests.test_the
_always_on_probes_are_declared_as_still_running) ... ok
test_the_banner_names_the_cross_reference_blind_spot (test_audit_scope.NamedLimitationsTests.test_the_ba
nner_names_the_cross_reference_blind_spot) ... ok
test_the_banner_says_it_is_not_the_full_sweep (test_audit_scope.NamedLimitationsTests.test_the_banner_sa
ys_it_is_not_the_full_sweep) ... ok
test_a_scoped_failure_never_emits_the_full_sweep_sentence (test_audit_scope.NoTotalTests.test_a_scoped_f
ailure_never_emits_the_full_sweep_sentence) ... ok
test_a_scoped_line_never_reads_as_n_of_the_whole_suite (test_audit_scope.NoTotalTests.test_a_scoped_line
_never_reads_as_n_of_the_whole_suite) ... ok
test_a_scoped_run_always_names_what_it_did_not_run (test_audit_scope.NoTotalTests.test_a_scoped_run_alwa
ys_names_what_it_did_not_run) ... ok
test_a_scoped_success_never_emits_the_full_sweep_sentence (test_audit_scope.NoTotalTests.test_a_scoped_s
uccess_never_emits_the_full_sweep_sentence) ... ok
test_every_scoped_line_is_marked_scoped (test_audit_scope.NoTotalTests.test_every_scoped_line_is_marked_
scoped) ... ok
test_no_scoped_line_starts_with_pass (test_audit_scope.NoTotalTests.test_no_scoped_line_starts_with_pass
) ... ok
test_the_full_sweep_still_owns_its_sentence (test_audit_scope.NoTotalTests.test_the_full_sweep_still_own
s_its_sentence) ... ok
test_a_multi_mutation_is_selected_by_any_file_it_declares (test_audit_scope.SelectionTests.test_a_multi_
mutation_is_selected_by_any_file_it_declares) ... ok
test_an_empty_changed_set_is_scoped_not_upgraded_to_full (test_audit_scope.SelectionTests.test_an_empty_
changed_set_is_scoped_not_upgraded_to_full) ... ok
test_an_unrelated_path_selects_nothing (test_audit_scope.SelectionTests.test_an_unrelated_path_selects_n
othing) ... ok
test_declared_paths_never_touch_the_disk (test_audit_scope.SelectionTests.test_declared_paths_never_touc
h_the_disk) ... ok
test_every_selected_case_declares_a_changed_path (test_audit_scope.SelectionTests.test_every_selected_ca
se_declares_a_changed_path) ... ok
test_no_flag_means_the_full_sweep (test_audit_scope.SelectionTests.test_no_flag_means_the_full_sweep) ..
. ok
test_no_unselected_case_declares_a_changed_path (test_audit_scope.SelectionTests.test_no_unselected_case
_declares_a_changed_path) ... ok
test_paths_are_additive (test_audit_scope.SelectionTests.test_paths_are_additive) ... ok
test_selection_is_a_strict_subset_of_the_suite (test_audit_scope.SelectionTests.test_selection_is_a_stri
ct_subset_of_the_suite) ... ok
test_the_equals_form_is_accepted (test_audit_scope.SelectionTests.test_the_equals_form_is_accepted) ... 
ok
test_windows_separators_and_dot_slash_normalize (test_audit_scope.SelectionTests.test_windows_separators
_and_dot_slash_normalize) ... ok

----------------------------------------------------------------------
Ran 330 tests in 629.837s

OK
