PASS: [sh] missing STATE.md -- floor reports 'STATE.md missing'
PASS: [sh] missing BOARD.md -- floor reports 'BOARD.md missing'
PASS: [sh] missing LOG.md -- floor reports 'LOG.md missing'
PASS: [sh] bad mode -- floor reports 'missing mode'
PASS: [sh] goal intent without goal_waves -- floor reports 'goal_waves counter missing'
PASS: [sh] goal intent without goal_tickets -- floor reports 'goal_tickets counter missing'
PASS: [sh] cyclic needs -- floor reports 'cyclic needs'
PASS: [sh] duplicate ticket ID -- floor reports 'duplicate ticket ID'
PASS: [sh] dangling needs -- floor reports 'dangling needs'
PASS: [sh] missing BOARD heading -- floor reports 'missing required section heading'
PASS: [sh] malformed LOG line -- floor reports 'Graph Event format'
PASS: [sh] required field phase missing -- floor reports 'missing valid phase'
PASS: [sh] required field task missing -- floor reports 'missing task'
PASS: [sh] required field next_action missing -- floor reports 'missing next_action'
PASS: [sh] required field blocker missing -- floor reports 'missing blocker'
PASS: [sh] required field agent missing -- floor reports 'missing agent'
PASS: [sh] required field saipen_version missing -- floor reports 'missing saipen_version'
PASS: [sh] required field mode missing -- floor reports 'missing mode'
PASS: [sh] required field updated missing -- floor reports 'missing updated'
PASS: [sh] read-only in INIT -- floor reports 'read-only MUST NOT enter'
PASS: [sh] read-only in PLAN -- floor reports 'read-only MUST NOT enter'
PASS: [sh] read-only in SCOUT -- floor reports 'read-only MUST NOT enter'
PASS: [sh] read-only in BUILD -- floor reports 'read-only MUST NOT enter'
PASS: [sh] read-only in SHIP -- floor reports 'read-only MUST NOT enter'
PASS: [sh] read-only in ADD -- floor reports 'read-only MUST NOT enter'
PASS: [sh] read-only in CLEAN -- floor reports 'read-only MUST NOT enter'
PASS: [sh] read-only in TRANSLATE -- floor reports 'read-only MUST NOT enter'
PASS: [sh] read-only in PREPARE -- floor reports 'read-only MUST NOT enter'
PASS: [sh] LOG sed-rc7 process failure -- exits nonzero before LOG PASS or floor completion
PASS: [ps1] missing STATE.md -- floor reports 'STATE.md missing'
PASS: [ps1] missing BOARD.md -- floor reports 'BOARD.md missing'
PASS: [ps1] missing LOG.md -- floor reports 'LOG.md missing'
PASS: [ps1] bad mode -- floor reports 'missing mode'
PASS: [ps1] goal intent without goal_waves -- floor reports 'goal_waves counter missing'
PASS: [ps1] goal intent without goal_tickets -- floor reports 'goal_tickets counter missing'
PASS: [ps1] cyclic needs -- floor reports 'cyclic needs'
PASS: [ps1] duplicate ticket ID -- floor reports 'duplicate ticket ID'
PASS: [ps1] dangling needs -- floor reports 'dangling needs'
PASS: [ps1] missing BOARD heading -- floor reports 'missing required section heading'
PASS: [ps1] malformed LOG line -- floor reports 'Graph Event format'
PASS: [ps1] required field phase missing -- floor reports 'missing valid phase'
PASS: [ps1] required field task missing -- floor reports 'missing task'
PASS: [ps1] required field next_action missing -- floor reports 'missing next_action'
PASS: [ps1] required field blocker missing -- floor reports 'missing blocker'
PASS: [ps1] required field agent missing -- floor reports 'missing agent'
PASS: [ps1] required field saipen_version missing -- floor reports 'missing saipen_version'
PASS: [ps1] required field mode missing -- floor reports 'missing mode'
PASS: [ps1] required field updated missing -- floor reports 'missing updated'
PASS: [ps1] read-only in INIT -- floor reports 'read-only MUST NOT enter'
PASS: [ps1] read-only in PLAN -- floor reports 'read-only MUST NOT enter'
PASS: [ps1] read-only in SCOUT -- floor reports 'read-only MUST NOT enter'
PASS: [ps1] read-only in BUILD -- floor reports 'read-only MUST NOT enter'
PASS: [ps1] read-only in SHIP -- floor reports 'read-only MUST NOT enter'
PASS: [ps1] read-only in ADD -- floor reports 'read-only MUST NOT enter'
PASS: [ps1] read-only in CLEAN -- floor reports 'read-only MUST NOT enter'
PASS: [ps1] read-only in TRANSLATE -- floor reports 'read-only MUST NOT enter'
PASS: [ps1] read-only in PREPARE -- floor reports 'read-only MUST NOT enter'

28 checks x 2 half/halves audited (sh, ps1)
Every audited portable-floor check still goes red on its own condition.
