python : ........................................warning: in the working copy of '.saipen/IDENTITY.md', 
LF will be replaced by CRLF the next time Git touches it
At line:1 char:138
+ ... -unit.log"; python -m unittest discover -s tools -p "test_*.py" 2>&1  ...
+                 ~~~~~~~~~~~~~~~~~~~~~~~~~~~~~~~~~~~~~~~~~~~~~~~~~~~~~~~~
    + CategoryInfo          : NotSpecified: (.................. Git touches it:String) [], RemoteExcept 
   ion
    + FullyQualifiedErrorId : NativeCommandError
 
warning: in the working copy of '.saipen/recovery/settled/.receipt-index.json', LF will be replaced by C
RLF the next time Git touches it
warning: in the working copy of '.saipen/recovery/settled/op-migrate-lineage/operation.json', LF will be
 replaced by CRLF the next time Git touches it
.warning: in the working copy of '.saipen/IDENTITY.md', LF will be replaced by CRLF the next time Git to
uches it
warning: in the working copy of '.saipen/recovery/settled/.receipt-index.json', LF will be replaced by C
RLF the next time Git touches it
warning: in the working copy of '.saipen/recovery/settled/op-migrate-lineage/operation.json', LF will be
 replaced by CRLF the next time Git touches it
...........................................warning: in the working copy of '.saipen/IDENTITY.md', LF wil
l be replaced by CRLF the next time Git touches it
warning: in the working copy of '.saipen/recovery/settled/.receipt-index.json', LF will be replaced by C
RLF the next time Git touches it
warning: in the working copy of '.saipen/recovery/settled/op-migrate-lineage/operation.json', LF will be
 replaced by CRLF the next time Git touches it
.warning: in the working copy of '.saipen/IDENTITY.md', LF will be replaced by CRLF the next time Git to
uches it
warning: in the working copy of '.saipen/recovery/settled/.receipt-index.json', LF will be replaced by C
RLF the next time Git touches it
warning: in the working copy of '.saipen/recovery/settled/op-migrate-lineage/operation.json', LF will be
 replaced by CRLF the next time Git touches it
........................................................................................................
........................................................................................................
........................................................................................................
........................................................................................................
............s............................................................................warning: in the
 working copy of '.saipen/IDENTITY.md', LF will be replaced by CRLF the next time Git touches it
warning: in the working copy of '.saipen/recovery/settled/.receipt-index.json', LF will be replaced by C
RLF the next time Git touches it
warning: in the working copy of '.saipen/recovery/settled/op-migrate-lineage/operation.json', LF will be
 replaced by CRLF the next time Git touches it
....warning: in the working copy of '.saipen/IDENTITY.md', LF will be replaced by CRLF the next time Git
 touches it
warning: in the working copy of '.saipen/recovery/settled/.receipt-index.json', LF will be replaced by C
RLF the next time Git touches it
warning: in the working copy of '.saipen/recovery/settled/op-migrate-lineage/operation.json', LF will be
 replaced by CRLF the next time Git touches it
warning: in the working copy of '.saipen/IDENTITY.md', LF will be replaced by CRLF the next time Git tou
ches it
warning: in the working copy of '.saipen/recovery/settled/.receipt-index.json', LF will be replaced by C
RLF the next time Git touches it
warning: in the working copy of '.saipen/recovery/settled/op-migrate-lineage/operation.json', LF will be
 replaced by CRLF the next time Git touches it
warning: in the working copy of '.saipen/milestones/CP-001/manifest.json', LF will be replaced by CRLF t
he next time Git touches it
warning: in the working copy of '.saipen/milestones/current.json', LF will be replaced by CRLF the next 
time Git touches it
warning: in the working copy of '.saipen/recovery/settled/milestone-394e2b0856a34aac/operation.json', LF
 will be replaced by CRLF the next time Git touches it
...warning: in the working copy of '.saipen/IDENTITY.md', LF will be replaced by CRLF the next time Git 
touches it
warning: in the working copy of '.saipen/recovery/settled/.receipt-index.json', LF will be replaced by C
RLF the next time Git touches it
warning: in the working copy of '.saipen/recovery/settled/op-migrate-lineage/operation.json', LF will be
 replaced by CRLF the next time Git touches it
........................................................................................................
.....................................................................................F.....F............
........................................................................................................
.........................................................................................F..............
.s......................................................................................................
........................................................................................................
...............................................
======================================================================
FAIL: test_the_two_transports_agree (test_inject_digest.SurfaceDigest.test_the_two_transports_agree)
----------------------------------------------------------------------
Traceback (most recent call last):
  File "V:\_TEMP_\opencode\t1298-candidate\tools\test_inject_digest.py", line 221, in test_the_two_trans
ports_agree
    self.assertNotEqual(
AssertionError: b"# saipen BOOT -- cold-start router\r\n\r\nBOOT defines no protocol rule. It decides wh
at evidence and which single owner\r\nmust be loaded next. Rule IDs and machine facts live in `REGISTRY.
json`; the\r\nhuman ownership map lives in `INDEX.md`.\r\n\r\n## Cold route\r\n\r\n1. **Load `STYLE.md` 
beside this BOOT.md before user-visible output.** Its\r\n   `reply_language:` value and style contract g
overn the first token. Invalid or unreadable style\r\n   authority is a bootstrap failure, never permiss
ion to guess.\r\n\r\n2. **Bind the project and installation.** Explicit target wins; otherwise use\r\n  
 the Git worktree root, then the nearest ancestor containing `.saipen/`.\r\n   Project memory is exactly
 `<project_root>/.saipen/`. Bind `saipen_home` from\r\n   the loaded skill/STATE anchor, then resolve `p
rotocol_dir` as either\r\n   `<saipen_home>/saipen` or `<saipen_home>`. Do not scan for another install.
\r\n   If neither layout contains this file, route to BLOCKED. A root without\r\n   `.saipen/` routes to
 INIT.\r\n\r\n3. **Read and validate `.saipen/STATE.md`.** Check the registry-owned STATE\r\n   shape, p
hase and `last_event`/style bindings. Corrupt or contradictory state\r\n   routes to recovery before any
 ordinary work (`RECOVERY-01`, `OPS.md`). A\r\n   legacy readable schema is upgraded only through the ne
xt canonical\r\n   checkpoint. Files outrank model memory.\r\n\r\n4. **Activate only applicable context.
**\r\n\r\n   - Skill injection present: load its SPEC and the smallest matching skill.\r\n   - Active Wo
rk names a receipt: load the exact source, current Contract and\r\n     coverage (`SOURCE-AUTHORITY-01`,
 `SOURCES.md`).\r\n   - Current objective matches project knowledge: use `.saipen/KNOWLEDGE/INDEX.md`\r\
n     when fresh, then load only the smallest relevant active card/file set;\r\n     missing/stale INDEX
 falls back to targeted discovery and is never authority.\r\n   - USERPERSON is advertised by the effect
ive context: load that effective\r\n     profile before discretionary choices; otherwise create and warn
 nothing.\r\n   - Runtime identity/capabilities are needed: query the runtime projection and\r\n     loa
d `RUNTIME.md`.\r\n\r\n5. **Read `.saipen/BOARD.md`, then the active `LOG.md` tail.** Sealed log\r\n   s
egments stay cold unless a parent-chain check needs them. Apply a pending\r\n   `human_note` once throug
h the canonical operation. If another actor wrote a\r\n   newer checkpoint, discard remembered state and
 use the files.\r\n\r\n6. **Resolve current input before persisted continuation.**\r\n\r\n   Current inp
ut wins: the user's own message outranks the file. A persisted\r\n   `next_action` is the\r\n   previous
 checkpoint's pre-computed pick; where the mechanical router cannot\r\n   re-derive it, confirm it again
st BOARD. Immediate means without asking, never without looking.\r\n\r\n   - **Compound input first:** d
elegate lexical ordering and chain disposition\r\n     to the mechanical resolver and `COMMANDS.md` befo
re interpreting a segment.\r\n   - A recognized command/shortcut resolves mechanically from `REGISTRY.js
on`.\r\n     Human semantics come from `COMMANDS.md` (`CMD-ROUTING-01`,\r\n     `CMD-COMPOUND-01`), neve
r from CORE command prose.\r\n   - A substantial audit, mission, specification, review handoff or correc
tion\r\n     is captured before interpretation; route details to `SOURCES.md`.\r\n   - An actionable obj
ective routes to goal execution in `MAINTENANCE.md`\r\n     (`GOAL-01`). Read-only or plan-only requests
 retain that scope.\r\n   - With no new instruction, ask the deterministic router for the current\r\n   
  action. If the engine is unavailable, apply the registry/CORE Pick and\r\n     routing invariants (`PI
CK-01`). A persisted `WAIT:` is returned verbatim.\r\n\r\n7. **Load one owner, not the library.** Use `I
NDEX.md` to select the exact rule\r\n   owner. For a command, load `COMMANDS.md`; for mechanics/recovery
, `OPS.md`;\r\n   for source authority, `SOURCES.md`; for execution/output policy,\r\n   `EXECUTION.md`;
 for goal/autonomous behavior, `MAINTENANCE.md`; for a global\r\n   state invariant only, `CORE.md`. `CO
NFORMANCE.md` and `CHANGELOG.md` are\r\n   excluded from routine execution.\r\n\r\n8. **Load exactly one
 phase delta.** Use the phase returned by the current\r\n   route and open `phases/<phase>.md`. Replace 
it when the phase changes. Never\r\n   infer a phase from stale remembered state.\r\n\r\n9. **Checkpoint
 canonically.** Mutations use the mechanical operation layer.\r\n   The checkpoint owner is `CHECKPOINT-
01`: LOG, then BOARD, then STATE; read\r\n   all three back and run the validator at ticket/phase bounda
ries. Never edit\r\n   a dead `saipen_home` pointer by guesswork; route rebind through the command\r\n  
 and operation owners.\r\n\r\n## Routing failures\r\n\r\n- Missing/unreadable owner or installation: BLO
CKED with the exact path.\r\n- Source integrity/coverage failure: `SOURCES.md` decides; never continue f
rom\r\n  a summary or memory.\r\n- Recovery or pending operation: `OPS.md` decides before normal routing
.\r\n- Unknown command: resolve registered extensions, then show the mechanical\r\n  command list; never
 invent a meaning.\r\n- `CONFORMANCE.md` remains excluded unless the current task explicitly owns a\r\n 
 conformance-corpus/validator change.\r\n\r\n`CHANGELOG.md` is never part of cold start. `CONFORMANCE.md
` is never routine\r\ncontext. `STYLE.md` governs every chat response; artifacts remain professional.\r\
n" == b"# saipen BOOT -- cold-start router\r\n\r\nBOOT defines no protocol rule. It decides what evidenc
e and which single owner\r\nmust be loaded next. Rule IDs and machine facts live in `REGISTRY.json`; the
\r\nhuman ownership map lives in `INDEX.md`.\r\n\r\n## Cold route\r\n\r\n1. **Load `STYLE.md` beside thi
s BOOT.md before user-visible output.** Its\r\n   `reply_language:` value and style contract govern the 
first token. Invalid or unreadable style\r\n   authority is a bootstrap failure, never permission to gue
ss.\r\n\r\n2. **Bind the project and installation.** Explicit target wins; otherwise use\r\n   the Git w
orktree root, then the nearest ancestor containing `.saipen/`.\r\n   Project memory is exactly `<project
_root>/.saipen/`. Bind `saipen_home` from\r\n   the loaded skill/STATE anchor, then resolve `protocol_di
r` as either\r\n   `<saipen_home>/saipen` or `<saipen_home>`. Do not scan for another install.\r\n   If 
neither layout contains this file, route to BLOCKED. A root without\r\n   `.saipen/` routes to INIT.\r\n
\r\n3. **Read and validate `.saipen/STATE.md`.** Check the registry-owned STATE\r\n   shape, phase and `
last_event`/style bindings. Corrupt or contradictory state\r\n   routes to recovery before any ordinary 
work (`RECOVERY-01`, `OPS.md`). A\r\n   legacy readable schema is upgraded only through the next canonic
al\r\n   checkpoint. Files outrank model memory.\r\n\r\n4. **Activate only applicable context.**\r\n\r\n
   - Skill injection present: load its SPEC and the smallest matching skill.\r\n   - Active Work names a
 receipt: load the exact source, current Contract and\r\n     coverage (`SOURCE-AUTHORITY-01`, `SOURCES.
md`).\r\n   - Current objective matches project knowledge: use `.saipen/KNOWLEDGE/INDEX.md`\r\n     when
 fresh, then load only the smallest relevant active card/file set;\r\n     missing/stale INDEX falls bac
k to targeted discovery and is never authority.\r\n   - USERPERSON is advertised by the effective contex
t: load that effective\r\n     profile before discretionary choices; otherwise create and warn nothing.\
r\n   - Runtime identity/capabilities are needed: query the runtime projection and\r\n     load `RUNTIME
.md`.\r\n\r\n5. **Read `.saipen/BOARD.md`, then the active `LOG.md` tail.** Sealed log\r\n   segments st
ay cold unless a parent-chain check needs them. Apply a pending\r\n   `human_note` once through the cano
nical operation. If another actor wrote a\r\n   newer checkpoint, discard remembered state and use the f
iles.\r\n\r\n6. **Resolve current input before persisted continuation.**\r\n\r\n   Current input wins: t
he user's own message outranks the file. A persisted\r\n   `next_action` is the\r\n   previous checkpoin
t's pre-computed pick; where the mechanical router cannot\r\n   re-derive it, confirm it against BOARD. 
Immediate means without asking, never without looking.\r\n\r\n   - **Compound input first:** delegate le
xical ordering and chain disposition\r\n     to the mechanical resolver and `COMMANDS.md` before interpr
eting a segment.\r\n   - A recognized command/shortcut resolves mechanically from `REGISTRY.json`.\r\n  
   Human semantics come from `COMMANDS.md` (`CMD-ROUTING-01`,\r\n     `CMD-COMPOUND-01`), never from COR
E command prose.\r\n   - A substantial audit, mission, specification, review handoff or correction\r\n  
   is captured before interpretation; route details to `SOURCES.md`.\r\n   - An actionable objective rou
tes to goal execution in `MAINTENANCE.md`\r\n     (`GOAL-01`). Read-only or plan-only requests retain th
at scope.\r\n   - With no new instruction, ask the deterministic router for the current\r\n     action. 
If the engine is unavailable, apply the registry/CORE Pick and\r\n     routing invariants (`PICK-01`). A
 persisted `WAIT:` is returned verbatim.\r\n\r\n7. **Load one owner, not the library.** Use `INDEX.md` t
o select the exact rule\r\n   owner. For a command, load `COMMANDS.md`; for mechanics/recovery, `OPS.md`
;\r\n   for source authority, `SOURCES.md`; for execution/output policy,\r\n   `EXECUTION.md`; for goal/
autonomous behavior, `MAINTENANCE.md`; for a global\r\n   state invariant only, `CORE.md`. `CONFORMANCE.
md` and `CHANGELOG.md` are\r\n   excluded from routine execution.\r\n\r\n8. **Load exactly one phase del
ta.** Use the phase returned by the current\r\n   route and open `phases/<phase>.md`. Replace it when th
e phase changes. Never\r\n   infer a phase from stale remembered state.\r\n\r\n9. **Checkpoint canonical
ly.** Mutations use the mechanical operation layer.\r\n   The checkpoint owner is `CHECKPOINT-01`: LOG, 
then BOARD, then STATE; read\r\n   all three back and run the validator at ticket/phase boundaries. Neve
r edit\r\n   a dead `saipen_home` pointer by guesswork; route rebind through the command\r\n   and opera
tion owners.\r\n\r\n## Routing failures\r\n\r\n- Missing/unreadable owner or installation: BLOCKED with 
the exact path.\r\n- Source integrity/coverage failure: `SOURCES.md` decides; never continue from\r\n  a
 summary or memory.\r\n- Recovery or pending operation: `OPS.md` decides before normal routing.\r\n- Unk
nown command: resolve registered extensions, then show the mechanical\r\n  command list; never invent a 
meaning.\r\n- `CONFORMANCE.md` remains excluded unless the current task explicitly owns a\r\n  conforman
ce-corpus/validator change.\r\n\r\n`CHANGELOG.md` is never part of cold start. `CONFORMANCE.md` is never
 routine\r\ncontext. `STYLE.md` governs every chat response; artifacts remain professional.\r\n"

======================================================================
FAIL: test_line_endings_alone_are_not_drift (test_install_drift.DriftReportTests.test_line_endings_alone
_are_not_drift)
The T-1253 boundary: the snapshot ships CRLF, the clone holds LF.
----------------------------------------------------------------------
Traceback (most recent call last):
  File "V:\_TEMP_\opencode\t1298-candidate\tools\test_install_drift.py", line 95, in test_line_endings_a
lone_are_not_drift
    self.assertNotEqual(crlf, source)
AssertionError: b"# saipen BOOT -- cold-start router\r\n\r\nBOOT defines no protocol rule. It decides wh
at evidence and which single owner\r\nmust be loaded next. Rule IDs and machine facts live in `REGISTRY.
json`; the\r\nhuman ownership map lives in `INDEX.md`.\r\n\r\n## Cold route\r\n\r\n1. **Load `STYLE.md` 
beside this BOOT.md before user-visible output.** Its\r\n   `reply_language:` value and style contract g
overn the first token. Invalid or unreadable style\r\n   authority is a bootstrap failure, never permiss
ion to guess.\r\n\r\n2. **Bind the project and installation.** Explicit target wins; otherwise use\r\n  
 the Git worktree root, then the nearest ancestor containing `.saipen/`.\r\n   Project memory is exactly
 `<project_root>/.saipen/`. Bind `saipen_home` from\r\n   the loaded skill/STATE anchor, then resolve `p
rotocol_dir` as either\r\n   `<saipen_home>/saipen` or `<saipen_home>`. Do not scan for another install.
\r\n   If neither layout contains this file, route to BLOCKED. A root without\r\n   `.saipen/` routes to
 INIT.\r\n\r\n3. **Read and validate `.saipen/STATE.md`.** Check the registry-owned STATE\r\n   shape, p
hase and `last_event`/style bindings. Corrupt or contradictory state\r\n   routes to recovery before any
 ordinary work (`RECOVERY-01`, `OPS.md`). A\r\n   legacy readable schema is upgraded only through the ne
xt canonical\r\n   checkpoint. Files outrank model memory.\r\n\r\n4. **Activate only applicable context.
**\r\n\r\n   - Skill injection present: load its SPEC and the smallest matching skill.\r\n   - Active Wo
rk names a receipt: load the exact source, current Contract and\r\n     coverage (`SOURCE-AUTHORITY-01`,
 `SOURCES.md`).\r\n   - Current objective matches project knowledge: use `.saipen/KNOWLEDGE/INDEX.md`\r\
n     when fresh, then load only the smallest relevant active card/file set;\r\n     missing/stale INDEX
 falls back to targeted discovery and is never authority.\r\n   - USERPERSON is advertised by the effect
ive context: load that effective\r\n     profile before discretionary choices; otherwise create and warn
 nothing.\r\n   - Runtime identity/capabilities are needed: query the runtime projection and\r\n     loa
d `RUNTIME.md`.\r\n\r\n5. **Read `.saipen/BOARD.md`, then the active `LOG.md` tail.** Sealed log\r\n   s
egments stay cold unless a parent-chain check needs them. Apply a pending\r\n   `human_note` once throug
h the canonical operation. If another actor wrote a\r\n   newer checkpoint, discard remembered state and
 use the files.\r\n\r\n6. **Resolve current input before persisted continuation.**\r\n\r\n   Current inp
ut wins: the user's own message outranks the file. A persisted\r\n   `next_action` is the\r\n   previous
 checkpoint's pre-computed pick; where the mechanical router cannot\r\n   re-derive it, confirm it again
st BOARD. Immediate means without asking, never without looking.\r\n\r\n   - **Compound input first:** d
elegate lexical ordering and chain disposition\r\n     to the mechanical resolver and `COMMANDS.md` befo
re interpreting a segment.\r\n   - A recognized command/shortcut resolves mechanically from `REGISTRY.js
on`.\r\n     Human semantics come from `COMMANDS.md` (`CMD-ROUTING-01`,\r\n     `CMD-COMPOUND-01`), neve
r from CORE command prose.\r\n   - A substantial audit, mission, specification, review handoff or correc
tion\r\n     is captured before interpretation; route details to `SOURCES.md`.\r\n   - An actionable obj
ective routes to goal execution in `MAINTENANCE.md`\r\n     (`GOAL-01`). Read-only or plan-only requests
 retain that scope.\r\n   - With no new instruction, ask the deterministic router for the current\r\n   
  action. If the engine is unavailable, apply the registry/CORE Pick and\r\n     routing invariants (`PI
CK-01`). A persisted `WAIT:` is returned verbatim.\r\n\r\n7. **Load one owner, not the library.** Use `I
NDEX.md` to select the exact rule\r\n   owner. For a command, load `COMMANDS.md`; for mechanics/recovery
, `OPS.md`;\r\n   for source authority, `SOURCES.md`; for execution/output policy,\r\n   `EXECUTION.md`;
 for goal/autonomous behavior, `MAINTENANCE.md`; for a global\r\n   state invariant only, `CORE.md`. `CO
NFORMANCE.md` and `CHANGELOG.md` are\r\n   excluded from routine execution.\r\n\r\n8. **Load exactly one
 phase delta.** Use the phase returned by the current\r\n   route and open `phases/<phase>.md`. Replace 
it when the phase changes. Never\r\n   infer a phase from stale remembered state.\r\n\r\n9. **Checkpoint
 canonically.** Mutations use the mechanical operation layer.\r\n   The checkpoint owner is `CHECKPOINT-
01`: LOG, then BOARD, then STATE; read\r\n   all three back and run the validator at ticket/phase bounda
ries. Never edit\r\n   a dead `saipen_home` pointer by guesswork; route rebind through the command\r\n  
 and operation owners.\r\n\r\n## Routing failures\r\n\r\n- Missing/unreadable owner or installation: BLO
CKED with the exact path.\r\n- Source integrity/coverage failure: `SOURCES.md` decides; never continue f
rom\r\n  a summary or memory.\r\n- Recovery or pending operation: `OPS.md` decides before normal routing
.\r\n- Unknown command: resolve registered extensions, then show the mechanical\r\n  command list; never
 invent a meaning.\r\n- `CONFORMANCE.md` remains excluded unless the current task explicitly owns a\r\n 
 conformance-corpus/validator change.\r\n\r\n`CHANGELOG.md` is never part of cold start. `CONFORMANCE.md
` is never routine\r\ncontext. `STYLE.md` governs every chat response; artifacts remain professional.\r\
n" == b"# saipen BOOT -- cold-start router\r\n\r\nBOOT defines no protocol rule. It decides what evidenc
e and which single owner\r\nmust be loaded next. Rule IDs and machine facts live in `REGISTRY.json`; the
\r\nhuman ownership map lives in `INDEX.md`.\r\n\r\n## Cold route\r\n\r\n1. **Load `STYLE.md` beside thi
s BOOT.md before user-visible output.** Its\r\n   `reply_language:` value and style contract govern the 
first token. Invalid or unreadable style\r\n   authority is a bootstrap failure, never permission to gue
ss.\r\n\r\n2. **Bind the project and installation.** Explicit target wins; otherwise use\r\n   the Git w
orktree root, then the nearest ancestor containing `.saipen/`.\r\n   Project memory is exactly `<project
_root>/.saipen/`. Bind `saipen_home` from\r\n   the loaded skill/STATE anchor, then resolve `protocol_di
r` as either\r\n   `<saipen_home>/saipen` or `<saipen_home>`. Do not scan for another install.\r\n   If 
neither layout contains this file, route to BLOCKED. A root without\r\n   `.saipen/` routes to INIT.\r\n
\r\n3. **Read and validate `.saipen/STATE.md`.** Check the registry-owned STATE\r\n   shape, phase and `
last_event`/style bindings. Corrupt or contradictory state\r\n   routes to recovery before any ordinary 
work (`RECOVERY-01`, `OPS.md`). A\r\n   legacy readable schema is upgraded only through the next canonic
al\r\n   checkpoint. Files outrank model memory.\r\n\r\n4. **Activate only applicable context.**\r\n\r\n
   - Skill injection present: load its SPEC and the smallest matching skill.\r\n   - Active Work names a
 receipt: load the exact source, current Contract and\r\n     coverage (`SOURCE-AUTHORITY-01`, `SOURCES.
md`).\r\n   - Current objective matches project knowledge: use `.saipen/KNOWLEDGE/INDEX.md`\r\n     when
 fresh, then load only the smallest relevant active card/file set;\r\n     missing/stale INDEX falls bac
k to targeted discovery and is never authority.\r\n   - USERPERSON is advertised by the effective contex
t: load that effective\r\n     profile before discretionary choices; otherwise create and warn nothing.\
r\n   - Runtime identity/capabilities are needed: query the runtime projection and\r\n     load `RUNTIME
.md`.\r\n\r\n5. **Read `.saipen/BOARD.md`, then the active `LOG.md` tail.** Sealed log\r\n   segments st
ay cold unless a parent-chain check needs them. Apply a pending\r\n   `human_note` once through the cano
nical operation. If another actor wrote a\r\n   newer checkpoint, discard remembered state and use the f
iles.\r\n\r\n6. **Resolve current input before persisted continuation.**\r\n\r\n   Current input wins: t
he user's own message outranks the file. A persisted\r\n   `next_action` is the\r\n   previous checkpoin
t's pre-computed pick; where the mechanical router cannot\r\n   re-derive it, confirm it against BOARD. 
Immediate means without asking, never without looking.\r\n\r\n   - **Compound input first:** delegate le
xical ordering and chain disposition\r\n     to the mechanical resolver and `COMMANDS.md` before interpr
eting a segment.\r\n   - A recognized command/shortcut resolves mechanically from `REGISTRY.json`.\r\n  
   Human semantics come from `COMMANDS.md` (`CMD-ROUTING-01`,\r\n     `CMD-COMPOUND-01`), never from COR
E command prose.\r\n   - A substantial audit, mission, specification, review handoff or correction\r\n  
   is captured before interpretation; route details to `SOURCES.md`.\r\n   - An actionable objective rou
tes to goal execution in `MAINTENANCE.md`\r\n     (`GOAL-01`). Read-only or plan-only requests retain th
at scope.\r\n   - With no new instruction, ask the deterministic router for the current\r\n     action. 
If the engine is unavailable, apply the registry/CORE Pick and\r\n     routing invariants (`PICK-01`). A
 persisted `WAIT:` is returned verbatim.\r\n\r\n7. **Load one owner, not the library.** Use `INDEX.md` t
o select the exact rule\r\n   owner. For a command, load `COMMANDS.md`; for mechanics/recovery, `OPS.md`
;\r\n   for source authority, `SOURCES.md`; for execution/output policy,\r\n   `EXECUTION.md`; for goal/
autonomous behavior, `MAINTENANCE.md`; for a global\r\n   state invariant only, `CORE.md`. `CONFORMANCE.
md` and `CHANGELOG.md` are\r\n   excluded from routine execution.\r\n\r\n8. **Load exactly one phase del
ta.** Use the phase returned by the current\r\n   route and open `phases/<phase>.md`. Replace it when th
e phase changes. Never\r\n   infer a phase from stale remembered state.\r\n\r\n9. **Checkpoint canonical
ly.** Mutations use the mechanical operation layer.\r\n   The checkpoint owner is `CHECKPOINT-01`: LOG, 
then BOARD, then STATE; read\r\n   all three back and run the validator at ticket/phase boundaries. Neve
r edit\r\n   a dead `saipen_home` pointer by guesswork; route rebind through the command\r\n   and opera
tion owners.\r\n\r\n## Routing failures\r\n\r\n- Missing/unreadable owner or installation: BLOCKED with 
the exact path.\r\n- Source integrity/coverage failure: `SOURCES.md` decides; never continue from\r\n  a
 summary or memory.\r\n- Recovery or pending operation: `OPS.md` decides before normal routing.\r\n- Unk
nown command: resolve registered extensions, then show the mechanical\r\n  command list; never invent a 
meaning.\r\n- `CONFORMANCE.md` remains excluded unless the current task explicitly owns a\r\n  conforman
ce-corpus/validator change.\r\n\r\n`CHANGELOG.md` is never part of cold start. `CONFORMANCE.md` is never
 routine\r\ncontext. `STYLE.md` governs every chat response; artifacts remain professional.\r\n"

======================================================================
FAIL: test_collect_and_render (test_saipen_metrics.ReportTests.test_collect_and_render)
----------------------------------------------------------------------
Traceback (most recent call last):
  File "V:\_TEMP_\opencode\t1298-candidate\tools\test_saipen_metrics.py", line 224, in test_collect_and_
render
    self.assertGreater(data["surface"]["machinery_lines_now"], 0)
AssertionError: 0 not greater than 0

----------------------------------------------------------------------
Ran 1268 tests in 628.586s

FAILED (failures=3, skipped=2)
