........................................warning: in the working copy of '.saipen/IDENTITY.md', LF will be replaced by CRLF the next time Git touches it
warning: in the working copy of '.saipen/recovery/settled/.receipt-index.json', LF will be replaced by CRLF the next time Git touches it
warning: in the working copy of '.saipen/recovery/settled/op-migrate-lineage/operation.json', LF will be replaced by CRLF the next time Git touches it
.warning: in the working copy of '.saipen/IDENTITY.md', LF will be replaced by CRLF the next time Git touches it
warning: in the working copy of '.saipen/recovery/settled/.receipt-index.json', LF will be replaced by CRLF the next time Git touches it
warning: in the working copy of '.saipen/recovery/settled/op-migrate-lineage/operation.json', LF will be replaced by CRLF the next time Git touches it
...........................................warning: in the working copy of '.saipen/IDENTITY.md', LF will be replaced by CRLF the next time Git touches it
warning: in the working copy of '.saipen/recovery/settled/.receipt-index.json', LF will be replaced by CRLF the next time Git touches it
warning: in the working copy of '.saipen/recovery/settled/op-migrate-lineage/operation.json', LF will be replaced by CRLF the next time Git touches it
.warning: in the working copy of '.saipen/IDENTITY.md', LF will be replaced by CRLF the next time Git touches it
warning: in the working copy of '.saipen/recovery/settled/.receipt-index.json', LF will be replaced by CRLF the next time Git touches it
warning: in the working copy of '.saipen/recovery/settled/op-migrate-lineage/operation.json', LF will be replaced by CRLF the next time Git touches it
..................................................................................................................................................................................................................................................................................................................................................................FF...F.FF...............................................................................F.............s.....E......................................................................warning: in the working copy of '.saipen/IDENTITY.md', LF will be replaced by CRLF the next time Git touches it
warning: in the working copy of '.saipen/recovery/settled/.receipt-index.json', LF will be replaced by CRLF the next time Git touches it
warning: in the working copy of '.saipen/recovery/settled/op-migrate-lineage/operation.json', LF will be replaced by CRLF the next time Git touches it
....warning: in the working copy of '.saipen/IDENTITY.md', LF will be replaced by CRLF the next time Git touches it
warning: in the working copy of '.saipen/recovery/settled/.receipt-index.json', LF will be replaced by CRLF the next time Git touches it
warning: in the working copy of '.saipen/recovery/settled/op-migrate-lineage/operation.json', LF will be replaced by CRLF the next time Git touches it
warning: in the working copy of '.saipen/IDENTITY.md', LF will be replaced by CRLF the next time Git touches it
warning: in the working copy of '.saipen/recovery/settled/.receipt-index.json', LF will be replaced by CRLF the next time Git touches it
warning: in the working copy of '.saipen/recovery/settled/op-migrate-lineage/operation.json', LF will be replaced by CRLF the next time Git touches it
warning: in the working copy of '.saipen/milestones/CP-001/manifest.json', LF will be replaced by CRLF the next time Git touches it
warning: in the working copy of '.saipen/milestones/current.json', LF will be replaced by CRLF the next time Git touches it
warning: in the working copy of '.saipen/recovery/settled/milestone-28e16b6d802fb64e/operation.json', LF will be replaced by CRLF the next time Git touches it
...warning: in the working copy of '.saipen/IDENTITY.md', LF will be replaced by CRLF the next time Git touches it
warning: in the working copy of '.saipen/recovery/settled/.receipt-index.json', LF will be replaced by CRLF the next time Git touches it
warning: in the working copy of '.saipen/recovery/settled/op-migrate-lineage/operation.json', LF will be replaced by CRLF the next time Git touches it
..............................................................................................................................................................................................F.F..F.F...F........................................................................................................................................................................................................................................................................FF..F.FFFFF....F.FF...FFFF.F...F...FFE.F.......................................................s.................................................................................................................................................................................................................................................................................................................................
======================================================================
ERROR: test_the_cost_helper_returns_a_positive_floor (test_concurrency_independence.NoAbsoluteLatencyBudgets.test_the_cost_helper_returns_a_positive_floor)
----------------------------------------------------------------------
Traceback (most recent call last):
  File "V:\___VAC\__K\__CODE\_AI_STUFF_AGENTIC\_SAIPEN\tools\test_concurrency_independence.py", line 128, in test_the_cost_helper_returns_a_positive_floor
    from tools.test_audit_2026_08_28_all3 import PerformanceAuditTests
ModuleNotFoundError: No module named 'tools'

======================================================================
ERROR: test_strict_finding_identity_is_unchanged_by_attribution (test_recovered_attribution.AttributionPositiveTests.test_strict_finding_identity_is_unchanged_by_attribution)
Phase I: ownership metadata never mints a new finding key.
----------------------------------------------------------------------
Traceback (most recent call last):
  File "V:\___VAC\__K\__CODE\_AI_STUFF_AGENTIC\_SAIPEN\tools\test_recovered_attribution.py", line 406, in test_strict_finding_identity_is_unchanged_by_attribution
    self.assertEqual(report["carried"][0]["finding_key"], before)
                     ~~~~~~~~~~~~~~~~~^^^
IndexError: list index out of range

======================================================================
FAIL: test_a_removed_fail_site_is_detected_too (test_check_inventory.CheckInventoryTripwireTests.test_a_removed_fail_site_is_detected_too)
----------------------------------------------------------------------
Traceback (most recent call last):
  File "V:\___VAC\__K\__CODE\_AI_STUFF_AGENTIC\_SAIPEN\tools\test_check_inventory.py", line 175, in test_a_removed_fail_site_is_detected_too
    self.assertIsNotNone(error)
AssertionError: unexpectedly None

======================================================================
FAIL: test_an_added_fail_site_is_detected (test_check_inventory.CheckInventoryTripwireTests.test_an_added_fail_site_is_detected)
----------------------------------------------------------------------
Traceback (most recent call last):
  File "V:\___VAC\__K\__CODE\_AI_STUFF_AGENTIC\_SAIPEN\tools\test_check_inventory.py", line 168, in test_an_added_fail_site_is_detected
    self.assertIn(str(A.VALIDATOR_FAIL_SITES + 1), error)
AssertionError: '328' not found in 'tools/validate.py grew to 329 fail site(s) against the recorded 327. A new check needs a CASE in this file, or a recorded reason it has none; a removed check needs its CASE removed. Update VALIDATOR_FAIL_SITES in the same change'

======================================================================
FAIL: test_the_named_blind_spot_is_the_real_one (test_check_inventory.CheckInventoryTripwireTests.test_the_named_blind_spot_is_the_real_one)
----------------------------------------------------------------------
Traceback (most recent call last):
  File "V:\___VAC\__K\__CODE\_AI_STUFF_AGENTIC\_SAIPEN\tools\test_check_inventory.py", line 203, in test_the_named_blind_spot_is_the_real_one
    self.assertEqual(A.count_fail_sites(swapped), A.VALIDATOR_FAIL_SITES)
AssertionError: 328 != 327

======================================================================
FAIL: test_the_probe_passes_on_the_real_repository (test_check_inventory.CheckInventoryTripwireTests.test_the_probe_passes_on_the_real_repository)
----------------------------------------------------------------------
Traceback (most recent call last):
  File "V:\___VAC\__K\__CODE\_AI_STUFF_AGENTIC\_SAIPEN\tools\test_check_inventory.py", line 161, in test_the_probe_passes_on_the_real_repository
    self.assertIsNone(A.check_inventory_probe(ROOT, self.workdir))
AssertionError: 'tools/validate.py grew to 328 fail site(s) against the recorded 327. A new check needs a CASE in this file, or a recorded reason it has none; a removed check needs its CASE removed. Update VALIDATOR_FAIL_SITES in the same change' is not None

======================================================================
FAIL: test_the_recorded_count_matches_the_live_validator (test_check_inventory.CheckInventoryTripwireTests.test_the_recorded_count_matches_the_live_validator)
----------------------------------------------------------------------
Traceback (most recent call last):
  File "V:\___VAC\__K\__CODE\_AI_STUFF_AGENTIC\_SAIPEN\tools\test_check_inventory.py", line 158, in test_the_recorded_count_matches_the_live_validator
    self.assertEqual(A.count_fail_sites(self.source), A.VALIDATOR_FAIL_SITES)
AssertionError: 328 != 327

======================================================================
FAIL: test_gg_new_goal_is_create_pivot_not_resume (test_command_routing.CommandSemanticsTests.test_gg_new_goal_is_create_pivot_not_resume)
----------------------------------------------------------------------
Traceback (most recent call last):
  File "V:\___VAC\__K\__CODE\_AI_STUFF_AGENTIC\_SAIPEN\tools\test_command_routing.py", line 898, in test_gg_new_goal_is_create_pivot_not_resume
    self.assertEqual(rc, 0)
AssertionError: 1 != 0

======================================================================
FAIL: test_the_flag_reaches_the_engine_through_the_cli (test_explicit_claim.CliSurfaceTests.test_the_flag_reaches_the_engine_through_the_cli)
----------------------------------------------------------------------
Traceback (most recent call last):
  File "V:\___VAC\__K\__CODE\_AI_STUFF_AGENTIC\_SAIPEN\tools\test_explicit_claim.py", line 169, in test_the_flag_reaches_the_engine_through_the_cli
    self.assertIn('"CLAIMED"', done.stdout, done.stdout + done.stderr)
AssertionError: '"CLAIMED"' not found in '{\n  "ok": false,\n  "code": "CONFLICT",\n  "op_id": "claim-d34fe252a4554b27a62dc989d017f4cd",\n  "changed_files": [],\n  "recovery_required": true,\n  "message": "post-write semantic verification (policy core_fast) failed: BOARD: T-1 has no [T-###] allocation event in the complete history -- ticket identity comes from canonical allocation, never from a record that merely looks like a ticket (CORE-003 / SRC-026:R003)",\n  "detail": "post-write semantic verification (policy core_fast) failed: BOARD: T-1 has no [T-###] allocation event in the complete history -- ticket identity comes from canonical allocation, never from a record that merely looks like a ticket (CORE-003 / SRC-026:R003)"\n}\n' : {
  "ok": false,
  "code": "CONFLICT",
  "op_id": "claim-d34fe252a4554b27a62dc989d017f4cd",
  "changed_files": [],
  "recovery_required": true,
  "message": "post-write semantic verification (policy core_fast) failed: BOARD: T-1 has no [T-###] allocation event in the complete history -- ticket identity comes from canonical allocation, never from a record that merely looks like a ticket (CORE-003 / SRC-026:R003)",
  "detail": "post-write semantic verification (policy core_fast) failed: BOARD: T-1 has no [T-###] allocation event in the complete history -- ticket identity comes from canonical allocation, never from a record that merely looks like a ticket (CORE-003 / SRC-026:R003)"
}


======================================================================
FAIL: test_a_live_doing_ticket_still_refuses_with_the_flag (test_explicit_claim.OverrideBypassesOnlyOrderingTests.test_a_live_doing_ticket_still_refuses_with_the_flag)
----------------------------------------------------------------------
Traceback (most recent call last):
  File "V:\___VAC\__K\__CODE\_AI_STUFF_AGENTIC\_SAIPEN\tools\test_explicit_claim.py", line 148, in test_a_live_doing_ticket_still_refuses_with_the_flag
    self.assertTrue(apply_claim(self.root, "T-1", "probe").get("ok"))
AssertionError: False is not true

======================================================================
FAIL: test_a_redundant_flag_writes_no_stepped_over_claim (test_explicit_claim.OverrideWorksTests.test_a_redundant_flag_writes_no_stepped_over_claim)
----------------------------------------------------------------------
Traceback (most recent call last):
  File "V:\___VAC\__K\__CODE\_AI_STUFF_AGENTIC\_SAIPEN\tools\test_explicit_claim.py", line 107, in test_a_redundant_flag_writes_no_stepped_over_claim
    self.assertTrue(out.get("ok"), out)
AssertionError: False is not true : Result(ok=False, code='CONFLICT', data={'op_id': 'claim-493ae845b0e243ad83d76995adee0272', 'recovery_required': True}, message='post-write semantic verification (policy core_fast) failed: BOARD: T-2 has no [T-###] allocation event in the complete history -- ticket identity comes from canonical allocation, never from a record that merely looks like a ticket (CORE-003 / SRC-026:R003)', changed_files=[], op_id='claim-493ae845b0e243ad83d76995adee0272', recovery_required=True)

======================================================================
FAIL: test_explicit_claims_a_ticket_the_pick_rule_would_refuse (test_explicit_claim.OverrideWorksTests.test_explicit_claims_a_ticket_the_pick_rule_would_refuse)
----------------------------------------------------------------------
Traceback (most recent call last):
  File "V:\___VAC\__K\__CODE\_AI_STUFF_AGENTIC\_SAIPEN\tools\test_explicit_claim.py", line 93, in test_explicit_claims_a_ticket_the_pick_rule_would_refuse
    self.assertTrue(out.get("ok"), out)
AssertionError: False is not true : Result(ok=False, code='CONFLICT', data={'op_id': 'claim-9ccf30838bf44b76a052342fc4c972e7', 'recovery_required': True}, message='post-write semantic verification (policy core_fast) failed: BOARD: T-1 has no [T-###] allocation event in the complete history -- ticket identity comes from canonical allocation, never from a record that merely looks like a ticket (CORE-003 / SRC-026:R003)', changed_files=[], op_id='claim-9ccf30838bf44b76a052342fc4c972e7', recovery_required=True)

======================================================================
FAIL: test_without_the_flag_the_pick_rule_is_unchanged (test_explicit_claim.RefusalNamesTheRemedyTests.test_without_the_flag_the_pick_rule_is_unchanged)
----------------------------------------------------------------------
Traceback (most recent call last):
  File "V:\___VAC\__K\__CODE\_AI_STUFF_AGENTIC\_SAIPEN\tools\test_explicit_claim.py", line 86, in test_without_the_flag_the_pick_rule_is_unchanged
    self.assertTrue(top.get("ok"), top)
AssertionError: False is not true : Result(ok=False, code='CONFLICT', data={'op_id': 'claim-d081fe26783247bf9f0d0ab8196187db', 'recovery_required': True}, message='post-write semantic verification (policy core_fast) failed: BOARD: T-2 has no [T-###] allocation event in the complete history -- ticket identity comes from canonical allocation, never from a record that merely looks like a ticket (CORE-003 / SRC-026:R003)', changed_files=[], op_id='claim-d081fe26783247bf9f0d0ab8196187db', recovery_required=True)

======================================================================
FAIL: test_coverage_count_mismatch_refuses (test_recovered_attribution.AttributionNegativeTests.test_coverage_count_mismatch_refuses)
15 requirements against a tombstone claiming 16 never attributes.
----------------------------------------------------------------------
Traceback (most recent call last):
  File "V:\___VAC\__K\__CODE\_AI_STUFF_AGENTIC\_SAIPEN\tools\test_recovered_attribution.py", line 601, in test_coverage_count_mismatch_refuses
    self._refuse(self.proof(), "COVERAGE_COUNT_MISMATCH")
  File "V:\___VAC\__K\__CODE\_AI_STUFF_AGENTIC\_SAIPEN\tools\test_recovered_attribution.py", line 458, in _refuse
    self.assertEqual(result["reason"], reason)
AssertionError: 'PRESERVED_ORIGINAL_REPLACED' != 'COVERAGE_COUNT_MISMATCH'
- PRESERVED_ORIGINAL_REPLACED
+ COVERAGE_COUNT_MISMATCH


======================================================================
FAIL: test_coverage_work_disagrees_with_tombstone_refuses (test_recovered_attribution.AttributionNegativeTests.test_coverage_work_disagrees_with_tombstone_refuses)
----------------------------------------------------------------------
Traceback (most recent call last):
  File "V:\___VAC\__K\__CODE\_AI_STUFF_AGENTIC\_SAIPEN\tools\test_recovered_attribution.py", line 627, in test_coverage_work_disagrees_with_tombstone_refuses
    self._refuse(self.proof(), "COVERAGE_SPLIT_WORK")
  File "V:\___VAC\__K\__CODE\_AI_STUFF_AGENTIC\_SAIPEN\tools\test_recovered_attribution.py", line 458, in _refuse
    self.assertEqual(result["reason"], reason)
AssertionError: 'PRESERVED_ORIGINAL_REPLACED' != 'COVERAGE_SPLIT_WORK'
- PRESERVED_ORIGINAL_REPLACED
+ COVERAGE_SPLIT_WORK


======================================================================
FAIL: test_linked_work_not_done_refuses (test_recovered_attribution.AttributionNegativeTests.test_linked_work_not_done_refuses)
----------------------------------------------------------------------
Traceback (most recent call last):
  File "V:\___VAC\__K\__CODE\_AI_STUFF_AGENTIC\_SAIPEN\tools\test_recovered_attribution.py", line 651, in test_linked_work_not_done_refuses
    self._refuse(self.proof(), "LINKED_WORK_NOT_DONE")
  File "V:\___VAC\__K\__CODE\_AI_STUFF_AGENTIC\_SAIPEN\tools\test_recovered_attribution.py", line 458, in _refuse
    self.assertEqual(result["reason"], reason)
AssertionError: 'PRESERVED_ORIGINAL_REPLACED' != 'LINKED_WORK_NOT_DONE'
- PRESERVED_ORIGINAL_REPLACED
+ LINKED_WORK_NOT_DONE


======================================================================
FAIL: test_missing_recovery_record_refuses (test_recovered_attribution.AttributionNegativeTests.test_missing_recovery_record_refuses)
----------------------------------------------------------------------
Traceback (most recent call last):
  File "V:\___VAC\__K\__CODE\_AI_STUFF_AGENTIC\_SAIPEN\tools\test_recovered_attribution.py", line 473, in test_missing_recovery_record_refuses
    self._refuse(self.proof(), "RECOVERY_RECORD_MISSING")
  File "V:\___VAC\__K\__CODE\_AI_STUFF_AGENTIC\_SAIPEN\tools\test_recovered_attribution.py", line 458, in _refuse
    self.assertEqual(result["reason"], reason)
AssertionError: 'PRESERVED_ORIGINAL_REPLACED' != 'RECOVERY_RECORD_MISSING'
- PRESERVED_ORIGINAL_REPLACED
+ RECOVERY_RECORD_MISSING


======================================================================
FAIL: test_missing_verification_on_implemented_refuses (test_recovered_attribution.AttributionNegativeTests.test_missing_verification_on_implemented_refuses)
----------------------------------------------------------------------
Traceback (most recent call last):
  File "V:\___VAC\__K\__CODE\_AI_STUFF_AGENTIC\_SAIPEN\tools\test_recovered_attribution.py", line 615, in test_missing_verification_on_implemented_refuses
    self._refuse(self.proof(), "COVERAGE_TERMINAL_MISMATCH")
  File "V:\___VAC\__K\__CODE\_AI_STUFF_AGENTIC\_SAIPEN\tools\test_recovered_attribution.py", line 458, in _refuse
    self.assertEqual(result["reason"], reason)
AssertionError: 'PRESERVED_ORIGINAL_REPLACED' != 'COVERAGE_TERMINAL_MISMATCH'
- PRESERVED_ORIGINAL_REPLACED
+ COVERAGE_TERMINAL_MISMATCH


======================================================================
FAIL: test_newer_generation_refuses (test_recovered_attribution.AttributionNegativeTests.test_newer_generation_refuses)
----------------------------------------------------------------------
Traceback (most recent call last):
  File "V:\___VAC\__K\__CODE\_AI_STUFF_AGENTIC\_SAIPEN\tools\test_recovered_attribution.py", line 683, in test_newer_generation_refuses
    self._refuse(self.proof(), "NEWER_GENERATION_EXISTS")
  File "V:\___VAC\__K\__CODE\_AI_STUFF_AGENTIC\_SAIPEN\tools\test_recovered_attribution.py", line 458, in _refuse
    self.assertEqual(result["reason"], reason)
AssertionError: 'INDEX_UNREADABLE' != 'NEWER_GENERATION_EXISTS'
- INDEX_UNREADABLE
+ NEWER_GENERATION_EXISTS


======================================================================
FAIL: test_non_requirement_requirement_id_refuses (test_recovered_attribution.AttributionNegativeTests.test_non_requirement_requirement_id_refuses)
----------------------------------------------------------------------
Traceback (most recent call last):
  File "V:\___VAC\__K\__CODE\_AI_STUFF_AGENTIC\_SAIPEN\tools\test_recovered_attribution.py", line 634, in test_non_requirement_requirement_id_refuses
    self._refuse(self.proof(), "COVERAGE_UNINTERPRETABLE")
  File "V:\___VAC\__K\__CODE\_AI_STUFF_AGENTIC\_SAIPEN\tools\test_recovered_attribution.py", line 458, in _refuse
    self.assertEqual(result["reason"], reason)
AssertionError: 'PRESERVED_ORIGINAL_REPLACED' != 'COVERAGE_UNINTERPRETABLE'
- PRESERVED_ORIGINAL_REPLACED
+ COVERAGE_UNINTERPRETABLE


======================================================================
FAIL: test_one_unknown_actionable_requirement_refuses (test_recovered_attribution.AttributionNegativeTests.test_one_unknown_actionable_requirement_refuses)
----------------------------------------------------------------------
Traceback (most recent call last):
  File "V:\___VAC\__K\__CODE\_AI_STUFF_AGENTIC\_SAIPEN\tools\test_recovered_attribution.py", line 608, in test_one_unknown_actionable_requirement_refuses
    self._refuse(self.proof(), "COVERAGE_TERMINAL_MISMATCH")
  File "V:\___VAC\__K\__CODE\_AI_STUFF_AGENTIC\_SAIPEN\tools\test_recovered_attribution.py", line 458, in _refuse
    self.assertEqual(result["reason"], reason)
AssertionError: 'PRESERVED_ORIGINAL_REPLACED' != 'COVERAGE_TERMINAL_MISMATCH'
- PRESERVED_ORIGINAL_REPLACED
+ COVERAGE_TERMINAL_MISMATCH


======================================================================
FAIL: test_requirement_without_linked_work_refuses (test_recovered_attribution.AttributionNegativeTests.test_requirement_without_linked_work_refuses)
----------------------------------------------------------------------
Traceback (most recent call last):
  File "V:\___VAC\__K\__CODE\_AI_STUFF_AGENTIC\_SAIPEN\tools\test_recovered_attribution.py", line 641, in test_requirement_without_linked_work_refuses
    self._refuse(self.proof(), "COVERAGE_UNINTERPRETABLE")
  File "V:\___VAC\__K\__CODE\_AI_STUFF_AGENTIC\_SAIPEN\tools\test_recovered_attribution.py", line 458, in _refuse
    self.assertEqual(result["reason"], reason)
AssertionError: 'PRESERVED_ORIGINAL_REPLACED' != 'COVERAGE_UNINTERPRETABLE'
- PRESERVED_ORIGINAL_REPLACED
+ COVERAGE_UNINTERPRETABLE


======================================================================
FAIL: test_source_still_active_refuses (test_recovered_attribution.AttributionNegativeTests.test_source_still_active_refuses)
An active projection for a tombstoned receipt corrupts the index;
----------------------------------------------------------------------
Traceback (most recent call last):
  File "V:\___VAC\__K\__CODE\_AI_STUFF_AGENTIC\_SAIPEN\tools\test_recovered_attribution.py", line 664, in test_source_still_active_refuses
    self._blocked_global()
  File "V:\___VAC\__K\__CODE\_AI_STUFF_AGENTIC\_SAIPEN\tools\test_recovered_attribution.py", line 462, in _blocked_global
    self.assertEqual(report["code"], "WORK_DELTA_BLOCKED")
AssertionError: 'VALIDATION_FAILED' != 'WORK_DELTA_BLOCKED'
- VALIDATION_FAILED
+ WORK_DELTA_BLOCKED


======================================================================
FAIL: test_split_linked_work_refuses (test_recovered_attribution.AttributionNegativeTests.test_split_linked_work_refuses)
----------------------------------------------------------------------
Traceback (most recent call last):
  File "V:\___VAC\__K\__CODE\_AI_STUFF_AGENTIC\_SAIPEN\tools\test_recovered_attribution.py", line 622, in test_split_linked_work_refuses
    self._refuse(self.proof(), "COVERAGE_SPLIT_WORK")
  File "V:\___VAC\__K\__CODE\_AI_STUFF_AGENTIC\_SAIPEN\tools\test_recovered_attribution.py", line 458, in _refuse
    self.assertEqual(result["reason"], reason)
AssertionError: 'PRESERVED_ORIGINAL_REPLACED' != 'COVERAGE_SPLIT_WORK'
- PRESERVED_ORIGINAL_REPLACED
+ COVERAGE_SPLIT_WORK


======================================================================
FAIL: test_tombstone_closure_counts_change_refuses (test_recovered_attribution.AttributionNegativeTests.test_tombstone_closure_counts_change_refuses)
----------------------------------------------------------------------
Traceback (most recent call last):
  File "V:\___VAC\__K\__CODE\_AI_STUFF_AGENTIC\_SAIPEN\tools\test_recovered_attribution.py", line 579, in test_tombstone_closure_counts_change_refuses
    self._refuse(self.proof(), "COVERAGE_COUNT_MISMATCH")
  File "V:\___VAC\__K\__CODE\_AI_STUFF_AGENTIC\_SAIPEN\tools\test_recovered_attribution.py", line 458, in _refuse
    self.assertEqual(result["reason"], reason)
AssertionError: 'TOMBSTONE_CLOSURE_IDENTITY_CHANGED' != 'COVERAGE_COUNT_MISMATCH'
- TOMBSTONE_CLOSURE_IDENTITY_CHANGED
+ COVERAGE_COUNT_MISMATCH


======================================================================
FAIL: test_tombstone_linked_work_change_refuses (test_recovered_attribution.AttributionNegativeTests.test_tombstone_linked_work_change_refuses)
----------------------------------------------------------------------
Traceback (most recent call last):
  File "V:\___VAC\__K\__CODE\_AI_STUFF_AGENTIC\_SAIPEN\tools\test_recovered_attribution.py", line 564, in test_tombstone_linked_work_change_refuses
    self._refuse(self.proof(), "TOMBSTONE_CLOSURE_IDENTITY_CHANGED")
  File "V:\___VAC\__K\__CODE\_AI_STUFF_AGENTIC\_SAIPEN\tools\test_recovered_attribution.py", line 458, in _refuse
    self.assertEqual(result["reason"], reason)
AssertionError: 'ARCHIVE_WORK_MISMATCH' != 'TOMBSTONE_CLOSURE_IDENTITY_CHANGED'
- ARCHIVE_WORK_MISMATCH
+ TOMBSTONE_CLOSURE_IDENTITY_CHANGED


======================================================================
FAIL: test_tombstone_not_closed_refuses (test_recovered_attribution.AttributionNegativeTests.test_tombstone_not_closed_refuses)
----------------------------------------------------------------------
Traceback (most recent call last):
  File "V:\___VAC\__K\__CODE\_AI_STUFF_AGENTIC\_SAIPEN\tools\test_recovered_attribution.py", line 509, in test_tombstone_not_closed_refuses
    self._refuse(self.proof(), "TOMBSTONE_NOT_CLOSED")
  File "V:\___VAC\__K\__CODE\_AI_STUFF_AGENTIC\_SAIPEN\tools\test_recovered_attribution.py", line 458, in _refuse
    self.assertEqual(result["reason"], reason)
AssertionError: 'INDEX_UNREADABLE' != 'TOMBSTONE_NOT_CLOSED'
- INDEX_UNREADABLE
+ TOMBSTONE_NOT_CLOSED


======================================================================
FAIL: test_tombstone_source_sha_change_refuses (test_recovered_attribution.AttributionNegativeTests.test_tombstone_source_sha_change_refuses)
----------------------------------------------------------------------
Traceback (most recent call last):
  File "V:\___VAC\__K\__CODE\_AI_STUFF_AGENTIC\_SAIPEN\tools\test_recovered_attribution.py", line 571, in test_tombstone_source_sha_change_refuses
    self._refuse(self.proof(), "TOMBSTONE_CLOSURE_IDENTITY_CHANGED")
  File "V:\___VAC\__K\__CODE\_AI_STUFF_AGENTIC\_SAIPEN\tools\test_recovered_attribution.py", line 458, in _refuse
    self.assertEqual(result["reason"], reason)
AssertionError: 'ARCHIVE_SHA_MISMATCH' != 'TOMBSTONE_CLOSURE_IDENTITY_CHANGED'
- ARCHIVE_SHA_MISMATCH
+ TOMBSTONE_CLOSURE_IDENTITY_CHANGED


======================================================================
FAIL: test_undocumented_tombstone_field_refuses (test_recovered_attribution.AttributionNegativeTests.test_undocumented_tombstone_field_refuses)
----------------------------------------------------------------------
Traceback (most recent call last):
  File "V:\___VAC\__K\__CODE\_AI_STUFF_AGENTIC\_SAIPEN\tools\test_recovered_attribution.py", line 593, in test_undocumented_tombstone_field_refuses
    self._refuse(self.proof(), "TOMBSTONE_CLOSURE_IDENTITY_CHANGED")
  File "V:\___VAC\__K\__CODE\_AI_STUFF_AGENTIC\_SAIPEN\tools\test_recovered_attribution.py", line 458, in _refuse
    self.assertEqual(result["reason"], reason)
AssertionError: 'PRESERVED_ORIGINAL_REPLACED' != 'TOMBSTONE_CLOSURE_IDENTITY_CHANGED'
- PRESERVED_ORIGINAL_REPLACED
+ TOMBSTONE_CLOSURE_IDENTITY_CHANGED


======================================================================
FAIL: test_current_tombstone_is_not_byte_identical_to_original (test_recovered_attribution.AttributionPositiveTests.test_current_tombstone_is_not_byte_identical_to_original)
C3: the additive recovery block is expected, never corruption.
----------------------------------------------------------------------
Traceback (most recent call last):
  File "V:\___VAC\__K\__CODE\_AI_STUFF_AGENTIC\_SAIPEN\tools\test_recovered_attribution.py", line 382, in test_current_tombstone_is_not_byte_identical_to_original
    self.assertTrue(self.proof()["attributable"])
AssertionError: False is not true

======================================================================
FAIL: test_positive_fixture_attributes_to_linked_work (test_recovered_attribution.AttributionPositiveTests.test_positive_fixture_attributes_to_linked_work)
----------------------------------------------------------------------
Traceback (most recent call last):
  File "V:\___VAC\__K\__CODE\_AI_STUFF_AGENTIC\_SAIPEN\tools\test_recovered_attribution.py", line 368, in test_positive_fixture_attributes_to_linked_work
    self.assertTrue(result["attributable"], result)
AssertionError: False is not true : {'attributable': False, 'reason': 'PRESERVED_ORIGINAL_REPLACED', 'receipt_id': 'SRC-038', 'detail': 'contract'}

======================================================================
FAIL: test_release_stays_blocked_with_carried_residue (test_recovered_attribution.AttributionPositiveTests.test_release_stays_blocked_with_carried_residue)
----------------------------------------------------------------------
Traceback (most recent call last):
  File "V:\___VAC\__K\__CODE\_AI_STUFF_AGENTIC\_SAIPEN\tools\test_recovered_attribution.py", line 412, in test_release_stays_blocked_with_carried_residue
    self.assertEqual(report["code"], "WORK_DELTA_PASS")
AssertionError: 'WORK_DELTA_BLOCKED' != 'WORK_DELTA_PASS'
- WORK_DELTA_BLOCKED
+ WORK_DELTA_PASS


======================================================================
FAIL: test_work_delta_carries_residue_through_t160 (test_recovered_attribution.AttributionPositiveTests.test_work_delta_carries_residue_through_t160)
----------------------------------------------------------------------
Traceback (most recent call last):
  File "V:\___VAC\__K\__CODE\_AI_STUFF_AGENTIC\_SAIPEN\tools\test_recovered_attribution.py", line 393, in test_work_delta_carries_residue_through_t160
    self.assertEqual(report["code"], "WORK_DELTA_PASS")
AssertionError: 'WORK_DELTA_BLOCKED' != 'WORK_DELTA_PASS'
- WORK_DELTA_BLOCKED
+ WORK_DELTA_PASS


----------------------------------------------------------------------
Ran 1508 tests in 839.749s

FAILED (failures=31, errors=2, skipped=2)
