FAIL: source receipts -- ORPHAN_RECEIPT SRC-024
saipen conformance validation starting (tools/validate.py)...
Project root: V:\___VAC\__K\__CODE\_AI_STUFF_AGENTIC\_SAIPEN (git-worktree)
Project lineage: lineage-b512942bac884a8691f6c98afcd6ddb9
PASS: state.schema.json and the engine STATE contract constants agree
PASS: state.schema.json states nothing the validator ignores (4 keywords enforced natively, 5 delegated, 4 types interpreted)
PASS: STATE.md schema valid (checked against state.schema.json)
PASS: .saipen/IDENTITY.md is a canonical portable lineage carrier (lineage-b512942bac884a8691f6c98afcd6ddb9)
PASS: goal execution_intent counters present
PASS: subSaipen STATE.md shape valid (8 checked, live + shipped library)
PASS: .saipen/extensions/subs/MANIFEST.md parses strictly (6 entries)
PASS: extensions/subs/MANIFEST.md parses strictly (4 entries)
PASS: BOARD.md has all required section headings
PASS: BOARD.md no duplicate tickets
PASS: BOARD.md no dangling needs: references
PASS: BOARD.md acyclic
PASS: BOARD.md claimed tickets have their needs: satisfied
FAIL: BOARD.md: T-1314 has no [T-###] allocation event in the complete history (CORE-003 / SRC-026:R003)
FAIL: BOARD.md: T-1312 has no [T-###] allocation event in the complete history (CORE-003 / SRC-026:R003)
FAIL: BOARD.md: T-1313 has no [T-###] allocation event in the complete history (CORE-003 / SRC-026:R003)
FAIL: BOARD.md: T-1310 has no [T-###] allocation event in the complete history (CORE-003 / SRC-026:R003)
FAIL: BOARD.md: T-1311 has no [T-###] allocation event in the complete history (CORE-003 / SRC-026:R003)
FAIL: BOARD.md: T-1307 has no [T-###] allocation event in the complete history (CORE-003 / SRC-026:R003)
FAIL: BOARD.md: T-1308 has no [T-###] allocation event in the complete history (CORE-003 / SRC-026:R003)
FAIL: BOARD.md: T-1309 has no [T-###] allocation event in the complete history (CORE-003 / SRC-026:R003)
FAIL: BOARD.md: T-1306 has no [T-###] allocation event in the complete history (CORE-003 / SRC-026:R003)
FAIL: BOARD.md: T-1257 has no [T-###] allocation event in the complete history (CORE-003 / SRC-026:R003)
FAIL: BOARD.md: T-1099 has no [T-###] allocation event in the complete history (CORE-003 / SRC-026:R003)
FAIL: BOARD.md: T-407 has no [T-###] allocation event in the complete history (CORE-003 / SRC-026:R003)
FAIL: BOARD.md: T-406 has no [T-###] allocation event in the complete history (CORE-003 / SRC-026:R003)
FAIL: BOARD.md: T-442 has no [T-###] allocation event in the complete history (CORE-003 / SRC-026:R003)
FAIL: BOARD.md: T-575 has no [T-###] allocation event in the complete history (CORE-003 / SRC-026:R003)
PASS: BOARD.md at most one ## DOING ticket (1 claimed)
PASS: every DONE closure provenance resolves to durable publication authority
PASS: LOG.md format valid (skeleton, E-### unique + monotonic, parents resolve; 17 segment(s))
PASS: improve seat report schema valid (8 report(s) scanned)
PASS: core sweep linkage valid: every disposition resolves to a real finding/ticket, no unverified or INVALID/ALREADY_FIXED finding produced a ticket, source_reports resolve exactly
PASS: subsaipen write boundary continuous: no sub artifact targets a main-project canonical file (red control 7)
PASS: hunt skip marks resolve to real commits on the remote (24 checked)
PASS: saiui charter integrity verified (references UI.md, no second palette, write ban enforced, fixer contract present, UI- prefix documented, bootstrap includes charters)
PASS: 6 shipped sai*.md charter(s) declare the full metadata block (8 keys, closed enums)
PASS: freshness hardening command/cleanup/worker contracts intact
PASS: T-549 hard barrier blocks the T-551..T-561 improve wave
PASS: convergence contract intact (13 stages in order, closure bar and post-K ordering rule present)
PASS: SAIUI SAISENT mission labels findings as hypotheses to verify
PASS: KNOWLEDGE/ clean
PASS: KNOWLEDGE/ structured surface valid (4 card(s), 4 active, index fresh)
PASS: README.md badge matches VERSION
PASS: conformance corpus schema + IDs valid (257 rows, exactly 1..257)
PASS: CONFORMANCE.md matches the generated corpus index
PASS: no stray control characters in shipped text (219 files swept)
PASS: core docs text lint clean (no U+FFFD/split keywords/fence drift)
PASS: phase enum <-> phases/ docs in sync (16 phases)
PASS: INDEX.md phase list matches enum + files (16 phases)
PASS: CORE / IMPROVE / CLI Improve action sets match exactly
FAIL: runtime manifest names a file git does not track: saipen/ACTIVATION_BLOCK.md -- it exists here and in no clone, so this home ships complete and every checkout of it does not. Commit the file or drop the manifest entry
FAIL: runtime manifest names a file git does not track: extensions/adapters/registry.json -- it exists here and in no clone, so this home ships complete and every checkout of it does not. Commit the file or drop the manifest entry
FAIL: runtime manifest names a file git does not track: tools/host_guard.py -- it exists here and in no clone, so this home ships complete and every checkout of it does not. Commit the file or drop the manifest entry
FAIL: runtime manifest names a file git does not track: tools/install_host_guard.py -- it exists here and in no clone, so this home ships complete and every checkout of it does not. Commit the file or drop the manifest entry
FAIL: runtime manifest names a file git does not track: tools/opencode_live_evaluator.py -- it exists here and in no clone, so this home ships complete and every checkout of it does not. Commit the file or drop the manifest entry
FAIL: runtime manifest names a file git does not track: tools/saipen_engine/evidence.py -- it exists here and in no clone, so this home ships complete and every checkout of it does not. Commit the file or drop the manifest entry
FAIL: runtime manifest names a file git does not track: tools/saipen_engine/fleet.py -- it exists here and in no clone, so this home ships complete and every checkout of it does not. Commit the file or drop the manifest entry
FAIL: runtime manifest names a file git does not track: tools/saipen_engine/guard_events.py -- it exists here and in no clone, so this home ships complete and every checkout of it does not. Commit the file or drop the manifest entry
FAIL: runtime manifest names a file git does not track: tools/saipen_engine/host_launch.py -- it exists here and in no clone, so this home ships complete and every checkout of it does not. Commit the file or drop the manifest entry
FAIL: runtime manifest names a file git does not track: tools/saipen_engine/runtime_bootstrap.py -- it exists here and in no clone, so this home ships complete and every checkout of it does not. Commit the file or drop the manifest entry
FAIL: runtime manifest names a file git does not track: tools/saipen_engine/search.py -- it exists here and in no clone, so this home ships complete and every checkout of it does not. Commit the file or drop the manifest entry
FAIL: runtime manifest names a file git does not track: tools/t1318_current_generation_probe.py -- it exists here and in no clone, so this home ships complete and every checkout of it does not. Commit the file or drop the manifest entry
FAIL: runtime manifest names a file git does not track: tools/t1320_fleet_native_smoke.py -- it exists here and in no clone, so this home ships complete and every checkout of it does not. Commit the file or drop the manifest entry
FAIL: runtime manifest names a file git does not track: tools/test_actor_binding_lifecycle.py -- it exists here and in no clone, so this home ships complete and every checkout of it does not. Commit the file or drop the manifest entry
FAIL: runtime manifest names a file git does not track: tools/test_adapter_parity.py -- it exists here and in no clone, so this home ships complete and every checkout of it does not. Commit the file or drop the manifest entry
FAIL: runtime manifest names a file git does not track: tools/test_boot_locator.py -- it exists here and in no clone, so this home ships complete and every checkout of it does not. Commit the file or drop the manifest entry
FAIL: runtime manifest names a file git does not track: tools/test_continue_entry.py -- it exists here and in no clone, so this home ships complete and every checkout of it does not. Commit the file or drop the manifest entry
FAIL: runtime manifest names a file git does not track: tools/test_evidence_hygiene.py -- it exists here and in no clone, so this home ships complete and every checkout of it does not. Commit the file or drop the manifest entry
FAIL: runtime manifest names a file git does not track: tools/test_guard_events.py -- it exists here and in no clone, so this home ships complete and every checkout of it does not. Commit the file or drop the manifest entry
FAIL: runtime manifest names a file git does not track: tools/test_guard_hostile_matrix.py -- it exists here and in no clone, so this home ships complete and every checkout of it does not. Commit the file or drop the manifest entry
FAIL: runtime manifest names a file git does not track: tools/test_native_host_guard.py -- it exists here and in no clone, so this home ships complete and every checkout of it does not. Commit the file or drop the manifest entry
FAIL: runtime manifest names a file git does not track: tools/test_opencode_adapter.py -- it exists here and in no clone, so this home ships complete and every checkout of it does not. Commit the file or drop the manifest entry
FAIL: runtime manifest names a file git does not track: tools/test_opencode_bound_launch_smoke.py -- it exists here and in no clone, so this home ships complete and every checkout of it does not. Commit the file or drop the manifest entry
FAIL: runtime manifest names a file git does not track: tools/test_opencode_host_smoke.py -- it exists here and in no clone, so this home ships complete and every checkout of it does not. Commit the file or drop the manifest entry
FAIL: runtime manifest names a file git does not track: tools/test_opencode_launch_binding.py -- it exists here and in no clone, so this home ships complete and every checkout of it does not. Commit the file or drop the manifest entry
FAIL: runtime manifest names a file git does not track: tools/test_opencode_live_evaluator.py -- it exists here and in no clone, so this home ships complete and every checkout of it does not. Commit the file or drop the manifest entry
FAIL: runtime manifest names a file git does not track: tools/test_opencode_live_session.py -- it exists here and in no clone, so this home ships complete and every checkout of it does not. Commit the file or drop the manifest entry
FAIL: runtime manifest names a file git does not track: tools/test_runtime_bootstrap.py -- it exists here and in no clone, so this home ships complete and every checkout of it does not. Commit the file or drop the manifest entry
FAIL: runtime manifest names a file git does not track: tools/test_search_transport.py -- it exists here and in no clone, so this home ships complete and every checkout of it does not. Commit the file or drop the manifest entry
FAIL: runtime manifest names a file git does not track: tools/test_unknown_tool_fail_closed.py -- it exists here and in no clone, so this home ships complete and every checkout of it does not. Commit the file or drop the manifest entry
FAIL: runtime manifest names a file git does not track: extensions/adapters/opencode/saipen-guard.js -- it exists here and in no clone, so this home ships complete and every checkout of it does not. Commit the file or drop the manifest entry
FAIL: runtime manifest names a file git does not track: extensions/adapters/registry.json -- it exists here and in no clone, so this home ships complete and every checkout of it does not. Commit the file or drop the manifest entry
PASS: adapter cross-references valid (checking saipen/ paths in all 10 adapters)
PASS: no adapter or injector treats RFC.md as normative (13 checked, RFC stub is redirect-only)
PASS: 32 locale README badge(s) match VERSION (8.0.1)
PASS: shortcut callouts aligned across 32 locale sources, 3 mirrors, 33 locale guides, and both root entry docs
PASS: append targets end on a line boundary (41 checked)
PASS: lint parity [T-628] -- harness.md and validate.yml agree on `python -m ruff check tools/ tests/` with ruff==0.16.0
FAIL: cross-doc drift [root-file-set] -- file(s) at the repository root that the closed set does not name: ['T-1318']. Both orphans removed alongside this check arrived that way, on a `git add -A` in a commit about something else, and neither was referenced by any document or tool -- so no other check here could ever see them. A deliberate new root file is a one-line addition to ROOT_ALLOWED in tools/validate.py; a scratch file belongs in .gitignore, which this check honours
FAIL: coverage gap -- 3 shipped document(s) are read by no check and declared exempt by none: KNOWLEDGE/HANDOFF-fastprompter-detached-launch-carrier.md, RECOVER_ROADMAP/SAIPEN_WHERE_TO_LOOK_FURTHER1.md, saipen/ACTIVATION_BLOCK.md. Put each under a check or add it to EXEMPT with a reason
PASS: release ledger has no unexpected divergence (9 historical exception(s) verified)
PASS: warn slug ownership verified for 4 tracked slug(s)
PASS: Golden Default palette integrity verified (21 Wintage tokens, sha256:271ba26cd75948e8)
WARN [saipen-version-major]: STATE.md saipen_version is 7 but saipen_home is at major 8 -- this state was written against a different protocol generation, and every rule below is being applied to it regardless
WARN [board-soft-cap]: BOARD.md is 100 KB (soft cap ~16 KB), of which 53 KB is closed-ticket text -- that content already lives in LOG.md/CHANGELOG.md, so scrub ## DONE at the next CLEAN (RFC § 1.2, phases/clean.md step 1)
WARN [goal-reauth-untripped]: a `DEC: goal reauthorized` line clears goal_waves 0 and goal_tickets 3, both under § 2.4's 3/20 caps -- the valve had not tripped, so nothing needed re-authorizing and the reset granted a fresh budget instead (RFC § 2.4 Entry)
WARN [log-missing-date]: 125 sealed LOG entr(y/ies) predate the mandatory DATE (earliest .saipen/logs/LOG-001.md:3). Immutable by append-only; new entries are FAILed instead
WARN [log-soft-cap]: .saipen/LOG.md is 1134 lines / 469 KB, past the ~300 line / ~64 KB soft cap -- seal it into .saipen/logs/LOG-<NNN>.md at the next checkpoint (RFC § 1.2, phases/clean.md)
WARN [producer-package-stale]: .saipen/extensions/subs/saitranslate/kitchen/OUTBOX.md [SAIT-030] carries source_tree_fingerprint 'git-delta-v1:c53b5d85ed1b470590003e1d5c2b0f531fd55a6d730f3c20bcdf1b01b4d1025a' but the current tree computes 'git-delta-v1:a07e951e0dd105f23e45f955b3149cec87aa5c04d66941007257b90b33672ec8' -- the tree changed since the package was produced (same HEAD or not), so it is stale and MUST NOT be collected (PROTOCOL.md § 6, T-543) -- reported under `--gate core`, where this producer is not being consumed; it FAILs under `--gate collect:saitranslate` and blocks nothing else
WARN [producer-package-stale]: .saipen/extensions/subs/saiwiki/kitchen/OUTBOX.md [W-046] carries source_tree_fingerprint 'git-delta-v1:c53b5d85ed1b470590003e1d5c2b0f531fd55a6d730f3c20bcdf1b01b4d1025a' but the current tree computes 'git-delta-v1:a07e951e0dd105f23e45f955b3149cec87aa5c04d66941007257b90b33672ec8' -- the tree changed since the package was produced (same HEAD or not), so it is stale and MUST NOT be collected (PROTOCOL.md § 6, T-543) -- reported under `--gate core`, where this producer is not being consumed; it FAILs under `--gate collect:saiwiki` and blocks nothing else
WARN [producer-package-stale]: ... and 1 more like the above
WARN [subsaipen-uncollected]: 2 subSaipen OUTBOX entr(y/ies) sit at `status: ready` -- that is a finding waiting on `saipen sub collect`, visible only when someone runs it (extensions/subs/PROTOCOL.md § 4)
WARN [cross-doc-drift]: cross-doc drift [ahead-stamp-repair] -- CORE.md must say a future-stamped LOG line is restamped to a defensible bound with a DEC naming the original, the replacement, and that the minute is inherited rather than measured. Without it the only sanctioned response is waiting, which keeps a false record and reds every gate until the clock catches up
WARN [cross-doc-drift]: cross-doc drift [shortcut-memory-ban] -- BOOT.md step 7 must order § 1.10's table read before acting on a shortcut and explicitly state that memory is never a source for it. An agent that believes it knows what a key means answers from recall rather than reading the file
WARN [cross-doc-drift]: ... and 13 more like the above
WARN [changelog-unarchived]: CHANGELOG.md carries 55 version entries while it states it keeps the most recent ~10 -- the overflow belongs in CHANGELOG_ARCHIVE.md, moved verbatim the way LOG segments are sealed, so the top of the file stays the part anyone actually reads
Validation FAILED: 50 problem(s), 25 warning(s)
